#
# There is insufficient memory for the Java Runtime Environment to continue.
# Native memory allocation (malloc) failed to allocate 1217456 bytes for Chunk::new
# Possible reasons:
#   The system is out of physical RAM or swap space
#   The process is running with CompressedOops enabled, and the Java Heap may be blocking the growth of the native heap
# Possible solutions:
#   Reduce memory load on the system
#   Increase physical memory or swap space
#   Check if swap backing store is full
#   Decrease Java heap size (-Xmx/-Xms)
#   Decrease number of Java threads
#   Decrease Java thread stack sizes (-Xss)
#   Set larger code cache with -XX:ReservedCodeCacheSize=
#   JVM is running with Zero Based Compressed Oops mode in which the Java heap is
#     placed in the first 32GB address space. The Java Heap base address is the
#     maximum limit for the native heap growth. Please use -XX:HeapBaseMinAddress
#     to set the Java Heap base and to place the Java Heap above 32GB virtual address.
# This output file may be truncated or incomplete.
#
#  Out of Memory Error (arena.cpp:168), pid=16576, tid=11200
#
# JRE version: Java(TM) SE Runtime Environment (21.0.1+12) (build 21.0.1+12-LTS-29)
# Java VM: Java HotSpot(TM) 64-Bit Server VM (21.0.1+12-LTS-29, mixed mode, sharing, tiered, compressed oops, compressed class ptrs, g1 gc, windows-amd64)
# No core dump will be written. Minidumps are not enabled by default on client versions of Windows
#

---------------  S U M M A R Y ------------

Command Line: com.mproduits.MproduitsApplication

Host: 12th Gen Intel(R) Core(TM) i7-1265U, 12 cores, 15G,  Windows 11 , 64 bit Build 22621 (10.0.22621.5415)
Time: Tue Jul  1 11:22:06 2025 W. Central Africa Standard Time elapsed time: 98.167177 seconds (0d 0h 1m 38s)

---------------  T H R E A D  ---------------

Current thread (0x0000017ad5444ab0):  JavaThread "C2 CompilerThread0" daemon [_thread_in_native, id=11200, stack(0x0000000e64d00000,0x0000000e64e00000) (1024K)]


Current CompileTask:
C2:  98167 17566       4       org.springframework.beans.PropertyEditorRegistrySupport::createDefaultEditors (962 bytes)

Stack: [0x0000000e64d00000,0x0000000e64e00000]
Native frames: (J=compiled Java code, j=interpreted, Vv=VM code, C=native code)
V  [jvm.dll+0x6c9029]
V  [jvm.dll+0x854b81]
V  [jvm.dll+0x856e5e]
V  [jvm.dll+0x857543]
V  [jvm.dll+0x280c06]
V  [jvm.dll+0xc3ead]
V  [jvm.dll+0xc43c3]
V  [jvm.dll+0x3b5732]
V  [jvm.dll+0x1e1ec3]
V  [jvm.dll+0x249c22]
V  [jvm.dll+0x2490b1]
V  [jvm.dll+0x1c9ca1]
V  [jvm.dll+0x2586b9]
V  [jvm.dll+0x256c9a]
V  [jvm.dll+0x3ef1b6]
V  [jvm.dll+0x7fd728]
V  [jvm.dll+0x6c777d]
C  [ucrtbase.dll+0x29333]
C  [KERNEL32.DLL+0x1259d]
C  [ntdll.dll+0x5af78]


---------------  P R O C E S S  ---------------

Threads class SMR info:
_java_thread_list=0x0000017b1ee52870, length=36, elements={
0x0000017ad5432970, 0x0000017ad5433890, 0x0000017ad5435660, 0x0000017ad54384e0,
0x0000017ad5438f40, 0x0000017ad5441d10, 0x0000017ad5444ab0, 0x0000017ad5447d10,
0x0000017ad56d5fd0, 0x0000017ad56d6800, 0x0000017b1de49610, 0x0000017b1f2410a0,
0x0000017b1f07a5b0, 0x0000017b1f055eb0, 0x0000017b1e6f0120, 0x0000017b25972b50,
0x0000017b259752b0, 0x0000017b25975fd0, 0x0000017b25975940, 0x0000017b259731e0,
0x0000017b25974590, 0x0000017b25976660, 0x0000017b25976cf0, 0x0000017b25973f00,
0x0000017b25977380, 0x0000017b25970a80, 0x0000017b259724c0, 0x0000017b259703f0,
0x0000017b25977a10, 0x0000017b25971110, 0x0000017b259717a0, 0x0000017b25971e30,
0x0000017b25973870, 0x0000017b1cbcfc90, 0x0000017b1cbcf600, 0x0000017b1cbcc810
}

Java Threads: ( => current thread )
  0x0000017ad5432970 JavaThread "Reference Handler"          daemon [_thread_blocked, id=14828, stack(0x0000000e64700000,0x0000000e64800000) (1024K)]
  0x0000017ad5433890 JavaThread "Finalizer"                  daemon [_thread_blocked, id=14776, stack(0x0000000e64800000,0x0000000e64900000) (1024K)]
  0x0000017ad5435660 JavaThread "Signal Dispatcher"          daemon [_thread_blocked, id=3556, stack(0x0000000e64900000,0x0000000e64a00000) (1024K)]
  0x0000017ad54384e0 JavaThread "Attach Listener"            daemon [_thread_blocked, id=12804, stack(0x0000000e64a00000,0x0000000e64b00000) (1024K)]
  0x0000017ad5438f40 JavaThread "Service Thread"             daemon [_thread_blocked, id=19564, stack(0x0000000e64b00000,0x0000000e64c00000) (1024K)]
  0x0000017ad5441d10 JavaThread "Monitor Deflation Thread"   daemon [_thread_blocked, id=17320, stack(0x0000000e64c00000,0x0000000e64d00000) (1024K)]
=>0x0000017ad5444ab0 JavaThread "C2 CompilerThread0"         daemon [_thread_in_native, id=11200, stack(0x0000000e64d00000,0x0000000e64e00000) (1024K)]
  0x0000017ad5447d10 JavaThread "C1 CompilerThread0"         daemon [_thread_blocked, id=18936, stack(0x0000000e64e00000,0x0000000e64f00000) (1024K)]
  0x0000017ad56d5fd0 JavaThread "Notification Thread"        daemon [_thread_blocked, id=20440, stack(0x0000000e64f00000,0x0000000e65000000) (1024K)]
  0x0000017ad56d6800 JavaThread "Common-Cleaner"             daemon [_thread_blocked, id=4644, stack(0x0000000e65000000,0x0000000e65100000) (1024K)]
  0x0000017b1de49610 JavaThread "Catalina-utility-1"                [_thread_blocked, id=15156, stack(0x0000000e66000000,0x0000000e66100000) (1024K)]
  0x0000017b1f2410a0 JavaThread "Catalina-utility-2"                [_thread_blocked, id=21556, stack(0x0000000e66100000,0x0000000e66200000) (1024K)]
  0x0000017b1f07a5b0 JavaThread "container-0"                       [_thread_blocked, id=16524, stack(0x0000000e66200000,0x0000000e66300000) (1024K)]
  0x0000017b1f055eb0 JavaThread "mysql-cj-abandoned-connection-cleanup" daemon [_thread_blocked, id=15440, stack(0x0000000e66300000,0x0000000e66400000) (1024K)]
  0x0000017b1e6f0120 JavaThread "HikariPool-1 housekeeper"   daemon [_thread_blocked, id=3320, stack(0x0000000e66400000,0x0000000e66500000) (1024K)]
  0x0000017b25972b50 JavaThread "spectator-gauge-polling-0"  daemon [_thread_blocked, id=17808, stack(0x0000000e66600000,0x0000000e66700000) (1024K)]
  0x0000017b259752b0 JavaThread "AsyncResolver-bootstrap-%d" daemon [_thread_blocked, id=17380, stack(0x0000000e66700000,0x0000000e66800000) (1024K)]
  0x0000017b25975fd0 JavaThread "AsyncReporter{ZipkinRestTemplateSender{http://localhost:9411/api/v2/spans}}" daemon [_thread_in_native, id=6452, stack(0x0000000e66800000,0x0000000e66900000) (1024K)]
  0x0000017b25975940 JavaThread "DiscoveryClient-%d"         daemon [_thread_blocked, id=12376, stack(0x0000000e66900000,0x0000000e66a00000) (1024K)]
  0x0000017b259731e0 JavaThread "DiscoveryClient-%d"         daemon [_thread_blocked, id=7216, stack(0x0000000e66a00000,0x0000000e66b00000) (1024K)]
  0x0000017b25974590 JavaThread "DiscoveryClient-InstanceInfoReplicator-%d" daemon [_thread_blocked, id=19824, stack(0x0000000e66b00000,0x0000000e66c00000) (1024K)]
  0x0000017b25976660 JavaThread "http-nio-9001-exec-1"       daemon [_thread_blocked, id=1460, stack(0x0000000e66c00000,0x0000000e66d00000) (1024K)]
  0x0000017b25976cf0 JavaThread "http-nio-9001-exec-2"       daemon [_thread_blocked, id=15712, stack(0x0000000e66d00000,0x0000000e66e00000) (1024K)]
  0x0000017b25973f00 JavaThread "http-nio-9001-exec-3"       daemon [_thread_blocked, id=11812, stack(0x0000000e66e00000,0x0000000e66f00000) (1024K)]
  0x0000017b25977380 JavaThread "http-nio-9001-exec-4"       daemon [_thread_blocked, id=22464, stack(0x0000000e66f00000,0x0000000e67000000) (1024K)]
  0x0000017b25970a80 JavaThread "http-nio-9001-exec-5"       daemon [_thread_blocked, id=17488, stack(0x0000000e67000000,0x0000000e67100000) (1024K)]
  0x0000017b259724c0 JavaThread "http-nio-9001-exec-6"       daemon [_thread_blocked, id=15324, stack(0x0000000e67100000,0x0000000e67200000) (1024K)]
  0x0000017b259703f0 JavaThread "http-nio-9001-exec-7"       daemon [_thread_blocked, id=18604, stack(0x0000000e67200000,0x0000000e67300000) (1024K)]
  0x0000017b25977a10 JavaThread "http-nio-9001-exec-8"       daemon [_thread_blocked, id=20088, stack(0x0000000e67300000,0x0000000e67400000) (1024K)]
  0x0000017b25971110 JavaThread "http-nio-9001-exec-9"       daemon [_thread_blocked, id=7080, stack(0x0000000e67400000,0x0000000e67500000) (1024K)]
  0x0000017b259717a0 JavaThread "http-nio-9001-exec-10"      daemon [_thread_blocked, id=4268, stack(0x0000000e67500000,0x0000000e67600000) (1024K)]
  0x0000017b25971e30 JavaThread "http-nio-9001-Poller"       daemon [_thread_in_native, id=21476, stack(0x0000000e67600000,0x0000000e67700000) (1024K)]
  0x0000017b25973870 JavaThread "http-nio-9001-Acceptor"     daemon [_thread_in_native, id=17016, stack(0x0000000e67700000,0x0000000e67800000) (1024K)]
  0x0000017b1cbcfc90 JavaThread "DestroyJavaVM"                     [_thread_blocked, id=19208, stack(0x0000000e63f00000,0x0000000e64000000) (1024K)]
  0x0000017b1cbcf600 JavaThread "DiscoveryClient-HeartbeatExecutor-%d" daemon [_thread_blocked, id=15256, stack(0x0000000e67800000,0x0000000e67900000) (1024K)]
  0x0000017b1cbcc810 JavaThread "DiscoveryClient-CacheRefreshExecutor-%d" daemon [_thread_blocked, id=17280, stack(0x0000000e67900000,0x0000000e67a00000) (1024K)]
Total: 36

Other Threads:
  0x0000017ad5414a30 VMThread "VM Thread"                           [id=12752, stack(0x0000000e64600000,0x0000000e64700000) (1024K)]
  0x0000017ad53fe100 WatcherThread "VM Periodic Task Thread"        [id=21240, stack(0x0000000e64500000,0x0000000e64600000) (1024K)]
  0x0000017ab602c9f0 WorkerThread "GC Thread#0"                     [id=16148, stack(0x0000000e64000000,0x0000000e64100000) (1024K)]
  0x0000017b1b588d70 WorkerThread "GC Thread#1"                     [id=20816, stack(0x0000000e65200000,0x0000000e65300000) (1024K)]
  0x0000017b1b6fc840 WorkerThread "GC Thread#2"                     [id=18192, stack(0x0000000e65300000,0x0000000e65400000) (1024K)]
  0x0000017b1b6fcbe0 WorkerThread "GC Thread#3"                     [id=16564, stack(0x0000000e65400000,0x0000000e65500000) (1024K)]
  0x0000017b1ba5b370 WorkerThread "GC Thread#4"                     [id=19672, stack(0x0000000e65500000,0x0000000e65600000) (1024K)]
  0x0000017b1ba5b710 WorkerThread "GC Thread#5"                     [id=14840, stack(0x0000000e65600000,0x0000000e65700000) (1024K)]
  0x0000017b1b6eac30 WorkerThread "GC Thread#6"                     [id=15112, stack(0x0000000e65800000,0x0000000e65900000) (1024K)]
  0x0000017b1c34bf90 WorkerThread "GC Thread#7"                     [id=20436, stack(0x0000000e65c00000,0x0000000e65d00000) (1024K)]
  0x0000017b1cdaf490 WorkerThread "GC Thread#8"                     [id=15524, stack(0x0000000e65d00000,0x0000000e65e00000) (1024K)]
  0x0000017b1d4989c0 WorkerThread "GC Thread#9"                     [id=14472, stack(0x0000000e65e00000,0x0000000e65f00000) (1024K)]
  0x0000017ab603d420 ConcurrentGCThread "G1 Main Marker"            [id=18960, stack(0x0000000e64100000,0x0000000e64200000) (1024K)]
  0x0000017ab603df20 WorkerThread "G1 Conc#0"                       [id=8280, stack(0x0000000e64200000,0x0000000e64300000) (1024K)]
  0x0000017b1d498620 WorkerThread "G1 Conc#1"                       [id=17260, stack(0x0000000e65900000,0x0000000e65a00000) (1024K)]
  0x0000017b1d498d60 WorkerThread "G1 Conc#2"                       [id=5984, stack(0x0000000e65a00000,0x0000000e65b00000) (1024K)]
  0x0000017ad52d17e0 ConcurrentGCThread "G1 Refine#0"               [id=22520, stack(0x0000000e64300000,0x0000000e64400000) (1024K)]
  0x0000017ad52d2760 ConcurrentGCThread "G1 Service"                [id=21124, stack(0x0000000e64400000,0x0000000e64500000) (1024K)]
Total: 18

Threads with active compile tasks:
C2 CompilerThread0    98178 17566       4       org.springframework.beans.PropertyEditorRegistrySupport::createDefaultEditors (962 bytes)
Total: 1

VM state: not at safepoint (normal execution)

VM Mutex/Monitor currently owned by a thread: None

Heap address: 0x0000000705a00000, size: 4006 MB, Compressed Oops mode: Zero based, Oop shift amount: 3

CDS archive(s) mapped at: [0x0000017ad6000000-0x0000017ad6c90000-0x0000017ad6c90000), size 13172736, SharedBaseAddress: 0x0000017ad6000000, ArchiveRelocationMode: 1.
Compressed class space mapped at: 0x0000017ad7000000-0x0000017b17000000, reserved size: 1073741824
Narrow klass base: 0x0000017ad6000000, Narrow klass shift: 0, Narrow klass range: 0x100000000

GC Precious Log:
 CardTable entry size: 512
 Card Set container configuration: InlinePtr #cards 4 size 8 Array Of Cards #cards 16 size 48 Howl #buckets 8 coarsen threshold 3686 Howl Bitmap #cards 512 size 80 coarsen threshold 460 Card regions per heap region 1 cards per card region 4096
 CPUs: 12 total, 12 available
 Memory: 16016M
 Large Page Support: Disabled
 NUMA Support: Disabled
 Compressed Oops: Enabled (Zero based)
 Heap Region Size: 2M
 Heap Min Capacity: 8M
 Heap Initial Capacity: 252M
 Heap Max Capacity: 4006M
 Pre-touch: Disabled
 Parallel Workers: 10
 Concurrent Workers: 3
 Concurrent Refinement Workers: 10
 Periodic GC: Disabled

Heap:
 garbage-first heap   total 512000K, used 224735K [0x0000000705a00000, 0x0000000800000000)
  region size 2048K, 68 young (139264K), 9 survivors (18432K)
 Metaspace       used 106057K, committed 107136K, reserved 1179648K
  class space    used 13870K, committed 14400K, reserved 1048576K

Heap Regions: E=young(eden), S=young(survivor), O=old, HS=humongous(starts), HC=humongous(continues), CS=collection set, F=free, TAMS=top-at-mark-start, PB=parsable bottom
|   0|0x0000000705a00000, 0x0000000705c00000, 0x0000000705c00000|100%| O|  |TAMS 0x0000000705a00000| PB 0x0000000705a00000| Untracked 
|   1|0x0000000705c00000, 0x0000000705e00000, 0x0000000705e00000|100%| O|  |TAMS 0x0000000705c00000| PB 0x0000000705c00000| Untracked 
|   2|0x0000000705e00000, 0x0000000706000000, 0x0000000706000000|100%| O|  |TAMS 0x0000000705e00000| PB 0x0000000705e00000| Untracked 
|   3|0x0000000706000000, 0x0000000706200000, 0x0000000706200000|100%| O|  |TAMS 0x0000000706000000| PB 0x0000000706000000| Untracked 
|   4|0x0000000706200000, 0x0000000706400000, 0x0000000706400000|100%| O|  |TAMS 0x0000000706200000| PB 0x0000000706200000| Untracked 
|   5|0x0000000706400000, 0x0000000706600000, 0x0000000706600000|100%| O|  |TAMS 0x0000000706400000| PB 0x0000000706400000| Untracked 
|   6|0x0000000706600000, 0x0000000706800000, 0x0000000706800000|100%| O|  |TAMS 0x0000000706600000| PB 0x0000000706600000| Untracked 
|   7|0x0000000706800000, 0x0000000706a00000, 0x0000000706a00000|100%| O|  |TAMS 0x0000000706800000| PB 0x0000000706800000| Untracked 
|   8|0x0000000706a00000, 0x0000000706c00000, 0x0000000706c00000|100%| O|  |TAMS 0x0000000706a00000| PB 0x0000000706a00000| Untracked 
|   9|0x0000000706c00000, 0x0000000706e00000, 0x0000000706e00000|100%| O|  |TAMS 0x0000000706c00000| PB 0x0000000706c00000| Untracked 
|  10|0x0000000706e00000, 0x0000000707000000, 0x0000000707000000|100%| O|  |TAMS 0x0000000706e00000| PB 0x0000000706e00000| Untracked 
|  11|0x0000000707000000, 0x0000000707200000, 0x0000000707200000|100%| O|  |TAMS 0x0000000707000000| PB 0x0000000707000000| Untracked 
|  12|0x0000000707200000, 0x0000000707400000, 0x0000000707400000|100%| O|  |TAMS 0x0000000707200000| PB 0x0000000707200000| Untracked 
|  13|0x0000000707400000, 0x0000000707600000, 0x0000000707600000|100%| O|  |TAMS 0x0000000707400000| PB 0x0000000707400000| Untracked 
|  14|0x0000000707600000, 0x0000000707800000, 0x0000000707800000|100%| O|  |TAMS 0x0000000707600000| PB 0x0000000707600000| Untracked 
|  15|0x0000000707800000, 0x00000007078a61a0, 0x0000000707a00000| 32%| O|  |TAMS 0x0000000707800000| PB 0x0000000707800000| Untracked 
|  16|0x0000000707a00000, 0x0000000707c00000, 0x0000000707c00000|100%| O|  |TAMS 0x0000000707a00000| PB 0x0000000707a00000| Untracked 
|  17|0x0000000707c00000, 0x0000000707e00000, 0x0000000707e00000|100%| O|  |TAMS 0x0000000707c00000| PB 0x0000000707c00000| Untracked 
|  18|0x0000000707e00000, 0x0000000708000000, 0x0000000708000000|100%| O|  |TAMS 0x0000000707e00000| PB 0x0000000707e00000| Untracked 
|  19|0x0000000708000000, 0x0000000708200000, 0x0000000708200000|100%| O|  |TAMS 0x0000000708000000| PB 0x0000000708000000| Untracked 
|  20|0x0000000708200000, 0x0000000708400000, 0x0000000708400000|100%| O|  |TAMS 0x0000000708200000| PB 0x0000000708200000| Untracked 
|  21|0x0000000708400000, 0x0000000708600000, 0x0000000708600000|100%| O|  |TAMS 0x0000000708400000| PB 0x0000000708400000| Untracked 
|  22|0x0000000708600000, 0x0000000708800000, 0x0000000708800000|100%| O|  |TAMS 0x0000000708600000| PB 0x0000000708600000| Untracked 
|  23|0x0000000708800000, 0x0000000708a00000, 0x0000000708a00000|100%| O|  |TAMS 0x0000000708800000| PB 0x0000000708800000| Untracked 
|  24|0x0000000708a00000, 0x0000000708c00000, 0x0000000708c00000|100%| O|  |TAMS 0x0000000708a00000| PB 0x0000000708a00000| Untracked 
|  25|0x0000000708c00000, 0x0000000708e00000, 0x0000000708e00000|100%| O|  |TAMS 0x0000000708c00000| PB 0x0000000708c00000| Untracked 
|  26|0x0000000708e00000, 0x0000000709000000, 0x0000000709000000|100%| O|  |TAMS 0x0000000708e00000| PB 0x0000000708e00000| Untracked 
|  27|0x0000000709000000, 0x0000000709200000, 0x0000000709200000|100%| O|  |TAMS 0x0000000709000000| PB 0x0000000709000000| Untracked 
|  28|0x0000000709200000, 0x0000000709400000, 0x0000000709400000|100%| O|  |TAMS 0x0000000709200000| PB 0x0000000709200000| Untracked 
|  29|0x0000000709400000, 0x0000000709400000, 0x0000000709600000|  0%| F|  |TAMS 0x0000000709400000| PB 0x0000000709400000| Untracked 
|  30|0x0000000709600000, 0x0000000709800000, 0x0000000709800000|100%| O|  |TAMS 0x0000000709600000| PB 0x0000000709600000| Untracked 
|  31|0x0000000709800000, 0x0000000709a00000, 0x0000000709a00000|100%| O|  |TAMS 0x0000000709800000| PB 0x0000000709800000| Untracked 
|  32|0x0000000709a00000, 0x0000000709a00000, 0x0000000709c00000|  0%| F|  |TAMS 0x0000000709a00000| PB 0x0000000709a00000| Untracked 
|  33|0x0000000709c00000, 0x0000000709c00000, 0x0000000709e00000|  0%| F|  |TAMS 0x0000000709c00000| PB 0x0000000709c00000| Untracked 
|  34|0x0000000709e00000, 0x000000070a000000, 0x000000070a000000|100%| O|  |TAMS 0x0000000709e00000| PB 0x0000000709e00000| Untracked 
|  35|0x000000070a000000, 0x000000070a000000, 0x000000070a200000|  0%| F|  |TAMS 0x000000070a000000| PB 0x000000070a000000| Untracked 
|  36|0x000000070a200000, 0x000000070a200000, 0x000000070a400000|  0%| F|  |TAMS 0x000000070a200000| PB 0x000000070a200000| Untracked 
|  37|0x000000070a400000, 0x000000070a400000, 0x000000070a600000|  0%| F|  |TAMS 0x000000070a400000| PB 0x000000070a400000| Untracked 
|  38|0x000000070a600000, 0x000000070a800000, 0x000000070a800000|100%| O|  |TAMS 0x000000070a600000| PB 0x000000070a600000| Untracked 
|  39|0x000000070a800000, 0x000000070aa00000, 0x000000070aa00000|100%| O|  |TAMS 0x000000070a800000| PB 0x000000070a800000| Untracked 
|  40|0x000000070aa00000, 0x000000070aa00000, 0x000000070ac00000|  0%| F|  |TAMS 0x000000070aa00000| PB 0x000000070aa00000| Untracked 
|  41|0x000000070ac00000, 0x000000070ae00000, 0x000000070ae00000|100%| O|  |TAMS 0x000000070ac00000| PB 0x000000070ac00000| Untracked 
|  42|0x000000070ae00000, 0x000000070ae00000, 0x000000070b000000|  0%| F|  |TAMS 0x000000070ae00000| PB 0x000000070ae00000| Untracked 
|  43|0x000000070b000000, 0x000000070b200000, 0x000000070b200000|100%| O|  |TAMS 0x000000070b000000| PB 0x000000070b000000| Untracked 
|  44|0x000000070b200000, 0x000000070b200000, 0x000000070b400000|  0%| F|  |TAMS 0x000000070b200000| PB 0x000000070b200000| Untracked 
|  45|0x000000070b400000, 0x000000070b400000, 0x000000070b600000|  0%| F|  |TAMS 0x000000070b400000| PB 0x000000070b400000| Untracked 
|  46|0x000000070b600000, 0x000000070b600000, 0x000000070b800000|  0%| F|  |TAMS 0x000000070b600000| PB 0x000000070b600000| Untracked 
|  47|0x000000070b800000, 0x000000070b800000, 0x000000070ba00000|  0%| F|  |TAMS 0x000000070b800000| PB 0x000000070b800000| Untracked 
|  48|0x000000070ba00000, 0x000000070ba00000, 0x000000070bc00000|  0%| F|  |TAMS 0x000000070ba00000| PB 0x000000070ba00000| Untracked 
|  49|0x000000070bc00000, 0x000000070be00000, 0x000000070be00000|100%| O|  |TAMS 0x000000070bc00000| PB 0x000000070bc00000| Untracked 
|  50|0x000000070be00000, 0x000000070be00000, 0x000000070c000000|  0%| F|  |TAMS 0x000000070be00000| PB 0x000000070be00000| Untracked 
|  51|0x000000070c000000, 0x000000070c000000, 0x000000070c200000|  0%| F|  |TAMS 0x000000070c000000| PB 0x000000070c000000| Untracked 
|  52|0x000000070c200000, 0x000000070c200000, 0x000000070c400000|  0%| F|  |TAMS 0x000000070c200000| PB 0x000000070c200000| Untracked 
|  53|0x000000070c400000, 0x000000070c400000, 0x000000070c600000|  0%| F|  |TAMS 0x000000070c400000| PB 0x000000070c400000| Untracked 
|  54|0x000000070c600000, 0x000000070c600000, 0x000000070c800000|  0%| F|  |TAMS 0x000000070c600000| PB 0x000000070c600000| Untracked 
|  55|0x000000070c800000, 0x000000070c800000, 0x000000070ca00000|  0%| F|  |TAMS 0x000000070c800000| PB 0x000000070c800000| Untracked 
|  56|0x000000070ca00000, 0x000000070ca00000, 0x000000070cc00000|  0%| F|  |TAMS 0x000000070ca00000| PB 0x000000070ca00000| Untracked 
|  57|0x000000070cc00000, 0x000000070cc00000, 0x000000070ce00000|  0%| F|  |TAMS 0x000000070cc00000| PB 0x000000070cc00000| Untracked 
|  58|0x000000070ce00000, 0x000000070ce00000, 0x000000070d000000|  0%| F|  |TAMS 0x000000070ce00000| PB 0x000000070ce00000| Untracked 
|  59|0x000000070d000000, 0x000000070d000000, 0x000000070d200000|  0%| F|  |TAMS 0x000000070d000000| PB 0x000000070d000000| Untracked 
|  60|0x000000070d200000, 0x000000070d200000, 0x000000070d400000|  0%| F|  |TAMS 0x000000070d200000| PB 0x000000070d200000| Untracked 
|  61|0x000000070d400000, 0x000000070d400000, 0x000000070d600000|  0%| F|  |TAMS 0x000000070d400000| PB 0x000000070d400000| Untracked 
|  62|0x000000070d600000, 0x000000070d800000, 0x000000070d800000|100%| O|  |TAMS 0x000000070d600000| PB 0x000000070d600000| Untracked 
|  63|0x000000070d800000, 0x000000070d800000, 0x000000070da00000|  0%| F|  |TAMS 0x000000070d800000| PB 0x000000070d800000| Untracked 
|  64|0x000000070da00000, 0x000000070da00000, 0x000000070dc00000|  0%| F|  |TAMS 0x000000070da00000| PB 0x000000070da00000| Untracked 
|  65|0x000000070dc00000, 0x000000070dc00000, 0x000000070de00000|  0%| F|  |TAMS 0x000000070dc00000| PB 0x000000070dc00000| Untracked 
|  66|0x000000070de00000, 0x000000070de00000, 0x000000070e000000|  0%| F|  |TAMS 0x000000070de00000| PB 0x000000070de00000| Untracked 
|  67|0x000000070e000000, 0x000000070e000000, 0x000000070e200000|  0%| F|  |TAMS 0x000000070e000000| PB 0x000000070e000000| Untracked 
|  68|0x000000070e200000, 0x000000070e200000, 0x000000070e400000|  0%| F|  |TAMS 0x000000070e200000| PB 0x000000070e200000| Untracked 
|  69|0x000000070e400000, 0x000000070e400000, 0x000000070e600000|  0%| F|  |TAMS 0x000000070e400000| PB 0x000000070e400000| Untracked 
|  70|0x000000070e600000, 0x000000070e600000, 0x000000070e800000|  0%| F|  |TAMS 0x000000070e600000| PB 0x000000070e600000| Untracked 
|  71|0x000000070e800000, 0x000000070e800000, 0x000000070ea00000|  0%| F|  |TAMS 0x000000070e800000| PB 0x000000070e800000| Untracked 
|  72|0x000000070ea00000, 0x000000070ea00000, 0x000000070ec00000|  0%| F|  |TAMS 0x000000070ea00000| PB 0x000000070ea00000| Untracked 
|  73|0x000000070ec00000, 0x000000070ec00000, 0x000000070ee00000|  0%| F|  |TAMS 0x000000070ec00000| PB 0x000000070ec00000| Untracked 
|  74|0x000000070ee00000, 0x000000070ee00000, 0x000000070f000000|  0%| F|  |TAMS 0x000000070ee00000| PB 0x000000070ee00000| Untracked 
|  75|0x000000070f000000, 0x000000070f000000, 0x000000070f200000|  0%| F|  |TAMS 0x000000070f000000| PB 0x000000070f000000| Untracked 
|  76|0x000000070f200000, 0x000000070f200000, 0x000000070f400000|  0%| F|  |TAMS 0x000000070f200000| PB 0x000000070f200000| Untracked 
|  77|0x000000070f400000, 0x000000070f600000, 0x000000070f600000|100%| O|  |TAMS 0x000000070f400000| PB 0x000000070f400000| Untracked 
|  78|0x000000070f600000, 0x000000070f800000, 0x000000070f800000|100%| O|  |TAMS 0x000000070f600000| PB 0x000000070f600000| Untracked 
|  79|0x000000070f800000, 0x000000070f800000, 0x000000070fa00000|  0%| F|  |TAMS 0x000000070f800000| PB 0x000000070f800000| Untracked 
|  80|0x000000070fa00000, 0x000000070fa00000, 0x000000070fc00000|  0%| F|  |TAMS 0x000000070fa00000| PB 0x000000070fa00000| Untracked 
|  81|0x000000070fc00000, 0x000000070fc00000, 0x000000070fe00000|  0%| F|  |TAMS 0x000000070fc00000| PB 0x000000070fc00000| Untracked 
|  82|0x000000070fe00000, 0x000000070fe00000, 0x0000000710000000|  0%| F|  |TAMS 0x000000070fe00000| PB 0x000000070fe00000| Untracked 
|  83|0x0000000710000000, 0x0000000710000000, 0x0000000710200000|  0%| F|  |TAMS 0x0000000710000000| PB 0x0000000710000000| Untracked 
|  84|0x0000000710200000, 0x0000000710200000, 0x0000000710400000|  0%| F|  |TAMS 0x0000000710200000| PB 0x0000000710200000| Untracked 
|  85|0x0000000710400000, 0x0000000710400000, 0x0000000710600000|  0%| F|  |TAMS 0x0000000710400000| PB 0x0000000710400000| Untracked 
|  86|0x0000000710600000, 0x0000000710600000, 0x0000000710800000|  0%| F|  |TAMS 0x0000000710600000| PB 0x0000000710600000| Untracked 
|  87|0x0000000710800000, 0x0000000710800000, 0x0000000710a00000|  0%| F|  |TAMS 0x0000000710800000| PB 0x0000000710800000| Untracked 
|  88|0x0000000710a00000, 0x0000000710a00000, 0x0000000710c00000|  0%| F|  |TAMS 0x0000000710a00000| PB 0x0000000710a00000| Untracked 
|  89|0x0000000710c00000, 0x0000000710e00000, 0x0000000710e00000|100%| O|  |TAMS 0x0000000710c00000| PB 0x0000000710c00000| Untracked 
|  90|0x0000000710e00000, 0x0000000711000000, 0x0000000711000000|100%| O|  |TAMS 0x0000000710e00000| PB 0x0000000710e00000| Untracked 
|  91|0x0000000711000000, 0x0000000711200000, 0x0000000711200000|100%| O|  |TAMS 0x0000000711000000| PB 0x0000000711000000| Untracked 
|  92|0x0000000711200000, 0x0000000711200000, 0x0000000711400000|  0%| F|  |TAMS 0x0000000711200000| PB 0x0000000711200000| Untracked 
|  93|0x0000000711400000, 0x0000000711400000, 0x0000000711600000|  0%| F|  |TAMS 0x0000000711400000| PB 0x0000000711400000| Untracked 
|  94|0x0000000711600000, 0x0000000711600000, 0x0000000711800000|  0%| F|  |TAMS 0x0000000711600000| PB 0x0000000711600000| Untracked 
|  95|0x0000000711800000, 0x0000000711a00000, 0x0000000711a00000|100%| O|  |TAMS 0x0000000711800000| PB 0x0000000711800000| Untracked 
|  96|0x0000000711a00000, 0x0000000711a00000, 0x0000000711c00000|  0%| F|  |TAMS 0x0000000711a00000| PB 0x0000000711a00000| Untracked 
|  97|0x0000000711c00000, 0x0000000711c00000, 0x0000000711e00000|  0%| F|  |TAMS 0x0000000711c00000| PB 0x0000000711c00000| Untracked 
|  98|0x0000000711e00000, 0x0000000711e00000, 0x0000000712000000|  0%| F|  |TAMS 0x0000000711e00000| PB 0x0000000711e00000| Untracked 
|  99|0x0000000712000000, 0x0000000712000000, 0x0000000712200000|  0%| F|  |TAMS 0x0000000712000000| PB 0x0000000712000000| Untracked 
| 100|0x0000000712200000, 0x0000000712200000, 0x0000000712400000|  0%| F|  |TAMS 0x0000000712200000| PB 0x0000000712200000| Untracked 
| 101|0x0000000712400000, 0x00000007124d1d60, 0x0000000712600000| 40%| S|CS|TAMS 0x0000000712400000| PB 0x0000000712400000| Complete 
| 102|0x0000000712600000, 0x0000000712800000, 0x0000000712800000|100%| S|CS|TAMS 0x0000000712600000| PB 0x0000000712600000| Complete 
| 103|0x0000000712800000, 0x0000000712a00000, 0x0000000712a00000|100%| S|CS|TAMS 0x0000000712800000| PB 0x0000000712800000| Complete 
| 104|0x0000000712a00000, 0x0000000712c00000, 0x0000000712c00000|100%| S|CS|TAMS 0x0000000712a00000| PB 0x0000000712a00000| Complete 
| 105|0x0000000712c00000, 0x0000000712e00000, 0x0000000712e00000|100%| S|CS|TAMS 0x0000000712c00000| PB 0x0000000712c00000| Complete 
| 106|0x0000000712e00000, 0x0000000713000000, 0x0000000713000000|100%| S|CS|TAMS 0x0000000712e00000| PB 0x0000000712e00000| Complete 
| 107|0x0000000713000000, 0x0000000713200000, 0x0000000713200000|100%| S|CS|TAMS 0x0000000713000000| PB 0x0000000713000000| Complete 
| 108|0x0000000713200000, 0x0000000713400000, 0x0000000713400000|100%| S|CS|TAMS 0x0000000713200000| PB 0x0000000713200000| Complete 
| 109|0x0000000713400000, 0x0000000713600000, 0x0000000713600000|100%| S|CS|TAMS 0x0000000713400000| PB 0x0000000713400000| Complete 
| 110|0x0000000713600000, 0x0000000713600000, 0x0000000713800000|  0%| F|  |TAMS 0x0000000713600000| PB 0x0000000713600000| Untracked 
| 111|0x0000000713800000, 0x0000000713800000, 0x0000000713a00000|  0%| F|  |TAMS 0x0000000713800000| PB 0x0000000713800000| Untracked 
| 112|0x0000000713a00000, 0x0000000713a00000, 0x0000000713c00000|  0%| F|  |TAMS 0x0000000713a00000| PB 0x0000000713a00000| Untracked 
| 113|0x0000000713c00000, 0x0000000713c00000, 0x0000000713e00000|  0%| F|  |TAMS 0x0000000713c00000| PB 0x0000000713c00000| Untracked 
| 114|0x0000000713e00000, 0x0000000713e00000, 0x0000000714000000|  0%| F|  |TAMS 0x0000000713e00000| PB 0x0000000713e00000| Untracked 
| 115|0x0000000714000000, 0x0000000714000000, 0x0000000714200000|  0%| F|  |TAMS 0x0000000714000000| PB 0x0000000714000000| Untracked 
| 116|0x0000000714200000, 0x0000000714200000, 0x0000000714400000|  0%| F|  |TAMS 0x0000000714200000| PB 0x0000000714200000| Untracked 
| 117|0x0000000714400000, 0x0000000714400000, 0x0000000714600000|  0%| F|  |TAMS 0x0000000714400000| PB 0x0000000714400000| Untracked 
| 118|0x0000000714600000, 0x0000000714600000, 0x0000000714800000|  0%| F|  |TAMS 0x0000000714600000| PB 0x0000000714600000| Untracked 
| 119|0x0000000714800000, 0x0000000714800000, 0x0000000714a00000|  0%| F|  |TAMS 0x0000000714800000| PB 0x0000000714800000| Untracked 
| 120|0x0000000714a00000, 0x0000000714a00000, 0x0000000714c00000|  0%| F|  |TAMS 0x0000000714a00000| PB 0x0000000714a00000| Untracked 
| 121|0x0000000714c00000, 0x0000000714c00000, 0x0000000714e00000|  0%| F|  |TAMS 0x0000000714c00000| PB 0x0000000714c00000| Untracked 
| 122|0x0000000714e00000, 0x0000000714e00000, 0x0000000715000000|  0%| F|  |TAMS 0x0000000714e00000| PB 0x0000000714e00000| Untracked 
| 123|0x0000000715000000, 0x0000000715000000, 0x0000000715200000|  0%| F|  |TAMS 0x0000000715000000| PB 0x0000000715000000| Untracked 
| 124|0x0000000715200000, 0x0000000715200000, 0x0000000715400000|  0%| F|  |TAMS 0x0000000715200000| PB 0x0000000715200000| Untracked 
| 125|0x0000000715400000, 0x0000000715400000, 0x0000000715600000|  0%| F|  |TAMS 0x0000000715400000| PB 0x0000000715400000| Untracked 
| 126|0x0000000715600000, 0x0000000715600000, 0x0000000715800000|  0%| F|  |TAMS 0x0000000715600000| PB 0x0000000715600000| Untracked 
| 127|0x0000000715800000, 0x0000000715800000, 0x0000000715a00000|  0%| F|  |TAMS 0x0000000715800000| PB 0x0000000715800000| Untracked 
| 128|0x0000000715a00000, 0x0000000715a00000, 0x0000000715c00000|  0%| F|  |TAMS 0x0000000715a00000| PB 0x0000000715a00000| Untracked 
| 129|0x0000000715c00000, 0x0000000715c00000, 0x0000000715e00000|  0%| F|  |TAMS 0x0000000715c00000| PB 0x0000000715c00000| Untracked 
| 130|0x0000000715e00000, 0x0000000715e00000, 0x0000000716000000|  0%| F|  |TAMS 0x0000000715e00000| PB 0x0000000715e00000| Untracked 
| 131|0x0000000716000000, 0x0000000716000000, 0x0000000716200000|  0%| F|  |TAMS 0x0000000716000000| PB 0x0000000716000000| Untracked 
| 132|0x0000000716200000, 0x0000000716200000, 0x0000000716400000|  0%| F|  |TAMS 0x0000000716200000| PB 0x0000000716200000| Untracked 
| 133|0x0000000716400000, 0x0000000716400000, 0x0000000716600000|  0%| F|  |TAMS 0x0000000716400000| PB 0x0000000716400000| Untracked 
| 134|0x0000000716600000, 0x0000000716600000, 0x0000000716800000|  0%| F|  |TAMS 0x0000000716600000| PB 0x0000000716600000| Untracked 
| 135|0x0000000716800000, 0x0000000716800000, 0x0000000716a00000|  0%| F|  |TAMS 0x0000000716800000| PB 0x0000000716800000| Untracked 
| 136|0x0000000716a00000, 0x0000000716a00000, 0x0000000716c00000|  0%| F|  |TAMS 0x0000000716a00000| PB 0x0000000716a00000| Untracked 
| 137|0x0000000716c00000, 0x0000000716c00000, 0x0000000716e00000|  0%| F|  |TAMS 0x0000000716c00000| PB 0x0000000716c00000| Untracked 
| 138|0x0000000716e00000, 0x0000000716e00000, 0x0000000717000000|  0%| F|  |TAMS 0x0000000716e00000| PB 0x0000000716e00000| Untracked 
| 139|0x0000000717000000, 0x0000000717000000, 0x0000000717200000|  0%| F|  |TAMS 0x0000000717000000| PB 0x0000000717000000| Untracked 
| 140|0x0000000717200000, 0x0000000717200000, 0x0000000717400000|  0%| F|  |TAMS 0x0000000717200000| PB 0x0000000717200000| Untracked 
| 141|0x0000000717400000, 0x0000000717400000, 0x0000000717600000|  0%| F|  |TAMS 0x0000000717400000| PB 0x0000000717400000| Untracked 
| 142|0x0000000717600000, 0x0000000717600000, 0x0000000717800000|  0%| F|  |TAMS 0x0000000717600000| PB 0x0000000717600000| Untracked 
| 143|0x0000000717800000, 0x0000000717800000, 0x0000000717a00000|  0%| F|  |TAMS 0x0000000717800000| PB 0x0000000717800000| Untracked 
| 144|0x0000000717a00000, 0x0000000717a00000, 0x0000000717c00000|  0%| F|  |TAMS 0x0000000717a00000| PB 0x0000000717a00000| Untracked 
| 145|0x0000000717c00000, 0x0000000717c00000, 0x0000000717e00000|  0%| F|  |TAMS 0x0000000717c00000| PB 0x0000000717c00000| Untracked 
| 146|0x0000000717e00000, 0x0000000717e00000, 0x0000000718000000|  0%| F|  |TAMS 0x0000000717e00000| PB 0x0000000717e00000| Untracked 
| 147|0x0000000718000000, 0x0000000718000000, 0x0000000718200000|  0%| F|  |TAMS 0x0000000718000000| PB 0x0000000718000000| Untracked 
| 148|0x0000000718200000, 0x0000000718200000, 0x0000000718400000|  0%| F|  |TAMS 0x0000000718200000| PB 0x0000000718200000| Untracked 
| 149|0x0000000718400000, 0x0000000718400000, 0x0000000718600000|  0%| F|  |TAMS 0x0000000718400000| PB 0x0000000718400000| Untracked 
| 150|0x0000000718600000, 0x0000000718600000, 0x0000000718800000|  0%| F|  |TAMS 0x0000000718600000| PB 0x0000000718600000| Untracked 
| 151|0x0000000718800000, 0x0000000718800000, 0x0000000718a00000|  0%| F|  |TAMS 0x0000000718800000| PB 0x0000000718800000| Untracked 
| 152|0x0000000718a00000, 0x0000000718a00000, 0x0000000718c00000|  0%| F|  |TAMS 0x0000000718a00000| PB 0x0000000718a00000| Untracked 
| 153|0x0000000718c00000, 0x0000000718c00000, 0x0000000718e00000|  0%| F|  |TAMS 0x0000000718c00000| PB 0x0000000718c00000| Untracked 
| 154|0x0000000718e00000, 0x0000000718e00000, 0x0000000719000000|  0%| F|  |TAMS 0x0000000718e00000| PB 0x0000000718e00000| Untracked 
| 155|0x0000000719000000, 0x0000000719000000, 0x0000000719200000|  0%| F|  |TAMS 0x0000000719000000| PB 0x0000000719000000| Untracked 
| 156|0x0000000719200000, 0x0000000719200000, 0x0000000719400000|  0%| F|  |TAMS 0x0000000719200000| PB 0x0000000719200000| Untracked 
| 157|0x0000000719400000, 0x0000000719400000, 0x0000000719600000|  0%| F|  |TAMS 0x0000000719400000| PB 0x0000000719400000| Untracked 
| 158|0x0000000719600000, 0x0000000719600000, 0x0000000719800000|  0%| F|  |TAMS 0x0000000719600000| PB 0x0000000719600000| Untracked 
| 159|0x0000000719800000, 0x0000000719800000, 0x0000000719a00000|  0%| F|  |TAMS 0x0000000719800000| PB 0x0000000719800000| Untracked 
| 160|0x0000000719a00000, 0x0000000719a00000, 0x0000000719c00000|  0%| F|  |TAMS 0x0000000719a00000| PB 0x0000000719a00000| Untracked 
| 161|0x0000000719c00000, 0x0000000719c00000, 0x0000000719e00000|  0%| F|  |TAMS 0x0000000719c00000| PB 0x0000000719c00000| Untracked 
| 162|0x0000000719e00000, 0x0000000719e00000, 0x000000071a000000|  0%| F|  |TAMS 0x0000000719e00000| PB 0x0000000719e00000| Untracked 
| 163|0x000000071a000000, 0x000000071a000000, 0x000000071a200000|  0%| F|  |TAMS 0x000000071a000000| PB 0x000000071a000000| Untracked 
| 164|0x000000071a200000, 0x000000071a200000, 0x000000071a400000|  0%| F|  |TAMS 0x000000071a200000| PB 0x000000071a200000| Untracked 
| 165|0x000000071a400000, 0x000000071a400000, 0x000000071a600000|  0%| F|  |TAMS 0x000000071a400000| PB 0x000000071a400000| Untracked 
| 166|0x000000071a600000, 0x000000071a600000, 0x000000071a800000|  0%| F|  |TAMS 0x000000071a600000| PB 0x000000071a600000| Untracked 
| 167|0x000000071a800000, 0x000000071a800000, 0x000000071aa00000|  0%| F|  |TAMS 0x000000071a800000| PB 0x000000071a800000| Untracked 
| 168|0x000000071aa00000, 0x000000071aa00000, 0x000000071ac00000|  0%| F|  |TAMS 0x000000071aa00000| PB 0x000000071aa00000| Untracked 
| 169|0x000000071ac00000, 0x000000071ac00000, 0x000000071ae00000|  0%| F|  |TAMS 0x000000071ac00000| PB 0x000000071ac00000| Untracked 
| 170|0x000000071ae00000, 0x000000071ae00000, 0x000000071b000000|  0%| F|  |TAMS 0x000000071ae00000| PB 0x000000071ae00000| Untracked 
| 171|0x000000071b000000, 0x000000071b000000, 0x000000071b200000|  0%| F|  |TAMS 0x000000071b000000| PB 0x000000071b000000| Untracked 
| 172|0x000000071b200000, 0x000000071b200000, 0x000000071b400000|  0%| F|  |TAMS 0x000000071b200000| PB 0x000000071b200000| Untracked 
| 173|0x000000071b400000, 0x000000071b400000, 0x000000071b600000|  0%| F|  |TAMS 0x000000071b400000| PB 0x000000071b400000| Untracked 
| 174|0x000000071b600000, 0x000000071b600000, 0x000000071b800000|  0%| F|  |TAMS 0x000000071b600000| PB 0x000000071b600000| Untracked 
| 175|0x000000071b800000, 0x000000071b800000, 0x000000071ba00000|  0%| F|  |TAMS 0x000000071b800000| PB 0x000000071b800000| Untracked 
| 176|0x000000071ba00000, 0x000000071ba00000, 0x000000071bc00000|  0%| F|  |TAMS 0x000000071ba00000| PB 0x000000071ba00000| Untracked 
| 177|0x000000071bc00000, 0x000000071bc00000, 0x000000071be00000|  0%| F|  |TAMS 0x000000071bc00000| PB 0x000000071bc00000| Untracked 
| 178|0x000000071be00000, 0x000000071be00000, 0x000000071c000000|  0%| F|  |TAMS 0x000000071be00000| PB 0x000000071be00000| Untracked 
| 179|0x000000071c000000, 0x000000071c000000, 0x000000071c200000|  0%| F|  |TAMS 0x000000071c000000| PB 0x000000071c000000| Untracked 
| 180|0x000000071c200000, 0x000000071c200000, 0x000000071c400000|  0%| F|  |TAMS 0x000000071c200000| PB 0x000000071c200000| Untracked 
| 181|0x000000071c400000, 0x000000071c400000, 0x000000071c600000|  0%| F|  |TAMS 0x000000071c400000| PB 0x000000071c400000| Untracked 
| 182|0x000000071c600000, 0x000000071c600000, 0x000000071c800000|  0%| F|  |TAMS 0x000000071c600000| PB 0x000000071c600000| Untracked 
| 183|0x000000071c800000, 0x000000071c800000, 0x000000071ca00000|  0%| F|  |TAMS 0x000000071c800000| PB 0x000000071c800000| Untracked 
| 184|0x000000071ca00000, 0x000000071ca00000, 0x000000071cc00000|  0%| F|  |TAMS 0x000000071ca00000| PB 0x000000071ca00000| Untracked 
| 185|0x000000071cc00000, 0x000000071cc00000, 0x000000071ce00000|  0%| F|  |TAMS 0x000000071cc00000| PB 0x000000071cc00000| Untracked 
| 186|0x000000071ce00000, 0x000000071ce00000, 0x000000071d000000|  0%| F|  |TAMS 0x000000071ce00000| PB 0x000000071ce00000| Untracked 
| 187|0x000000071d000000, 0x000000071d000000, 0x000000071d200000|  0%| F|  |TAMS 0x000000071d000000| PB 0x000000071d000000| Untracked 
| 188|0x000000071d200000, 0x000000071d200000, 0x000000071d400000|  0%| F|  |TAMS 0x000000071d200000| PB 0x000000071d200000| Untracked 
| 189|0x000000071d400000, 0x000000071d400000, 0x000000071d600000|  0%| F|  |TAMS 0x000000071d400000| PB 0x000000071d400000| Untracked 
| 190|0x000000071d600000, 0x000000071d600000, 0x000000071d800000|  0%| F|  |TAMS 0x000000071d600000| PB 0x000000071d600000| Untracked 
| 191|0x000000071d800000, 0x000000071da00000, 0x000000071da00000|100%| E|  |TAMS 0x000000071d800000| PB 0x000000071d800000| Complete 
| 192|0x000000071da00000, 0x000000071dc00000, 0x000000071dc00000|100%| E|CS|TAMS 0x000000071da00000| PB 0x000000071da00000| Complete 
| 193|0x000000071dc00000, 0x000000071de00000, 0x000000071de00000|100%| E|CS|TAMS 0x000000071dc00000| PB 0x000000071dc00000| Complete 
| 194|0x000000071de00000, 0x000000071e000000, 0x000000071e000000|100%| E|CS|TAMS 0x000000071de00000| PB 0x000000071de00000| Complete 
| 195|0x000000071e000000, 0x000000071e200000, 0x000000071e200000|100%| E|CS|TAMS 0x000000071e000000| PB 0x000000071e000000| Complete 
| 196|0x000000071e200000, 0x000000071e400000, 0x000000071e400000|100%| E|CS|TAMS 0x000000071e200000| PB 0x000000071e200000| Complete 
| 197|0x000000071e400000, 0x000000071e600000, 0x000000071e600000|100%| E|CS|TAMS 0x000000071e400000| PB 0x000000071e400000| Complete 
| 198|0x000000071e600000, 0x000000071e800000, 0x000000071e800000|100%| E|CS|TAMS 0x000000071e600000| PB 0x000000071e600000| Complete 
| 199|0x000000071e800000, 0x000000071ea00000, 0x000000071ea00000|100%| E|CS|TAMS 0x000000071e800000| PB 0x000000071e800000| Complete 
| 200|0x000000071ea00000, 0x000000071ec00000, 0x000000071ec00000|100%| E|CS|TAMS 0x000000071ea00000| PB 0x000000071ea00000| Complete 
| 201|0x000000071ec00000, 0x000000071ee00000, 0x000000071ee00000|100%| E|CS|TAMS 0x000000071ec00000| PB 0x000000071ec00000| Complete 
| 202|0x000000071ee00000, 0x000000071f000000, 0x000000071f000000|100%| E|CS|TAMS 0x000000071ee00000| PB 0x000000071ee00000| Complete 
| 203|0x000000071f000000, 0x000000071f200000, 0x000000071f200000|100%| E|CS|TAMS 0x000000071f000000| PB 0x000000071f000000| Complete 
| 204|0x000000071f200000, 0x000000071f400000, 0x000000071f400000|100%| E|CS|TAMS 0x000000071f200000| PB 0x000000071f200000| Complete 
| 205|0x000000071f400000, 0x000000071f600000, 0x000000071f600000|100%| E|CS|TAMS 0x000000071f400000| PB 0x000000071f400000| Complete 
| 206|0x000000071f600000, 0x000000071f800000, 0x000000071f800000|100%| E|CS|TAMS 0x000000071f600000| PB 0x000000071f600000| Complete 
| 207|0x000000071f800000, 0x000000071fa00000, 0x000000071fa00000|100%| E|CS|TAMS 0x000000071f800000| PB 0x000000071f800000| Complete 
| 208|0x000000071fa00000, 0x000000071fc00000, 0x000000071fc00000|100%| E|CS|TAMS 0x000000071fa00000| PB 0x000000071fa00000| Complete 
| 209|0x000000071fc00000, 0x000000071fe00000, 0x000000071fe00000|100%| E|CS|TAMS 0x000000071fc00000| PB 0x000000071fc00000| Complete 
| 210|0x000000071fe00000, 0x0000000720000000, 0x0000000720000000|100%| E|CS|TAMS 0x000000071fe00000| PB 0x000000071fe00000| Complete 
| 211|0x0000000720000000, 0x0000000720200000, 0x0000000720200000|100%| E|CS|TAMS 0x0000000720000000| PB 0x0000000720000000| Complete 
| 212|0x0000000720200000, 0x0000000720400000, 0x0000000720400000|100%| E|CS|TAMS 0x0000000720200000| PB 0x0000000720200000| Complete 
| 213|0x0000000720400000, 0x0000000720600000, 0x0000000720600000|100%| E|CS|TAMS 0x0000000720400000| PB 0x0000000720400000| Complete 
| 214|0x0000000720600000, 0x0000000720800000, 0x0000000720800000|100%| E|CS|TAMS 0x0000000720600000| PB 0x0000000720600000| Complete 
| 215|0x0000000720800000, 0x0000000720a00000, 0x0000000720a00000|100%| E|CS|TAMS 0x0000000720800000| PB 0x0000000720800000| Complete 
| 216|0x0000000720a00000, 0x0000000720c00000, 0x0000000720c00000|100%| E|CS|TAMS 0x0000000720a00000| PB 0x0000000720a00000| Complete 
| 217|0x0000000720c00000, 0x0000000720e00000, 0x0000000720e00000|100%| E|CS|TAMS 0x0000000720c00000| PB 0x0000000720c00000| Complete 
| 218|0x0000000720e00000, 0x0000000721000000, 0x0000000721000000|100%| E|CS|TAMS 0x0000000720e00000| PB 0x0000000720e00000| Complete 
| 219|0x0000000721000000, 0x0000000721200000, 0x0000000721200000|100%| E|CS|TAMS 0x0000000721000000| PB 0x0000000721000000| Complete 
| 220|0x0000000721200000, 0x0000000721400000, 0x0000000721400000|100%| E|CS|TAMS 0x0000000721200000| PB 0x0000000721200000| Complete 
| 221|0x0000000721400000, 0x0000000721600000, 0x0000000721600000|100%| E|CS|TAMS 0x0000000721400000| PB 0x0000000721400000| Complete 
| 222|0x0000000721600000, 0x0000000721800000, 0x0000000721800000|100%| E|CS|TAMS 0x0000000721600000| PB 0x0000000721600000| Complete 
| 223|0x0000000721800000, 0x0000000721a00000, 0x0000000721a00000|100%| E|CS|TAMS 0x0000000721800000| PB 0x0000000721800000| Complete 
| 224|0x0000000721a00000, 0x0000000721c00000, 0x0000000721c00000|100%| E|CS|TAMS 0x0000000721a00000| PB 0x0000000721a00000| Complete 
| 225|0x0000000721c00000, 0x0000000721e00000, 0x0000000721e00000|100%| E|CS|TAMS 0x0000000721c00000| PB 0x0000000721c00000| Complete 
| 226|0x0000000721e00000, 0x0000000722000000, 0x0000000722000000|100%| E|CS|TAMS 0x0000000721e00000| PB 0x0000000721e00000| Complete 
| 227|0x0000000722000000, 0x0000000722200000, 0x0000000722200000|100%| E|CS|TAMS 0x0000000722000000| PB 0x0000000722000000| Complete 
| 228|0x0000000722200000, 0x0000000722400000, 0x0000000722400000|100%| E|CS|TAMS 0x0000000722200000| PB 0x0000000722200000| Complete 
| 229|0x0000000722400000, 0x0000000722600000, 0x0000000722600000|100%| E|CS|TAMS 0x0000000722400000| PB 0x0000000722400000| Complete 
| 230|0x0000000722600000, 0x0000000722800000, 0x0000000722800000|100%| E|CS|TAMS 0x0000000722600000| PB 0x0000000722600000| Complete 
| 231|0x0000000722800000, 0x0000000722a00000, 0x0000000722a00000|100%| E|CS|TAMS 0x0000000722800000| PB 0x0000000722800000| Complete 
| 232|0x0000000722a00000, 0x0000000722c00000, 0x0000000722c00000|100%| E|CS|TAMS 0x0000000722a00000| PB 0x0000000722a00000| Complete 
| 233|0x0000000722c00000, 0x0000000722e00000, 0x0000000722e00000|100%| E|CS|TAMS 0x0000000722c00000| PB 0x0000000722c00000| Complete 
| 234|0x0000000722e00000, 0x0000000723000000, 0x0000000723000000|100%| E|CS|TAMS 0x0000000722e00000| PB 0x0000000722e00000| Complete 
| 235|0x0000000723000000, 0x0000000723200000, 0x0000000723200000|100%| E|CS|TAMS 0x0000000723000000| PB 0x0000000723000000| Complete 
| 236|0x0000000723200000, 0x0000000723400000, 0x0000000723400000|100%| E|CS|TAMS 0x0000000723200000| PB 0x0000000723200000| Complete 
| 237|0x0000000723400000, 0x0000000723600000, 0x0000000723600000|100%| E|CS|TAMS 0x0000000723400000| PB 0x0000000723400000| Complete 
| 238|0x0000000723600000, 0x0000000723800000, 0x0000000723800000|100%| E|CS|TAMS 0x0000000723600000| PB 0x0000000723600000| Complete 
| 239|0x0000000723800000, 0x0000000723a00000, 0x0000000723a00000|100%| E|CS|TAMS 0x0000000723800000| PB 0x0000000723800000| Complete 
| 240|0x0000000723a00000, 0x0000000723c00000, 0x0000000723c00000|100%| E|CS|TAMS 0x0000000723a00000| PB 0x0000000723a00000| Complete 
| 241|0x0000000723c00000, 0x0000000723e00000, 0x0000000723e00000|100%| E|CS|TAMS 0x0000000723c00000| PB 0x0000000723c00000| Complete 
| 381|0x0000000735400000, 0x0000000735600000, 0x0000000735600000|100%| E|CS|TAMS 0x0000000735400000| PB 0x0000000735400000| Complete 
| 382|0x0000000735600000, 0x0000000735800000, 0x0000000735800000|100%| E|CS|TAMS 0x0000000735600000| PB 0x0000000735600000| Complete 
| 383|0x0000000735800000, 0x0000000735a00000, 0x0000000735a00000|100%| E|CS|TAMS 0x0000000735800000| PB 0x0000000735800000| Complete 
| 384|0x0000000735a00000, 0x0000000735c00000, 0x0000000735c00000|100%| E|CS|TAMS 0x0000000735a00000| PB 0x0000000735a00000| Complete 
| 385|0x0000000735c00000, 0x0000000735e00000, 0x0000000735e00000|100%| E|CS|TAMS 0x0000000735c00000| PB 0x0000000735c00000| Complete 
| 386|0x0000000735e00000, 0x0000000736000000, 0x0000000736000000|100%| E|CS|TAMS 0x0000000735e00000| PB 0x0000000735e00000| Complete 
| 387|0x0000000736000000, 0x0000000736200000, 0x0000000736200000|100%| E|CS|TAMS 0x0000000736000000| PB 0x0000000736000000| Complete 
|2002|0x00000007ffe00000, 0x0000000800000000, 0x0000000800000000|100%| E|CS|TAMS 0x00000007ffe00000| PB 0x00000007ffe00000| Complete 

Card table byte_map: [0x0000017ace140000,0x0000017ace920000] _byte_map_base: 0x0000017aca913000

Marking Bits: (CMBitMap*) 0x0000017ab602d0f0
 Bits: [0x0000017ace920000, 0x0000017ad27b8000)

Polling page: 0x0000017ab3f40000

Metaspace:

Usage:
  Non-class:     90.03 MB used.
      Class:     13.55 MB used.
       Both:    103.57 MB used.

Virtual space:
  Non-class space:      128.00 MB reserved,      90.56 MB ( 71%) committed,  2 nodes.
      Class space:        1.00 GB reserved,      14.06 MB (  1%) committed,  1 nodes.
             Both:        1.12 GB reserved,     104.62 MB (  9%) committed. 

Chunk freelists:
   Non-Class:  4.50 MB
       Class:  1.99 MB
        Both:  6.49 MB

MaxMetaspaceSize: unlimited
CompressedClassSpaceSize: 1.00 GB
Initial GC threshold: 21.00 MB
Current GC threshold: 144.31 MB
CDS: on
 - commit_granule_bytes: 65536.
 - commit_granule_words: 8192.
 - virtual_space_node_default_size: 8388608.
 - enlarge_chunks_in_place: 1.
 - use_allocation_guard: 0.


Internal statistics:

num_allocs_failed_limit: 9.
num_arena_births: 1754.
num_arena_deaths: 0.
num_vsnodes_births: 3.
num_vsnodes_deaths: 0.
num_space_committed: 1673.
num_space_uncommitted: 0.
num_chunks_returned_to_freelist: 9.
num_chunks_taken_from_freelist: 5774.
num_chunk_merges: 9.
num_chunk_splits: 4078.
num_chunks_enlarged: 3095.
num_inconsistent_stats: 0.

CodeHeap 'non-profiled nmethods': size=120000Kb used=13508Kb max_used=13508Kb free=106491Kb
 bounds [0x0000017ac5ed0000, 0x0000017ac6c10000, 0x0000017acd400000]
CodeHeap 'profiled nmethods': size=120000Kb used=31021Kb max_used=31021Kb free=88978Kb
 bounds [0x0000017abe400000, 0x0000017ac0250000, 0x0000017ac5930000]
CodeHeap 'non-nmethods': size=5760Kb used=1797Kb max_used=1855Kb free=3962Kb
 bounds [0x0000017ac5930000, 0x0000017ac5ba0000, 0x0000017ac5ed0000]
 total_blobs=16010 nmethods=15210 adapters=703
 compilation: enabled
              stopped_count=0, restarted_count=0
 full_count=0

Compilation events (20 events):
Event: 97.895 Thread 0x0000017ad5444ab0 nmethod 17556 0x0000017ac6bf5610 code [0x0000017ac6bf57a0, 0x0000017ac6bf5ad8]
Event: 97.905 Thread 0x0000017ad5444ab0 17557       4       org.springframework.http.HttpEntity::<init> (32 bytes)
Event: 97.913 Thread 0x0000017ad5444ab0 nmethod 17557 0x0000017ac6bf5c10 code [0x0000017ac6bf5e40, 0x0000017ac6bf6ad0]
Event: 97.913 Thread 0x0000017ad5444ab0 17558       4       org.springframework.core.convert.support.GenericConversionService$ConverterFactoryAdapter::convert (34 bytes)
Event: 97.917 Thread 0x0000017ad5444ab0 nmethod 17558 0x0000017ac6bf6f10 code [0x0000017ac6bf7100, 0x0000017ac6bf74f8]
Event: 97.917 Thread 0x0000017ad5444ab0 17559       4       io.micrometer.observation.Observation$Context::<init> (38 bytes)
Event: 97.919 Thread 0x0000017ad5444ab0 nmethod 17559 0x0000017ac6bf7990 code [0x0000017ac6bf7b40, 0x0000017ac6bf7ff0]
Event: 97.919 Thread 0x0000017ad5444ab0 17560       4       io.micrometer.observation.docs.ObservationDocumentation::observation (198 bytes)
Event: 97.964 Thread 0x0000017ad5444ab0 nmethod 17560 0x0000017ac6bf8110 code [0x0000017ac6bf84a0, 0x0000017ac6bfa528]
Event: 97.964 Thread 0x0000017ad5444ab0 17561       4       io.micrometer.observation.SimpleObservation$SimpleScope::close (121 bytes)
Event: 97.979 Thread 0x0000017ad5444ab0 nmethod 17561 0x0000017ac6bfbc10 code [0x0000017ac6bfbea0, 0x0000017ac6bfcaa0]
Event: 97.991 Thread 0x0000017ad5444ab0 17562       4       org.springframework.util.AntPathMatcher::<init> (62 bytes)
Event: 98.000 Thread 0x0000017ad5444ab0 nmethod 17562 0x0000017ac6bfd290 code [0x0000017ac6bfd480, 0x0000017ac6bfdec0]
Event: 98.006 Thread 0x0000017ad5444ab0 17563       4       org.springframework.context.support.AbstractApplicationContext::publishEvent (7 bytes)
Event: 98.012 Thread 0x0000017ad5444ab0 nmethod 17563 0x0000017ac6bfe210 code [0x0000017ac6bfe420, 0x0000017ac6bfea60]
Event: 98.037 Thread 0x0000017ad5444ab0 17564   !   4       org.apache.catalina.core.StandardContext::bind (168 bytes)
Event: 98.045 Thread 0x0000017ad5444ab0 nmethod 17564 0x0000017ac6bfed90 code [0x0000017ac6bfefc0, 0x0000017ac6bff910]
Event: 98.045 Thread 0x0000017ad5444ab0 17565   !   4       org.apache.catalina.core.StandardContext::unbind (92 bytes)
Event: 98.047 Thread 0x0000017ad5444ab0 nmethod 17565 0x0000017ac6c00090 code [0x0000017ac6c00240, 0x0000017ac6c00470]
Event: 98.047 Thread 0x0000017ad5444ab0 17566       4       org.springframework.beans.PropertyEditorRegistrySupport::createDefaultEditors (962 bytes)

GC Heap History (20 events):
Event: 9.849 GC heap before
{Heap before GC invocations=32 (full 0):
 garbage-first heap   total 147456K, used 126509K [0x0000000705a00000, 0x0000000800000000)
  region size 2048K, 26 young (53248K), 3 survivors (6144K)
 Metaspace       used 87231K, committed 88064K, reserved 1179648K
  class space    used 11703K, committed 12096K, reserved 1048576K
}
Event: 9.854 GC heap after
{Heap after GC invocations=33 (full 0):
 garbage-first heap   total 147456K, used 85638K [0x0000000705a00000, 0x0000000800000000)
  region size 2048K, 4 young (8192K), 4 survivors (8192K)
 Metaspace       used 87231K, committed 88064K, reserved 1179648K
  class space    used 11703K, committed 12096K, reserved 1048576K
}
Event: 9.896 GC heap before
{Heap before GC invocations=33 (full 0):
 garbage-first heap   total 147456K, used 126598K [0x0000000705a00000, 0x0000000800000000)
  region size 2048K, 24 young (49152K), 4 survivors (8192K)
 Metaspace       used 87259K, committed 88128K, reserved 1179648K
  class space    used 11704K, committed 12096K, reserved 1048576K
}
Event: 9.903 GC heap after
{Heap after GC invocations=34 (full 0):
 garbage-first heap   total 301056K, used 99843K [0x0000000705a00000, 0x0000000800000000)
  region size 2048K, 3 young (6144K), 3 survivors (6144K)
 Metaspace       used 87259K, committed 88128K, reserved 1179648K
  class space    used 11704K, committed 12096K, reserved 1048576K
}
Event: 10.045 GC heap before
{Heap before GC invocations=35 (full 0):
 garbage-first heap   total 301056K, used 232963K [0x0000000705a00000, 0x0000000800000000)
  region size 2048K, 68 young (139264K), 3 survivors (6144K)
 Metaspace       used 87262K, committed 88128K, reserved 1179648K
  class space    used 11704K, committed 12096K, reserved 1048576K
}
Event: 10.065 GC heap after
{Heap after GC invocations=36 (full 0):
 garbage-first heap   total 301056K, used 129024K [0x0000000705a00000, 0x0000000800000000)
  region size 2048K, 9 young (18432K), 9 survivors (18432K)
 Metaspace       used 87262K, committed 88128K, reserved 1179648K
  class space    used 11704K, committed 12096K, reserved 1048576K
}
Event: 10.149 GC heap before
{Heap before GC invocations=36 (full 0):
 garbage-first heap   total 301056K, used 235520K [0x0000000705a00000, 0x0000000800000000)
  region size 2048K, 61 young (124928K), 9 survivors (18432K)
 Metaspace       used 87262K, committed 88128K, reserved 1179648K
  class space    used 11704K, committed 12096K, reserved 1048576K
}
Event: 10.168 GC heap after
{Heap after GC invocations=37 (full 0):
 garbage-first heap   total 301056K, used 165888K [0x0000000705a00000, 0x0000000800000000)
  region size 2048K, 8 young (16384K), 8 survivors (16384K)
 Metaspace       used 87262K, committed 88128K, reserved 1179648K
  class space    used 11704K, committed 12096K, reserved 1048576K
}
Event: 10.170 GC heap before
{Heap before GC invocations=37 (full 0):
 garbage-first heap   total 301056K, used 165888K [0x0000000705a00000, 0x0000000800000000)
  region size 2048K, 9 young (18432K), 8 survivors (16384K)
 Metaspace       used 87262K, committed 88128K, reserved 1179648K
  class space    used 11704K, committed 12096K, reserved 1048576K
}
Event: 10.177 GC heap after
{Heap after GC invocations=38 (full 0):
 garbage-first heap   total 301056K, used 170843K [0x0000000705a00000, 0x0000000800000000)
  region size 2048K, 1 young (2048K), 1 survivors (2048K)
 Metaspace       used 87262K, committed 88128K, reserved 1179648K
  class space    used 11704K, committed 12096K, reserved 1048576K
}
Event: 10.280 GC heap before
{Heap before GC invocations=39 (full 0):
 garbage-first heap   total 335872K, used 242523K [0x0000000705a00000, 0x0000000800000000)
  region size 2048K, 38 young (77824K), 1 survivors (2048K)
 Metaspace       used 87262K, committed 88128K, reserved 1179648K
  class space    used 11704K, committed 12096K, reserved 1048576K
}
Event: 10.291 GC heap after
{Heap after GC invocations=40 (full 0):
 garbage-first heap   total 335872K, used 196126K [0x0000000705a00000, 0x0000000800000000)
  region size 2048K, 5 young (10240K), 5 survivors (10240K)
 Metaspace       used 87262K, committed 88128K, reserved 1179648K
  class space    used 11704K, committed 12096K, reserved 1048576K
}
Event: 10.342 GC heap before
{Heap before GC invocations=40 (full 0):
 garbage-first heap   total 335872K, used 273950K [0x0000000705a00000, 0x0000000800000000)
  region size 2048K, 43 young (88064K), 5 survivors (10240K)
 Metaspace       used 87263K, committed 88128K, reserved 1179648K
  class space    used 11704K, committed 12096K, reserved 1048576K
}
Event: 10.348 GC heap after
{Heap after GC invocations=41 (full 0):
 garbage-first heap   total 335872K, used 170085K [0x0000000705a00000, 0x0000000800000000)
  region size 2048K, 2 young (4096K), 2 survivors (4096K)
 Metaspace       used 87263K, committed 88128K, reserved 1179648K
  class space    used 11704K, committed 12096K, reserved 1048576K
}
Event: 10.547 GC heap before
{Heap before GC invocations=41 (full 0):
 garbage-first heap   total 335872K, used 266341K [0x0000000705a00000, 0x0000000800000000)
  region size 2048K, 49 young (100352K), 2 survivors (4096K)
 Metaspace       used 87893K, committed 88640K, reserved 1179648K
  class space    used 11740K, committed 12096K, reserved 1048576K
}
Event: 10.551 GC heap after
{Heap after GC invocations=42 (full 0):
 garbage-first heap   total 796672K, used 171819K [0x0000000705a00000, 0x0000000800000000)
  region size 2048K, 2 young (4096K), 2 survivors (4096K)
 Metaspace       used 87893K, committed 88640K, reserved 1179648K
  class space    used 11740K, committed 12096K, reserved 1048576K
}
Event: 12.184 GC heap before
{Heap before GC invocations=43 (full 0):
 garbage-first heap   total 512000K, used 440107K [0x0000000705a00000, 0x0000000800000000)
  region size 2048K, 150 young (307200K), 2 survivors (4096K)
 Metaspace       used 96890K, committed 97920K, reserved 1179648K
  class space    used 12976K, committed 13440K, reserved 1048576K
}
Event: 12.193 GC heap after
{Heap after GC invocations=44 (full 0):
 garbage-first heap   total 512000K, used 146942K [0x0000000705a00000, 0x0000000800000000)
  region size 2048K, 7 young (14336K), 7 survivors (14336K)
 Metaspace       used 96890K, committed 97920K, reserved 1179648K
  class space    used 12976K, committed 13440K, reserved 1048576K
}
Event: 91.044 GC heap before
{Heap before GC invocations=44 (full 0):
 garbage-first heap   total 512000K, used 433662K [0x0000000705a00000, 0x0000000800000000)
  region size 2048K, 147 young (301056K), 7 survivors (14336K)
 Metaspace       used 106023K, committed 107136K, reserved 1179648K
  class space    used 13869K, committed 14400K, reserved 1048576K
}
Event: 91.061 GC heap after
{Heap after GC invocations=45 (full 0):
 garbage-first heap   total 512000K, used 105951K [0x0000000705a00000, 0x0000000800000000)
  region size 2048K, 9 young (18432K), 9 survivors (18432K)
 Metaspace       used 106023K, committed 107136K, reserved 1179648K
  class space    used 13869K, committed 14400K, reserved 1048576K
}

Dll operation events (11 events):
Event: 0.004 Loaded shared library C:\Program Files\Java\jdk-21\bin\java.dll
Event: 0.022 Loaded shared library C:\Program Files\Java\jdk-21\bin\jsvml.dll
Event: 0.066 Loaded shared library C:\Program Files\Java\jdk-21\bin\net.dll
Event: 0.066 Loaded shared library C:\Program Files\Java\jdk-21\bin\nio.dll
Event: 0.069 Loaded shared library C:\Program Files\Java\jdk-21\bin\zip.dll
Event: 0.194 Loaded shared library C:\Program Files\Java\jdk-21\bin\jimage.dll
Event: 1.236 Loaded shared library C:\Program Files\Java\jdk-21\bin\sunmscapi.dll
Event: 1.578 Loaded shared library C:\Program Files\Java\jdk-21\bin\extnet.dll
Event: 4.031 Loaded shared library C:\Program Files\Java\jdk-21\bin\management.dll
Event: 4.032 Loaded shared library C:\Program Files\Java\jdk-21\bin\management_ext.dll
Event: 5.201 Loaded shared library C:\Program Files\Java\jdk-21\bin\verify.dll

Deoptimization events (20 events):
Event: 91.061 Thread 0x0000017b25973870 DEOPT PACKING pc=0x0000017ac6ac9a00 sp=0x0000000e677ff060
Event: 91.061 Thread 0x0000017b25973870 DEOPT UNPACKING pc=0x0000017ac59846a2 sp=0x0000000e677ff008 mode 2
Event: 91.063 Thread 0x0000017ad56d5fd0 Uncommon trap: trap_request=0xffffffd6 fr.pc=0x0000017ac69d71d4 relative=0x0000000000000854
Event: 91.063 Thread 0x0000017ad56d5fd0 Uncommon trap: reason=array_check action=maybe_recompile pc=0x0000017ac69d71d4 method=java.util.ComparableTimSort.binarySort([Ljava/lang/Object;III)V @ 193 c2
Event: 91.063 Thread 0x0000017ad56d5fd0 DEOPT PACKING pc=0x0000017ac69d71d4 sp=0x0000000e64ffee80
Event: 91.063 Thread 0x0000017ad56d5fd0 DEOPT UNPACKING pc=0x0000017ac59846a2 sp=0x0000000e64ffee20 mode 2
Event: 91.063 Thread 0x0000017ad56d5fd0 Uncommon trap: trap_request=0xffffffde fr.pc=0x0000017ac6ab10b8 relative=0x0000000000001078
Event: 91.063 Thread 0x0000017ad56d5fd0 Uncommon trap: reason=class_check action=maybe_recompile pc=0x0000017ac6ab10b8 method=io.micrometer.core.instrument.Tags.and(Ljava/lang/Iterable;)Lio/micrometer/core/instrument/Tags; @ 12 c2
Event: 91.063 Thread 0x0000017ad56d5fd0 DEOPT PACKING pc=0x0000017ac6ab10b8 sp=0x0000000e64fff040
Event: 91.063 Thread 0x0000017ad56d5fd0 DEOPT UNPACKING pc=0x0000017ac59846a2 sp=0x0000000e64fff030 mode 2
Event: 91.063 Thread 0x0000017ad56d5fd0 Uncommon trap: trap_request=0xffffffde fr.pc=0x0000017ac6ab10b8 relative=0x0000000000001078
Event: 91.063 Thread 0x0000017ad56d5fd0 Uncommon trap: reason=class_check action=maybe_recompile pc=0x0000017ac6ab10b8 method=io.micrometer.core.instrument.Tags.and(Ljava/lang/Iterable;)Lio/micrometer/core/instrument/Tags; @ 12 c2
Event: 91.063 Thread 0x0000017ad56d5fd0 DEOPT PACKING pc=0x0000017ac6ab10b8 sp=0x0000000e64ffefe0
Event: 91.063 Thread 0x0000017ad56d5fd0 DEOPT UNPACKING pc=0x0000017ac59846a2 sp=0x0000000e64ffefc0 mode 2
Event: 91.063 Thread 0x0000017ad56d5fd0 Uncommon trap: trap_request=0xffffff45 fr.pc=0x0000017ac6ac57e4 relative=0x00000000000000c4
Event: 91.063 Thread 0x0000017ad56d5fd0 Uncommon trap: reason=unstable_if action=reinterpret pc=0x0000017ac6ac57e4 method=io.micrometer.core.instrument.util.TimeUtils.convert(DLjava/util/concurrent/TimeUnit;Ljava/util/concurrent/TimeUnit;)D @ 8 c2
Event: 91.063 Thread 0x0000017ad56d5fd0 DEOPT PACKING pc=0x0000017ac6ac57e4 sp=0x0000000e64ffef70
Event: 91.063 Thread 0x0000017ad56d5fd0 DEOPT UNPACKING pc=0x0000017ac59846a2 sp=0x0000000e64ffeef0 mode 2
Event: 96.971 Thread 0x0000017b25976cf0 DEOPT PACKING pc=0x0000017abff23f87 sp=0x0000000e66dfdbb0
Event: 96.971 Thread 0x0000017b25976cf0 DEOPT UNPACKING pc=0x0000017ac5984e42 sp=0x0000000e66dfd070 mode 0

Classes loaded (20 events):
Event: 68.605 Loading class java/nio/channels/spi/AbstractSelectionKey done
Event: 68.605 Loading class sun/nio/ch/SelectionKeyImpl done
Event: 68.606 Loading class java/lang/invoke/ConstantBootstraps
Event: 68.606 Loading class java/lang/invoke/ConstantBootstraps done
Event: 68.747 Loading class jdk/internal/reflect/MethodHandleLongFieldAccessorImpl
Event: 68.747 Loading class jdk/internal/reflect/MethodHandleLongFieldAccessorImpl done
Event: 68.776 Loading class jdk/internal/reflect/MethodHandleBooleanFieldAccessorImpl
Event: 68.776 Loading class jdk/internal/reflect/MethodHandleBooleanFieldAccessorImpl done
Event: 68.833 Loading class java/math/BigDecimal$StringBuilderHelper
Event: 68.834 Loading class java/math/BigDecimal$StringBuilderHelper done
Event: 71.885 Loading class java/util/zip/GZIPOutputStream
Event: 71.885 Loading class java/util/zip/DeflaterOutputStream
Event: 71.885 Loading class java/util/zip/DeflaterOutputStream done
Event: 71.885 Loading class java/util/zip/GZIPOutputStream done
Event: 71.885 Loading class java/util/zip/Deflater
Event: 71.886 Loading class java/util/zip/Deflater done
Event: 71.886 Loading class java/util/zip/Deflater$DeflaterZStreamRef
Event: 71.886 Loading class java/util/zip/Deflater$DeflaterZStreamRef done
Event: 78.192 Loading class sun/util/locale/LocaleExtensions
Event: 78.193 Loading class sun/util/locale/LocaleExtensions done

Classes unloaded (0 events):
No events

Classes redefined (0 events):
No events

Internal exceptions (20 events):
Event: 88.051 Thread 0x0000017b25975fd0 Exception <a 'java/net/ConnectException'{0x0000000718dfc0c8}: Connection refused: no further information> (0x0000000718dfc0c8) 
thrown [s\open\src\hotspot\share\prims\jni.cpp, line 539]
Event: 88.052 Thread 0x0000017b25975fd0 Exception <a 'java/net/ConnectException'{0x0000000718dfcc40}: Connection refused: no further information> (0x0000000718dfcc40) 
thrown [s\open\src\hotspot\share\prims\jni.cpp, line 539]
Event: 89.057 Thread 0x0000017b25975fd0 Exception <a 'java/net/ConnectException'{0x0000000716157bb0}: Connection refused: no further information> (0x0000000716157bb0) 
thrown [s\open\src\hotspot\share\prims\jni.cpp, line 539]
Event: 89.057 Thread 0x0000017b25975fd0 Exception <a 'java/net/ConnectException'{0x0000000716158728}: Connection refused: no further information> (0x0000000716158728) 
thrown [s\open\src\hotspot\share\prims\jni.cpp, line 539]
Event: 90.063 Thread 0x0000017b25975fd0 Exception <a 'java/net/ConnectException'{0x00000007161af618}: Connection refused: no further information> (0x00000007161af618) 
thrown [s\open\src\hotspot\share\prims\jni.cpp, line 539]
Event: 90.063 Thread 0x0000017b25975fd0 Exception <a 'java/net/ConnectException'{0x00000007161b0190}: Connection refused: no further information> (0x00000007161b0190) 
thrown [s\open\src\hotspot\share\prims\jni.cpp, line 539]
Event: 91.073 Thread 0x0000017b25975fd0 Exception <a 'java/net/ConnectException'{0x00000007fffe2510}: Connection refused: no further information> (0x00000007fffe2510) 
thrown [s\open\src\hotspot\share\prims\jni.cpp, line 539]
Event: 91.073 Thread 0x0000017b25975fd0 Exception <a 'java/net/ConnectException'{0x00000007fffe3088}: Connection refused: no further information> (0x00000007fffe3088) 
thrown [s\open\src\hotspot\share\prims\jni.cpp, line 539]
Event: 92.089 Thread 0x0000017b25975fd0 Exception <a 'java/net/ConnectException'{0x0000000723837ca8}: Connection refused: no further information> (0x0000000723837ca8) 
thrown [s\open\src\hotspot\share\prims\jni.cpp, line 539]
Event: 92.090 Thread 0x0000017b25975fd0 Exception <a 'java/net/ConnectException'{0x0000000723838820}: Connection refused: no further information> (0x0000000723838820) 
thrown [s\open\src\hotspot\share\prims\jni.cpp, line 539]
Event: 93.097 Thread 0x0000017b25975fd0 Exception <a 'java/net/ConnectException'{0x0000000722609448}: Connection refused: no further information> (0x0000000722609448) 
thrown [s\open\src\hotspot\share\prims\jni.cpp, line 539]
Event: 93.097 Thread 0x0000017b25975fd0 Exception <a 'java/net/ConnectException'{0x0000000722609fc0}: Connection refused: no further information> (0x0000000722609fc0) 
thrown [s\open\src\hotspot\share\prims\jni.cpp, line 539]
Event: 94.102 Thread 0x0000017b25975fd0 Exception <a 'java/net/ConnectException'{0x0000000722657cd8}: Connection refused: no further information> (0x0000000722657cd8) 
thrown [s\open\src\hotspot\share\prims\jni.cpp, line 539]
Event: 94.103 Thread 0x0000017b25975fd0 Exception <a 'java/net/ConnectException'{0x0000000722658850}: Connection refused: no further information> (0x0000000722658850) 
thrown [s\open\src\hotspot\share\prims\jni.cpp, line 539]
Event: 95.113 Thread 0x0000017b25975fd0 Exception <a 'java/net/ConnectException'{0x0000000720a26c90}: Connection refused: no further information> (0x0000000720a26c90) 
thrown [s\open\src\hotspot\share\prims\jni.cpp, line 539]
Event: 95.128 Thread 0x0000017b25975fd0 Exception <a 'java/net/ConnectException'{0x0000000720a27808}: Connection refused: no further information> (0x0000000720a27808) 
thrown [s\open\src\hotspot\share\prims\jni.cpp, line 539]
Event: 96.135 Thread 0x0000017b25975fd0 Exception <a 'java/net/ConnectException'{0x0000000720a89778}: Connection refused: no further information> (0x0000000720a89778) 
thrown [s\open\src\hotspot\share\prims\jni.cpp, line 539]
Event: 96.135 Thread 0x0000017b25975fd0 Exception <a 'java/net/ConnectException'{0x0000000720a8a2f0}: Connection refused: no further information> (0x0000000720a8a2f0) 
thrown [s\open\src\hotspot\share\prims\jni.cpp, line 539]
Event: 97.142 Thread 0x0000017b25975fd0 Exception <a 'java/net/ConnectException'{0x000000071e8f4d00}: Connection refused: no further information> (0x000000071e8f4d00) 
thrown [s\open\src\hotspot\share\prims\jni.cpp, line 539]
Event: 97.166 Thread 0x0000017b25975fd0 Exception <a 'java/net/ConnectException'{0x000000071e8f5878}: Connection refused: no further information> (0x000000071e8f5878) 
thrown [s\open\src\hotspot\share\prims\jni.cpp, line 539]

ZGC Phase Switch (0 events):
No events

VM Operations (20 events):
Event: 89.579 Executing VM operation: Cleanup
Event: 89.579 Executing VM operation: Cleanup done
Event: 90.584 Executing VM operation: Cleanup
Event: 90.584 Executing VM operation: Cleanup done
Event: 91.044 Executing VM operation: G1CollectForAllocation (G1 Evacuation Pause)
Event: 91.061 Executing VM operation: G1CollectForAllocation (G1 Evacuation Pause) done
Event: 92.074 Executing VM operation: Cleanup
Event: 92.075 Executing VM operation: Cleanup done
Event: 93.087 Executing VM operation: Cleanup
Event: 93.087 Executing VM operation: Cleanup done
Event: 94.093 Executing VM operation: Cleanup
Event: 94.093 Executing VM operation: Cleanup done
Event: 95.096 Executing VM operation: Cleanup
Event: 95.096 Executing VM operation: Cleanup done
Event: 96.100 Executing VM operation: Cleanup
Event: 96.101 Executing VM operation: Cleanup done
Event: 97.103 Executing VM operation: Cleanup
Event: 97.103 Executing VM operation: Cleanup done
Event: 98.117 Executing VM operation: Cleanup
Event: 98.117 Executing VM operation: Cleanup done

Events (20 events):
Event: 68.808 Thread 0x0000017b209e8200 Thread added: 0x0000017b209e8200
Event: 69.844 Thread 0x0000017b209e8200 Thread exited: 0x0000017b209e8200
Event: 69.844 Thread 0x0000017b1c53f130 Thread exited: 0x0000017b1c53f130
Event: 71.971 Thread 0x0000017b26458a00 Thread added: 0x0000017b26458a00
Event: 72.286 Thread 0x0000017b1cbce250 Thread exited: 0x0000017b1cbce250
Event: 73.891 Thread 0x0000017b26458a00 Thread exited: 0x0000017b26458a00
Event: 86.463 Thread 0x0000017b208b5ae0 Thread added: 0x0000017b208b5ae0
Event: 86.463 Thread 0x0000017b1f782f90 Thread added: 0x0000017b1f782f90
Event: 87.423 Thread 0x0000017b1f782f90 Thread exited: 0x0000017b1f782f90
Event: 87.836 Thread 0x0000017b208b5ae0 Thread exited: 0x0000017b208b5ae0
Event: 91.531 Thread 0x0000017b208b5ae0 Thread added: 0x0000017b208b5ae0
Event: 93.101 Thread 0x0000017b208b5ae0 Thread exited: 0x0000017b208b5ae0
Event: 94.092 Thread 0x0000017b208b5ae0 Thread added: 0x0000017b208b5ae0
Event: 94.092 Thread 0x0000017b2623de80 Thread added: 0x0000017b2623de80
Event: 94.935 Thread 0x0000017b2623de80 Thread exited: 0x0000017b2623de80
Event: 95.561 Thread 0x0000017b208b5ae0 Thread exited: 0x0000017b208b5ae0
Event: 96.051 Thread 0x0000017b208b5ae0 Thread added: 0x0000017b208b5ae0
Event: 96.051 Thread 0x0000017b26805010 Thread added: 0x0000017b26805010
Event: 96.228 Thread 0x0000017b26805010 Thread exited: 0x0000017b26805010
Event: 96.274 Thread 0x0000017b208b5ae0 Thread exited: 0x0000017b208b5ae0


Dynamic libraries:
0x00007ff6f52f0000 - 0x00007ff6f5300000 	C:\Program Files\Java\jdk-21\bin\java.exe
0x00007ffcd31f0000 - 0x00007ffcd3407000 	C:\WINDOWS\SYSTEM32\ntdll.dll
0x00007ffcd2350000 - 0x00007ffcd2414000 	C:\WINDOWS\System32\KERNEL32.DLL
0x00007ffcd02e0000 - 0x00007ffcd06b2000 	C:\WINDOWS\System32\KERNELBASE.dll
0x00007ffcd0bc0000 - 0x00007ffcd0cd1000 	C:\WINDOWS\System32\ucrtbase.dll
0x00007ffccaed0000 - 0x00007ffccaee9000 	C:\Program Files\Java\jdk-21\bin\jli.dll
0x00007ffcd2080000 - 0x00007ffcd2131000 	C:\WINDOWS\System32\ADVAPI32.dll
0x00007ffc3def0000 - 0x00007ffc3df0b000 	C:\Program Files\Java\jdk-21\bin\VCRUNTIME140.dll
0x00007ffcd1fc0000 - 0x00007ffcd2067000 	C:\WINDOWS\System32\msvcrt.dll
0x00007ffcd2af0000 - 0x00007ffcd2b98000 	C:\WINDOWS\System32\sechost.dll
0x00007ffcd0d90000 - 0x00007ffcd0db8000 	C:\WINDOWS\System32\bcrypt.dll
0x00007ffcd2420000 - 0x00007ffcd2534000 	C:\WINDOWS\System32\RPCRT4.dll
0x00007ffcd0ef0000 - 0x00007ffcd10a1000 	C:\WINDOWS\System32\USER32.dll
0x00007ffcd0ce0000 - 0x00007ffcd0d06000 	C:\WINDOWS\System32\win32u.dll
0x00007ffcd2fc0000 - 0x00007ffcd2fe9000 	C:\WINDOWS\System32\GDI32.dll
0x00007ffcd06c0000 - 0x00007ffcd07e3000 	C:\WINDOWS\System32\gdi32full.dll
0x00007ffcad1c0000 - 0x00007ffcad45b000 	C:\WINDOWS\WinSxS\amd64_microsoft.windows.common-controls_6595b64144ccf1df_6.0.22621.5415_none_270d77d17387d7da\COMCTL32.dll
0x00007ffcd0960000 - 0x00007ffcd09fa000 	C:\WINDOWS\System32\msvcp_win.dll
0x00007ffcbe900000 - 0x00007ffcbe90a000 	C:\WINDOWS\SYSTEM32\VERSION.dll
0x00007ffcd1d20000 - 0x00007ffcd1d51000 	C:\WINDOWS\System32\IMM32.DLL
0x00007ffc3df10000 - 0x00007ffc3df1c000 	C:\Program Files\Java\jdk-21\bin\vcruntime140_1.dll
0x00007ffc39d40000 - 0x00007ffc39dce000 	C:\Program Files\Java\jdk-21\bin\msvcp140.dll
0x00007ffc3a040000 - 0x00007ffc3ad55000 	C:\Program Files\Java\jdk-21\bin\server\jvm.dll
0x00007ffcd2ba0000 - 0x00007ffcd2c11000 	C:\WINDOWS\System32\WS2_32.dll
0x00007ffcccad0000 - 0x00007ffcccb04000 	C:\WINDOWS\SYSTEM32\WINMM.dll
0x00007ffcd01b0000 - 0x00007ffcd01fd000 	C:\WINDOWS\SYSTEM32\POWRPROF.dll
0x00007ffcd0190000 - 0x00007ffcd01a3000 	C:\WINDOWS\SYSTEM32\UMPDC.dll
0x00007ffccf2d0000 - 0x00007ffccf2e8000 	C:\WINDOWS\SYSTEM32\kernel.appcore.dll
0x00007ffc3de80000 - 0x00007ffc3de8a000 	C:\Program Files\Java\jdk-21\bin\jimage.dll
0x00007ffccd8b0000 - 0x00007ffccdae3000 	C:\WINDOWS\SYSTEM32\DBGHELP.DLL
0x00007ffcd2c20000 - 0x00007ffcd2fb3000 	C:\WINDOWS\System32\combase.dll
0x00007ffcd2270000 - 0x00007ffcd2347000 	C:\WINDOWS\System32\OLEAUT32.dll
0x00007ffca64a0000 - 0x00007ffca64d2000 	C:\WINDOWS\SYSTEM32\dbgcore.DLL
0x00007ffcd0d10000 - 0x00007ffcd0d8b000 	C:\WINDOWS\System32\bcryptPrimitives.dll
0x00007ffc3de90000 - 0x00007ffc3deaf000 	C:\Program Files\Java\jdk-21\bin\java.dll
0x00007ffcd1280000 - 0x00007ffcd1b22000 	C:\WINDOWS\System32\SHELL32.dll
0x00007ffcd0a80000 - 0x00007ffcd0bbf000 	C:\WINDOWS\System32\wintypes.dll
0x00007ffcce0f0000 - 0x00007ffccea0e000 	C:\WINDOWS\SYSTEM32\windows.storage.dll
0x00007ffcd1d60000 - 0x00007ffcd1e6b000 	C:\WINDOWS\System32\SHCORE.dll
0x00007ffcd25f0000 - 0x00007ffcd2659000 	C:\WINDOWS\System32\shlwapi.dll
0x00007ffcd0210000 - 0x00007ffcd023b000 	C:\WINDOWS\SYSTEM32\profapi.dll
0x00007ffc39f60000 - 0x00007ffc3a037000 	C:\Program Files\Java\jdk-21\bin\jsvml.dll
0x00007ffc3de70000 - 0x00007ffc3de80000 	C:\Program Files\Java\jdk-21\bin\net.dll
0x00007ffccc1c0000 - 0x00007ffccc2ec000 	C:\WINDOWS\SYSTEM32\WINHTTP.dll
0x00007ffccf740000 - 0x00007ffccf7a9000 	C:\WINDOWS\system32\mswsock.dll
0x00007ffc3de50000 - 0x00007ffc3de66000 	C:\Program Files\Java\jdk-21\bin\nio.dll
0x00007ffc3de30000 - 0x00007ffc3de48000 	C:\Program Files\Java\jdk-21\bin\zip.dll
0x00007ffcceb60000 - 0x00007ffcceb8d000 	C:\WINDOWS\SYSTEM32\IPHLPAPI.DLL
0x00007ffcd2070000 - 0x00007ffcd2079000 	C:\WINDOWS\System32\NSI.dll
0x00007ffcceb90000 - 0x00007ffccec88000 	C:\WINDOWS\SYSTEM32\DNSAPI.dll
0x00007ffccac50000 - 0x00007ffccac5a000 	C:\Windows\System32\rasadhlp.dll
0x00007ffccbae0000 - 0x00007ffccbb64000 	C:\WINDOWS\System32\fwpuclnt.dll
0x00007ffccb770000 - 0x00007ffccb77e000 	C:\Program Files\Java\jdk-21\bin\sunmscapi.dll
0x00007ffcd07f0000 - 0x00007ffcd0957000 	C:\WINDOWS\System32\CRYPT32.dll
0x00007ffccfb20000 - 0x00007ffccfb4d000 	C:\WINDOWS\SYSTEM32\ncrypt.dll
0x00007ffccfae0000 - 0x00007ffccfb17000 	C:\WINDOWS\SYSTEM32\NTASN1.dll
0x00007ffc3de10000 - 0x00007ffc3de17000 	C:\Program Files\Java\jdk-21\bin\extnet.dll
0x00007ffccfa30000 - 0x00007ffccfa4b000 	C:\WINDOWS\SYSTEM32\CRYPTSP.dll
0x00007ffccf230000 - 0x00007ffccf267000 	C:\WINDOWS\system32\rsaenh.dll
0x00007ffccf7e0000 - 0x00007ffccf808000 	C:\WINDOWS\SYSTEM32\USERENV.dll
0x00007ffccfa10000 - 0x00007ffccfa1c000 	C:\WINDOWS\SYSTEM32\CRYPTBASE.dll
0x00007ffca8c90000 - 0x00007ffca8c9a000 	C:\Program Files\Java\jdk-21\bin\management.dll
0x00007ffca8c80000 - 0x00007ffca8c8b000 	C:\Program Files\Java\jdk-21\bin\management_ext.dll
0x00007ffcd2ae0000 - 0x00007ffcd2ae8000 	C:\WINDOWS\System32\PSAPI.DLL
0x00007ffc3de20000 - 0x00007ffc3de30000 	C:\Program Files\Java\jdk-21\bin\verify.dll
0x00007ffca7380000 - 0x00007ffca7388000 	C:\WINDOWS\system32\wshunix.dll

dbghelp: loaded successfully - version: 4.0.5 - missing functions: none
symbol engine: initialized successfully - sym options: 0x614 - pdb path: .;C:\Program Files\Java\jdk-21\bin;C:\WINDOWS\SYSTEM32;C:\WINDOWS\WinSxS\amd64_microsoft.windows.common-controls_6595b64144ccf1df_6.0.22621.5415_none_270d77d17387d7da;C:\Program Files\Java\jdk-21\bin\server

VM Arguments:
java_command: com.mproduits.MproduitsApplication
java_class_path (initial): E:\ProjetSpringBoot\spring-cloud-gescom-api\microservice-produits\target\classes;C:\Users\USER01\.m2\repository\org\springframework\boot\spring-boot-starter-data-jpa\3.4.3\spring-boot-starter-data-jpa-3.4.3.jar;C:\Users\USER01\.m2\repository\org\springframework\boot\spring-boot-starter\3.4.3\spring-boot-starter-3.4.3.jar;C:\Users\USER01\.m2\repository\org\springframework\boot\spring-boot\3.4.3\spring-boot-3.4.3.jar;C:\Users\USER01\.m2\repository\org\springframework\boot\spring-boot-autoconfigure\3.4.3\spring-boot-autoconfigure-3.4.3.jar;C:\Users\USER01\.m2\repository\org\springframework\boot\spring-boot-starter-logging\3.4.3\spring-boot-starter-logging-3.4.3.jar;C:\Users\USER01\.m2\repository\ch\qos\logback\logback-classic\1.5.16\logback-classic-1.5.16.jar;C:\Users\USER01\.m2\repository\ch\qos\logback\logback-core\1.5.16\logback-core-1.5.16.jar;C:\Users\USER01\.m2\repository\org\apache\logging\log4j\log4j-to-slf4j\2.24.3\log4j-to-slf4j-2.24.3.jar;C:\Users\USER01\.m2\repository\org\apache\logging\log4j\log4j-api\2.24.3\log4j-api-2.24.3.jar;C:\Users\USER01\.m2\repository\org\slf4j\jul-to-slf4j\2.0.16\jul-to-slf4j-2.0.16.jar;C:\Users\USER01\.m2\repository\jakarta\annotation\jakarta.annotation-api\2.1.1\jakarta.annotation-api-2.1.1.jar;C:\Users\USER01\.m2\repository\org\yaml\snakeyaml\2.3\snakeyaml-2.3.jar;C:\Users\USER01\.m2\repository\org\springframework\boot\spring-boot-starter-jdbc\3.4.3\spring-boot-starter-jdbc-3.4.3.jar;C:\Users\USER01\.m2\repository\com\zaxxer\HikariCP\5.1.0\HikariCP-5.1.0.jar;C:\Users\USER01\.m2\repository\org\springframework\spring-jdbc\6.2.3\spring-jdbc-6.2.3.jar;C:\Users\USER01\.m2\repository\org\hibernate\orm\hibernate-core\6.6.8.Final\hibernate-core-6.6.8.Final.jar;C:\Users\USER01\.m2\repository\jakarta\persistence\jakarta.persistence-api\3.1.0\jakarta.persistence-api-3.1.0.jar;C:\Users\USER01\.m2\repository\jakarta\transaction\jakarta.transaction-api\2.0.1\jakarta.transaction-api-2.0.1.jar;C:\Users\USER01\.m2\repository\org\jboss\logging\jboss-logging\3.6.1.Final\jboss-logging-3.6.1.Final.jar;C:\Users\USER01\.m2\repository\org\hibernate\common\hibernate-commons-annotations\7.0.3.Final\hibernate-commons-annotations-7.0.3.Final.jar;C:\Users\USER01\.m2\repository\io\smallrye\jandex\3.2.0\jandex-3.2.0.jar;C:\Users\USER01\.m2\repository\com\fasterxml\classmate\1.7.0\classmate-1.7.0.jar;C:\Users\USER01\.m2\repository\net\bytebuddy\byte-buddy\1.15.11\byte-buddy-1.15.11.jar;C:\Users\USER01\.m2\repository\org\glassfish\jaxb\jaxb-runtime\4.0.5\jaxb-runtime-4.0.5.jar;C:\Users\USER01\.m2\repository\org\glassfish\jaxb\jaxb-core\4.0.5\jaxb-core-4.0.5.jar;C:\Users\USER01\.m2\repository\org\eclipse\angus\angus-activation\2.0.2\angus-activation-2.0.2.jar;C:\Users\USER01\.m2\repository\org\glassfish\jaxb\txw2\4.0.5\txw2-4.0.5.jar;C:\Users\USER01\.m2\repository\com\sun\istack\istack-commons-runtime\4.1.2\istack-commons-runtime-4.1.2.jar;C:\Users\USER01\.m2\repository\jakarta\inject\jakarta.inject-api\2.0.1\jakarta.inject-api-2.0.1.jar;C:\Users\USER01\.m2\repository\org\antlr\antlr4-runtime\4.13.0\antlr4-runtime-4.13.0.jar;C:\Users\USER01\.m2\repository\org\springframework\data\spring-data-jpa\3.4.3\spring-data-jpa-3.4.3.jar;C:\Users\USER01\.m2\repository\org\springframework\data\spring-data-commons\3.4.3\spring-data-commons-3.4.3.jar;C:\Users\USER01\.m2\repository\org\springframework\spring-orm\6.2.3\spring-orm-6.2.3.jar;C:\Users\USER01\.m2\repository\org\springframework\spring-context\6.2.3\spring-context-6.2.3.jar;C:\Users\USER01\.m2\repository\org\springframework\spring-aop\6.2.3\spring-aop-6.2.3.jar;C:\Users\USER01\.m2\repository\org\springframework\spring-tx\6.2.3\spring-tx-6.2.3.jar;C:\Users\USER01\.m2\repository\org\springframework\spring-beans\6.2.3\spring-beans-6.2.3.jar;C:\Users\USER01\.m2\repository\org\springframework\spring-aspects\6.2.3\spring-aspects-6.2.3.jar;C:\Users\USER01\.m2\repository\org\aspectj\aspectjweaver\1.9.22.1\aspectjweaver-1.9.22.1.jar;C:\Users\USER01\.m2\repository\org\springframework\boot\spring-boot-starter-web\3.4.3\spring-boot-starter-web-3.4.3.jar;C:\Users\USER01\.m2\repository\org\springframework\boot\spring-boot-starter-json\3.4.3\spring-boot-starter-json-3.4.3.jar;C:\Users\USER01\.m2\repository\com\fasterxml\jackson\datatype\jackson-datatype-jdk8\2.18.2\jackson-datatype-jdk8-2.18.2.jar;C:\Users\USER01\.m2\repository\com\fasterxml\jackson\datatype\jackson-datatype-jsr310\2.18.2\jackson-datatype-jsr310-2.18.2.jar;C:\Users\USER01\.m2\repository\com\fasterxml\jackson\module\jackson-module-parameter-names\2.18.2\jackson-module-parameter-names-2.18.2.jar;C:\Users\USER01\.m2\repository\org\springframework\boot\spring-boot-starter-tomcat\3.4.3\spring-boot-starter-tomcat-3.4.3.jar;C:\Users\USER01\.m2\repository\org\apache\tomcat\embed\tomcat-embed-core\10.1.36\tomcat-embed-core-10.1.36.jar;C:\Users\USER01\.m2\repository\org\apache\tomcat\embed\tomcat-embed-el\10.1.36\tomcat-embed-el-10.1.36.jar;C:\Users\USER01\.m2\repository\org\apache\tomcat\embed\tomcat-embed-websocket\10.1.36\tomcat-embed-websocket-10.1.36.jar;C:\Users\USER01\.m2\repository\org\springframework\spring-web\6.2.3\spring-web-6.2.3.jar;C:\Users\USER01\.m2\repository\org\springframework\spring-webmvc\6.2.3\spring-webmvc-6.2.3.jar;C:\Users\USER01\.m2\repository\org\springframework\spring-expression\6.2.3\spring-expression-6.2.3.jar;C:\Users\USER01\.m2\repository\com\mysql\mysql-connector-j\9.1.0\mysql-connector-j-9.1.0.jar;C:\Users\USER01\.m2\repository\org\projectlombok\lombok\1.18.36\lombok-1.18.36.jar;C:\Users\USER01\.m2\repository\jakarta\xml\bind\jakarta.xml.bind-api\4.0.2\jakarta.xml.bind-api-4.0.2.jar;C:\Users\USER01\.m2\repository\jakarta\activation\jakarta.activation-api\2.1.3\jakarta.activation-api-2.1.3.jar;C:\Users\USER01\.m2\repository\org\springframework\spring-core\6.2.3\spring-core-6.2.3.jar;C:\Users\USER01\.m2\repository\org\springframework\spring-jcl\6.2.3\spring-jcl-6.2.3.jar;C:\Users\USER01\.m2\repository\org\springframework\cloud\spring-cloud-starter-config\4.2.1\spring-cloud-starter-config-4.2.1.jar;C:\Users\USER01\.m2\repository\org\springframework\cloud\spring-cloud-starter\4.2.1\spring-cloud-starter-4.2.1.jar;C:\Users\USER01\.m2\repository\org\springframework\cloud\spring-cloud-context\4.2.1\spring-cloud-context-4.2.1.jar;C:\Users\USER01\.m2\repository\org\springframework\security\spring-security-crypto\6.4.3\spring-security-crypto-6.4.3.jar;C:\Users\USER01\.m2\repository\org\springframework\cloud\spring-cloud-commons\4.2.1\spring-cloud-commons-4.2.1.jar;C:\Users\USER01\.m2\repository\org\bouncycastle\bcprov-jdk18on\1.78.1\bcprov-jdk18on-1.78.1.jar;C:\Users\USER01\.m2\repository\org\springframework\cloud\spring-cloud-config-client\4.2.1\spring-cloud-config-client-4.2.1.jar;C:\Users\USER01\.m2\repository\com\fasterxml\jackson\core\jackson-annotations\2.18.2\jackson-annotations-2.18.2.jar;C:\Users\USER01\.m2\repository\org\apache\httpcomponents\client5\httpclient5\5.4.2\httpclient5-5.4.2.jar;C:\Users\USER01\.m2\repository\org\apache\httpcomponents\core5\httpcore5\5.3.3\httpcore5-5.3.3.jar;C:\Users\USER01\.m2\repository\org\apache\httpcomponents\core5\httpcore5-h2\5.3.3\httpcore5-h2-5.3.3.jar;C:\Users\USER01\.m2\repository\com\fasterxml\jackson\core\jackson-databind\2.18.2\jackson-databind-2.18.2.jar;C:\Users\USER01\.m2\repository\com\fasterxml\jackson\core\jackson-core\2.18.2\jackson-core-2.18.2.jar;C:\Users\USER01\.m2\repository\org\springframework\cloud\spring-cloud-starter-bootstrap\4.2.1\spring-cloud-starter-bootstrap-4.2.1.jar;C:\Users\USER01\.m2\repository\org\springframework\boot\spring-boot-starter-actuator\3.4.3\spring-boot-starter-actuator-3.4.3.jar;C:\Users\USER01\.m2\repository\org\springframework\boot\spring-boot-actuator-autoconfigure\3.4.3\spring-boot-actuator-autoconfigure-3.4.3.jar;C:\Users\USER01\.m2\repository\org\springframework\boot\spring-boot-actuator\3.4.3\spring-boot-actuator-3.4.3.jar;C:\Users\USER01\.m2\repository\io\micrometer\micrometer-observation\1.14.4\micrometer-observation-1.14.4.jar;C:\Users\USER01\.m2\repository\io\micrometer\micrometer-commons\1.14.4\micrometer-commons-1.14.4.jar;C:\Users\USER01\.m2\repository\io\micrometer\micrometer-jakarta9\1.14.4\micrometer-jakarta9-1.14.4.jar;C:\Users\USER01\.m2\repository\org\springframework\cloud\spring-cloud-starter-netflix-eureka-client\4.2.1\spring-cloud-starter-netflix-eureka-client-4.2.1.jar;C:\Users\USER01\.m2\repository\org\springframework\cloud\spring-cloud-netflix-eureka-client\4.2.1\spring-cloud-netflix-eureka-client-4.2.1.jar;C:\Users\USER01\.m2\repository\com\netflix\eureka\eureka-client\2.0.4\eureka-client-2.0.4.jar;C:\Users\USER01\.m2\repository\com\thoughtworks\xstream\xstream\1.4.20\xstream-1.4.20.jar;C:\Users\USER01\.m2\repository\io\github\x-stream\mxparser\1.2.2\mxparser-1.2.2.jar;C:\Users\USER01\.m2\repository\xmlpull\xmlpull\1.1.3.1\xmlpull-1.1.3.1.jar;C:\Users\USER01\.m2\repository\jakarta\ws\rs\jakarta.ws.rs-api\3.1.0\jakarta.ws.rs-api-3.1.0.jar;C:\Users\USER01\.m2\repository\com\netflix\spectator\spectator-api\1.7.3\spectator-api-1.7.3.jar;C:\Users\USER01\.m2\repository\org\apache\httpcomponents\httpclient\4.5.3\httpclient-4.5.3.jar;C:\Users\USER01\.m2\repository\org\apache\httpcomponents\httpcore\4.4.16\httpcore-4.4.16.jar;C:\Users\USER01\.m2\repository\commons-codec\commons-codec\1.17.2\commons-codec-1.17.2.jar;C:\Users\USER01\.m2\repository\commons-configuration\commons-configuration\1.10\commons-configuration-1.10.jar;C:\Users\USER01\.m2\repository\commons-lang\commons-lang\2.6\commons-lang-2.6.jar;C:\Users\USER01\.m2\repository\com\netflix\netflix-commons\netflix-eventbus\0.3.0\netflix-eventbus-0.3.0.jar;C:\Users\USER01\.m2\repository\com\netflix\netflix-commons\netflix-infix\0.3.0\netflix-infix-0.3.0.jar;C:\Users\USER01\.m2\repository\commons-jxpath\commons-jxpath\1.3\commons-jxpath-1.3.jar;C:\Users\USER01\.m2\repository\joda-time\joda-time\2.3\joda-time-2.3.jar;C:\Users\USER01\.m2\repository\org\antlr\antlr-runtime\3.4\antlr-runtime-3.4.jar;C:\Users\USER01\.m2\repository\org\antlr\stringtemplate\3.2.1\stringtemplate-3.2.1.jar;C:\Users\USER01\.m2\repository\antlr\antlr\2.7.7\antlr-2.7.7.jar;C:\Users\USER01\.m2\repository\com\google\guava\guava\14.0.1\guava-14.0.1.jar;C:\Users\USER01\.m2\repository\com\google\code\gson\gson\2.11.0\gson-2.11.0.jar;C:\Users\USER01\.m2\repository\com\google\errorprone\error_prone_annotations\2.27.0\error_prone_annotations-2.27.0.jar;C:\Users\USER01\.m2\repository\com\netflix\servo\servo-core\0.5.3\servo-core-0.5.3.jar;C:\Users\USER01\.m2\repository\org\apache\commons\commons-math\2.2\commons-math-2.2.jar;C:\Users\USER01\.m2\repository\javax\annotation\javax.annotation-api\1.2\javax.annotation-api-1.2.jar;C:\Users\USER01\.m2\repository\org\codehaus\jettison\jettison\1.5.4\jettison-1.5.4.jar;C:\Users\USER01\.m2\repository\org\springframework\cloud\spring-cloud-starter-loadbalancer\4.2.1\spring-cloud-starter-loadbalancer-4.2.1.jar;C:\Users\USER01\.m2\repository\org\springframework\cloud\spring-cloud-loadbalancer\4.2.1\spring-cloud-loadbalancer-4.2.1.jar;C:\Users\USER01\.m2\repository\io\projectreactor\reactor-core\3.7.3\reactor-core-3.7.3.jar;C:\Users\USER01\.m2\repository\org\reactivestreams\reactive-streams\1.0.4\reactive-streams-1.0.4.jar;C:\Users\USER01\.m2\repository\io\projectreactor\addons\reactor-extra\3.5.2\reactor-extra-3.5.2.jar;C:\Users\USER01\.m2\repository\org\springframework\boot\spring-boot-starter-cache\3.4.3\spring-boot-starter-cache-3.4.3.jar;C:\Users\USER01\.m2\repository\org\springframework\spring-context-support\6.2.3\spring-context-support-6.2.3.jar;C:\Users\USER01\.m2\repository\com\stoyanr\evictor\1.0.0\evictor-1.0.0.jar;C:\Users\USER01\.m2\repository\io\micrometer\micrometer-tracing-bridge-brave\1.4.3\micrometer-tracing-bridge-brave-1.4.3.jar;C:\Users\USER01\.m2\repository\io\micrometer\micrometer-tracing\1.4.3\micrometer-tracing-1.4.3.jar;C:\Users\USER01\.m2\repository\io\micrometer\context-propagation\1.1.2\context-propagation-1.1.2.jar;C:\Users\USER01\.m2\repository\aopalliance\aopalliance\1.0\aopalliance-1.0.jar;C:\Users\USER01\.m2\repository\org\slf4j\slf4j-api\2.0.16\slf4j-api-2.0.16.jar;C:\Users\USER01\.m2\repository\io\zipkin\brave\brave\6.0.3\brave-6.0.3.jar;C:\Users\USER01\.m2\repository\io\zipkin\brave\brave-context-slf4j\6.0.3\brave-context-slf4j-6.0.3.jar;C:\Users\USER01\.m2\repository\io\zipkin\brave\brave-instrumentation-http\6.0.3\brave-instrumentation-http-6.0.3.jar;C:\Users\USER01\.m2\repository\io\zipkin\aws\brave-propagation-aws\1.2.5\brave-propagation-aws-1.2.5.jar;C:\Users\USER01\.m2\repository\io\zipkin\contrib\brave-propagation-w3c\brave-propagation-tracecontext\0.2.0\brave-propagation-tracecontext-0.2.0.jar;C:\Users\USER01\.m2\repository\io\zipkin\reporter2\zipkin-reporter-brave\3.4.3\zipkin-reporter-brave-3.4.3.jar;C:\Users\USER01\.m2\repository\io\zipkin\reporter2\zipkin-reporter\3.4.3\zipkin-reporter-3.4.3.jar;C:\Users\USER01\.m2\repository\io\github\openfeign\feign-micrometer\13.5\feign-micrometer-13.5.jar;C:\Users\USER01\.m2\repository\io\github\openfeign\feign-core\13.5\feign-core-13.5.jar;C:\Users\USER01\.m2\repository\io\micrometer\micrometer-core\1.14.4\micrometer-core-1.14.4.jar;C:\Users\USER01\.m2\repository\org\hdrhistogram\HdrHistogram\2.2.2\HdrHistogram-2.2.2.jar;C:\Users\USER01\.m2\repository\org\latencyutils\LatencyUtils\2.0.3\LatencyUtils-2.0.3.jar;C:\Users\USER01\.m2\repository\org\springdoc\springdoc-openapi-starter-webmvc-ui\2.2.0\springdoc-openapi-starter-webmvc-ui-2.2.0.jar;C:\Users\USER01\.m2\repository\org\springdoc\springdoc-openapi-starter-webmvc-api\2.2.0\springdoc-openapi-starter-webmvc-api-2.2.0.jar;C:\Users\USER01\.m2\repository\org\springdoc\springdoc-openapi-starter-common\2.2.0\springdoc-openapi-starter-common-2.2.0.jar;C:\Users\USER01\.m2\repository\io\swagger\core\v3\swagger-core-jakarta\2.2.15\swagger-core-jakarta-2.2.15.jar;C:\Users\USER01\.m2\repository\org\apache\commons\commons-lang3\3.17.0\commons-lang3-3.17.0.jar;C:\Users\USER01\.m2\repository\io\swagger\core\v3\swagger-annotations-jakarta\2.2.15\swagger-annotations-jakarta-2.2.15.jar;C:\Users\USER01\.m2\repository\io\swagger\core\v3\swagger-models-jakarta\2.2.15\swagger-models-jakarta-2.2.15.jar;C:\Users\USER01\.m2\repository\jakarta\validation\jakarta.validation-api\3.0.2\jakarta.validation-api-3.0.2.jar;C:\Users\USER01\.m2\repository\com\fasterxml\jackson\dataformat\jackson-dataformat-yaml\2.18.2\jackson-dataformat-yaml-2.18.2.jar;C:\Users\USER01\.m2\repository\org\webjars\swagger-ui\5.2.0\swagger-ui-5.2.0.jar;C:\Users\USER01\.m2\repository\com\itextpdf\itextpdf\5.5.13.3\itextpdf-5.5.13.3.jar
Launcher Type: SUN_STANDARD

[Global flags]
     intx CICompilerCount                          = 4                                         {product} {ergonomic}
     uint ConcGCThreads                            = 3                                         {product} {ergonomic}
     uint G1ConcRefinementThreads                  = 10                                        {product} {ergonomic}
   size_t G1HeapRegionSize                         = 2097152                                   {product} {ergonomic}
    uintx GCDrainStackTargetSize                   = 64                                        {product} {ergonomic}
   size_t InitialHeapSize                          = 264241152                                 {product} {ergonomic}
   size_t MarkStackSize                            = 4194304                                   {product} {ergonomic}
   size_t MaxHeapSize                              = 4200595456                                {product} {ergonomic}
   size_t MaxNewSize                               = 2518679552                                {product} {ergonomic}
   size_t MinHeapDeltaBytes                        = 2097152                                   {product} {ergonomic}
   size_t MinHeapSize                              = 8388608                                   {product} {ergonomic}
    uintx NonNMethodCodeHeapSize                   = 5839372                                {pd product} {ergonomic}
    uintx NonProfiledCodeHeapSize                  = 122909434                              {pd product} {ergonomic}
    uintx ProfiledCodeHeapSize                     = 122909434                              {pd product} {ergonomic}
    uintx ReservedCodeCacheSize                    = 251658240                              {pd product} {ergonomic}
     bool SegmentedCodeCache                       = true                                      {product} {ergonomic}
   size_t SoftMaxHeapSize                          = 4200595456                             {manageable} {ergonomic}
     bool UseCompressedOops                        = true                           {product lp64_product} {ergonomic}
     bool UseG1GC                                  = true                                      {product} {ergonomic}
     bool UseLargePagesIndividualAllocation        = false                                  {pd product} {ergonomic}

Logging:
Log output configuration:
 #0: stdout all=warning uptime,level,tags foldmultilines=false
 #1: stderr all=off uptime,level,tags foldmultilines=false

Environment Variables:
JAVA_HOME=C:\Program Files\Java\jdk-21
PATH=E:\app\USER01\product\11.2.0\dbhome_1\bin;E:\app\USER01\product\11.1.0\db_2\bin;C:\Program Files\Common Files\Oracle\Java\javapath;C:\ProgramData\Oracle\Java\javapath;C:\WINDOWS\system32;C:\WINDOWS;C:\WINDOWS\System32\Wbem;C:\WINDOWS\System32\WindowsPowerShell\v1.0\;C:\WINDOWS\System32\OpenSSH\;C:\ProgramData\chocolatey\bin;C:\Program Files\Java\jdk-21\bin;C:\Program Files\TortoiseSVN\bin;C:\Program Files\Microsoft SQL Server\150\Tools\Binn\;C:\Program Files\nodejs\;E:\zenithe\Biometrie\Logiciel_enrolement;E:\MySQL\MySQL Server 5.0\bin;C:\Program Files\Git\cmd;C:\Program Files\Docker\Docker\resources\bin;E:\MongoDB\Server\8.0\bin;;C:\Program Files\Filestar;C:\ProgramData\Filestar\aliases;C:\Users\USER01\AppData\Local\Microsoft\WindowsApps;;C:\Users\USER01\AppData\Local\Programs\Microsoft VS Code\bin;C:\Users\USER01\AppData\Roaming\npm;C:\Users\USER01\AppData\Local\Programs\mongosh\;C:\Users\USER01\AppData\Local\Programs\cursor\resources\app\bin
USERNAME=USER01
OS=Windows_NT
PROCESSOR_IDENTIFIER=Intel64 Family 6 Model 154 Stepping 4, GenuineIntel
TMP=C:\Users\USER01\AppData\Local\Temp
TEMP=C:\Users\USER01\AppData\Local\Temp




Periodic native trim disabled

---------------  S Y S T E M  ---------------

OS:
 Windows 11 , 64 bit Build 22621 (10.0.22621.5415)
OS uptime: 0 days 1:22 hours
Hyper-V role detected

CPU: total 12 (initial active 12) (6 cores per cpu, 2 threads per core) family 6 model 154 stepping 4 microcode 0x434, cx8, cmov, fxsr, ht, mmx, 3dnowpref, sse, sse2, sse3, ssse3, sse4.1, sse4.2, popcnt, lzcnt, tsc, tscinvbit, avx, avx2, aes, erms, clmul, bmi1, bmi2, adx, sha, fma, vzeroupper, clflush, clflushopt, clwb, hv, serialize, rdtscp, rdpid, fsrm, f16c, cet_ibt, cet_ss
Processor Information for processor 0
  Max Mhz: 1800, Current Mhz: 1800, Mhz Limit: 1800
Processor Information for processor 1
  Max Mhz: 1800, Current Mhz: 1800, Mhz Limit: 1800
Processor Information for processor 2
  Max Mhz: 1800, Current Mhz: 1800, Mhz Limit: 1800
Processor Information for processor 3
  Max Mhz: 1800, Current Mhz: 1800, Mhz Limit: 1800
Processor Information for processor 4
  Max Mhz: 1800, Current Mhz: 1800, Mhz Limit: 1800
Processor Information for processor 5
  Max Mhz: 1800, Current Mhz: 1800, Mhz Limit: 1800
Processor Information for processor 6
  Max Mhz: 1800, Current Mhz: 1800, Mhz Limit: 1800
Processor Information for processor 7
  Max Mhz: 1800, Current Mhz: 1800, Mhz Limit: 1800
Processor Information for processor 8
  Max Mhz: 1800, Current Mhz: 1523, Mhz Limit: 1800
Processor Information for processor 9
  Max Mhz: 1800, Current Mhz: 1800, Mhz Limit: 1800
Processor Information for processor 10
  Max Mhz: 1800, Current Mhz: 1523, Mhz Limit: 1800
Processor Information for processor 11
  Max Mhz: 1800, Current Mhz: 1523, Mhz Limit: 1800

Memory: 4k page, system-wide physical 16016M (2525M free)
TotalPageFile size 36951M (AvailPageFile size 5M)
current process WorkingSet (physical memory assigned to process): 806M, peak: 824M
current process commit charge ("private bytes"): 847M, peak: 1109M

vm_info: Java HotSpot(TM) 64-Bit Server VM (21.0.1+12-LTS-29) for windows-amd64 JRE (21.0.1+12-LTS-29), built on 2023-10-05T13:27:09Z by "mach5one" with MS VC++ 17.1 (VS2022)

END.
