#
# There is insufficient memory for the Java Runtime Environment to continue.
# Native memory allocation (malloc) failed to allocate 132976 bytes for Chunk::new
# Possible reasons:
#   The system is out of physical RAM or swap space
#   The process is running with CompressedOops enabled, and the Java Heap may be blocking the growth of the native heap
# Possible solutions:
#   Reduce memory load on the system
#   Increase physical memory or swap space
#   Check if swap backing store is full
#   Decrease Java heap size (-Xmx/-Xms)
#   Decrease number of Java threads
#   Decrease Java thread stack sizes (-Xss)
#   Set larger code cache with -XX:ReservedCodeCacheSize=
#   JVM is running with Zero Based Compressed Oops mode in which the Java heap is
#     placed in the first 32GB address space. The Java Heap base address is the
#     maximum limit for the native heap growth. Please use -XX:HeapBaseMinAddress
#     to set the Java Heap base and to place the Java Heap above 32GB virtual address.
# This output file may be truncated or incomplete.
#
#  Out of Memory Error (arena.cpp:168), pid=26724, tid=30484
#
# JRE version: Java(TM) SE Runtime Environment (21.0.1+12) (build 21.0.1+12-LTS-29)
# Java VM: Java HotSpot(TM) 64-Bit Server VM (21.0.1+12-LTS-29, mixed mode, sharing, tiered, compressed oops, compressed class ptrs, g1 gc, windows-amd64)
# No core dump will be written. Minidumps are not enabled by default on client versions of Windows
#

---------------  S U M M A R Y ------------

Command Line: com.mproduits.MproduitsApplication

Host: 12th Gen Intel(R) Core(TM) i7-1265U, 12 cores, 15G,  Windows 11 , 64 bit Build 22621 (10.0.22621.5415)
Time: Thu Jun 26 15:45:10 2025 W. Central Africa Standard Time elapsed time: 14.085027 seconds (0d 0h 0m 14s)

---------------  T H R E A D  ---------------

Current thread (0x00000232d926e760):  JavaThread "C2 CompilerThread2" daemon [_thread_in_native, id=30484, stack(0x0000004e67400000,0x0000004e67500000) (1024K)]


Current CompileTask:
C2:  14085 9580       4       java.lang.String::format (16 bytes)

Stack: [0x0000004e67400000,0x0000004e67500000]
Native frames: (J=compiled Java code, j=interpreted, Vv=VM code, C=native code)
V  [jvm.dll+0x6c9029]
V  [jvm.dll+0x854b81]
V  [jvm.dll+0x856e5e]
V  [jvm.dll+0x857543]
V  [jvm.dll+0x280c06]
V  [jvm.dll+0xc3ead]
V  [jvm.dll+0xc43c3]
V  [jvm.dll+0x5d4e2a]
V  [jvm.dll+0x3824a4]
V  [jvm.dll+0x3818ea]
V  [jvm.dll+0x249ad0]
V  [jvm.dll+0x2490b1]
V  [jvm.dll+0x1c9ca1]
V  [jvm.dll+0x2586b9]
V  [jvm.dll+0x256c9a]
V  [jvm.dll+0x3ef1b6]
V  [jvm.dll+0x7fd728]
V  [jvm.dll+0x6c777d]
C  [ucrtbase.dll+0x29333]
C  [KERNEL32.DLL+0x1259d]
C  [ntdll.dll+0x5af78]


---------------  P R O C E S S  ---------------

Threads class SMR info:
_java_thread_list=0x00000232d80e57e0, length=19, elements={
0x00000232ed697d10, 0x00000232ffc72930, 0x00000232ffc73850, 0x00000232ffc75620,
0x00000232ffc781c0, 0x00000232ffc80e90, 0x00000232ffc82af0, 0x00000232ffc8d9c0,
0x00000232ffc934d0, 0x00000232d4191590, 0x00000232d4193c10, 0x00000232d4677bc0,
0x00000232d759a400, 0x00000232d7e58f40, 0x00000232d7e588b0, 0x00000232d7e57500,
0x00000232d7e595d0, 0x00000232d7e59c60, 0x00000232d926e760
}

Java Threads: ( => current thread )
  0x00000232ed697d10 JavaThread "main"                              [_thread_in_Java, id=12096, stack(0x0000004e65c00000,0x0000004e65d00000) (1024K)]
  0x00000232ffc72930 JavaThread "Reference Handler"          daemon [_thread_blocked, id=20112, stack(0x0000004e66400000,0x0000004e66500000) (1024K)]
  0x00000232ffc73850 JavaThread "Finalizer"                  daemon [_thread_blocked, id=23776, stack(0x0000004e66500000,0x0000004e66600000) (1024K)]
  0x00000232ffc75620 JavaThread "Signal Dispatcher"          daemon [_thread_blocked, id=32908, stack(0x0000004e66600000,0x0000004e66700000) (1024K)]
  0x00000232ffc781c0 JavaThread "Attach Listener"            daemon [_thread_blocked, id=26644, stack(0x0000004e66700000,0x0000004e66800000) (1024K)]
  0x00000232ffc80e90 JavaThread "Service Thread"             daemon [_thread_blocked, id=13376, stack(0x0000004e66800000,0x0000004e66900000) (1024K)]
  0x00000232ffc82af0 JavaThread "Monitor Deflation Thread"   daemon [_thread_blocked, id=32296, stack(0x0000004e66900000,0x0000004e66a00000) (1024K)]
  0x00000232ffc8d9c0 JavaThread "C2 CompilerThread0"         daemon [_thread_in_native, id=17128, stack(0x0000004e66a00000,0x0000004e66b00000) (1024K)]
  0x00000232ffc934d0 JavaThread "C1 CompilerThread0"         daemon [_thread_blocked, id=31588, stack(0x0000004e66b00000,0x0000004e66c00000) (1024K)]
  0x00000232d4191590 JavaThread "Notification Thread"        daemon [_thread_blocked, id=14076, stack(0x0000004e66c00000,0x0000004e66d00000) (1024K)]
  0x00000232d4193c10 JavaThread "Common-Cleaner"             daemon [_thread_blocked, id=25444, stack(0x0000004e66d00000,0x0000004e66e00000) (1024K)]
  0x00000232d4677bc0 JavaThread "C2 CompilerThread1"         daemon [_thread_in_native, id=16508, stack(0x0000004e66e00000,0x0000004e66f00000) (1024K)]
  0x00000232d759a400 JavaThread "Keep-Alive-Timer"           daemon [_thread_blocked, id=11848, stack(0x0000004e67c00000,0x0000004e67d00000) (1024K)]
  0x00000232d7e58f40 JavaThread "Catalina-utility-1"                [_thread_blocked, id=32256, stack(0x0000004e67d00000,0x0000004e67e00000) (1024K)]
  0x00000232d7e588b0 JavaThread "Catalina-utility-2"                [_thread_blocked, id=16296, stack(0x0000004e67e00000,0x0000004e67f00000) (1024K)]
  0x00000232d7e57500 JavaThread "container-0"                       [_thread_blocked, id=19320, stack(0x0000004e67f00000,0x0000004e68000000) (1024K)]
  0x00000232d7e595d0 JavaThread "mysql-cj-abandoned-connection-cleanup" daemon [_thread_blocked, id=23648, stack(0x0000004e68000000,0x0000004e68100000) (1024K)]
  0x00000232d7e59c60 JavaThread "HikariPool-1 housekeeper"   daemon [_thread_blocked, id=19620, stack(0x0000004e68100000,0x0000004e68200000) (1024K)]
=>0x00000232d926e760 JavaThread "C2 CompilerThread2"         daemon [_thread_in_native, id=30484, stack(0x0000004e67400000,0x0000004e67500000) (1024K)]
Total: 19

Other Threads:
  0x00000232ffc52c40 VMThread "VM Thread"                           [id=14400, stack(0x0000004e66300000,0x0000004e66400000) (1024K)]
  0x00000232ffc3ba00 WatcherThread "VM Periodic Task Thread"        [id=12824, stack(0x0000004e66200000,0x0000004e66300000) (1024K)]
  0x00000232ef87b180 WorkerThread "GC Thread#0"                     [id=19980, stack(0x0000004e65d00000,0x0000004e65e00000) (1024K)]
  0x00000232d4bccb10 WorkerThread "GC Thread#1"                     [id=16388, stack(0x0000004e66f00000,0x0000004e67000000) (1024K)]
  0x00000232d4bcceb0 WorkerThread "GC Thread#2"                     [id=14128, stack(0x0000004e67000000,0x0000004e67100000) (1024K)]
  0x00000232d4a48770 WorkerThread "GC Thread#3"                     [id=3220, stack(0x0000004e67100000,0x0000004e67200000) (1024K)]
  0x00000232d4a48b10 WorkerThread "GC Thread#4"                     [id=30668, stack(0x0000004e67200000,0x0000004e67300000) (1024K)]
  0x00000232d4a48eb0 WorkerThread "GC Thread#5"                     [id=32124, stack(0x0000004e67300000,0x0000004e67400000) (1024K)]
  0x00000232d5097b30 WorkerThread "GC Thread#6"                     [id=31800, stack(0x0000004e67500000,0x0000004e67600000) (1024K)]
  0x00000232d5541090 WorkerThread "GC Thread#7"                     [id=27600, stack(0x0000004e67700000,0x0000004e67800000) (1024K)]
  0x00000232d551d9d0 WorkerThread "GC Thread#8"                     [id=17208, stack(0x0000004e67800000,0x0000004e67900000) (1024K)]
  0x00000232d5a73bf0 WorkerThread "GC Thread#9"                     [id=30920, stack(0x0000004e67900000,0x0000004e67a00000) (1024K)]
  0x00000232ef88bbb0 ConcurrentGCThread "G1 Main Marker"            [id=26772, stack(0x0000004e65e00000,0x0000004e65f00000) (1024K)]
  0x00000232ef88c860 WorkerThread "G1 Conc#0"                       [id=14280, stack(0x0000004e65f00000,0x0000004e66000000) (1024K)]
  0x00000232d721d9c0 WorkerThread "G1 Conc#1"                       [id=18424, stack(0x0000004e67600000,0x0000004e67700000) (1024K)]
  0x00000232d721d620 WorkerThread "G1 Conc#2"                       [id=22128, stack(0x0000004e67a00000,0x0000004e67b00000) (1024K)]
  0x00000232ffb0c520 ConcurrentGCThread "G1 Refine#0"               [id=19856, stack(0x0000004e66000000,0x0000004e66100000) (1024K)]
  0x00000232ffb0d090 ConcurrentGCThread "G1 Service"                [id=33476, stack(0x0000004e66100000,0x0000004e66200000) (1024K)]
Total: 18

Threads with active compile tasks:
C2 CompilerThread0    14103 9614       4       java.util.stream.AbstractPipeline::copyIntoWithCancel (46 bytes)
C2 CompilerThread1    14103 9560       4       org.jboss.logging.Slf4jLocationAwareLogger::doLogf (49 bytes)
C2 CompilerThread2    14103 9580       4       java.lang.String::format (16 bytes)
Total: 3

VM state: not at safepoint (normal execution)

VM Mutex/Monitor currently owned by a thread: None

Heap address: 0x0000000705a00000, size: 4006 MB, Compressed Oops mode: Zero based, Oop shift amount: 3

CDS archive(s) mapped at: [0x000002328f000000-0x000002328fc90000-0x000002328fc90000), size 13172736, SharedBaseAddress: 0x000002328f000000, ArchiveRelocationMode: 1.
Compressed class space mapped at: 0x0000023290000000-0x00000232d0000000, reserved size: 1073741824
Narrow klass base: 0x000002328f000000, Narrow klass shift: 0, Narrow klass range: 0x100000000

GC Precious Log:
 CardTable entry size: 512
 Card Set container configuration: InlinePtr #cards 4 size 8 Array Of Cards #cards 16 size 48 Howl #buckets 8 coarsen threshold 3686 Howl Bitmap #cards 512 size 80 coarsen threshold 460 Card regions per heap region 1 cards per card region 4096
 CPUs: 12 total, 12 available
 Memory: 16016M
 Large Page Support: Disabled
 NUMA Support: Disabled
 Compressed Oops: Enabled (Zero based)
 Heap Region Size: 2M
 Heap Min Capacity: 8M
 Heap Initial Capacity: 252M
 Heap Max Capacity: 4006M
 Pre-touch: Disabled
 Parallel Workers: 10
 Concurrent Workers: 3
 Concurrent Refinement Workers: 10
 Periodic GC: Disabled

Heap:
 garbage-first heap   total 116736K, used 57718K [0x0000000705a00000, 0x0000000800000000)
  region size 2048K, 8 young (16384K), 2 survivors (4096K)
 Metaspace       used 74642K, committed 75456K, reserved 1179648K
  class space    used 9829K, committed 10240K, reserved 1048576K

Heap Regions: E=young(eden), S=young(survivor), O=old, HS=humongous(starts), HC=humongous(continues), CS=collection set, F=free, TAMS=top-at-mark-start, PB=parsable bottom
|   0|0x0000000705a00000, 0x0000000705c00000, 0x0000000705c00000|100%| O|  |TAMS 0x0000000705a00000| PB 0x0000000705a00000| Untracked 
|   1|0x0000000705c00000, 0x0000000705e00000, 0x0000000705e00000|100%| O|  |TAMS 0x0000000705c00000| PB 0x0000000705c00000| Untracked 
|   2|0x0000000705e00000, 0x0000000706000000, 0x0000000706000000|100%| O|  |TAMS 0x0000000705e00000| PB 0x0000000705e00000| Untracked 
|   3|0x0000000706000000, 0x0000000706200000, 0x0000000706200000|100%| O|  |TAMS 0x0000000706000000| PB 0x0000000706000000| Untracked 
|   4|0x0000000706200000, 0x0000000706400000, 0x0000000706400000|100%| O|  |TAMS 0x0000000706200000| PB 0x0000000706200000| Untracked 
|   5|0x0000000706400000, 0x0000000706600000, 0x0000000706600000|100%| O|  |TAMS 0x0000000706400000| PB 0x0000000706400000| Untracked 
|   6|0x0000000706600000, 0x0000000706800000, 0x0000000706800000|100%| O|  |TAMS 0x0000000706600000| PB 0x0000000706600000| Untracked 
|   7|0x0000000706800000, 0x0000000706a00000, 0x0000000706a00000|100%| O|  |TAMS 0x0000000706800000| PB 0x0000000706800000| Untracked 
|   8|0x0000000706a00000, 0x0000000706c00000, 0x0000000706c00000|100%| O|  |TAMS 0x0000000706a00000| PB 0x0000000706a00000| Untracked 
|   9|0x0000000706c00000, 0x0000000706e00000, 0x0000000706e00000|100%| O|  |TAMS 0x0000000706c00000| PB 0x0000000706c00000| Untracked 
|  10|0x0000000706e00000, 0x0000000707000000, 0x0000000707000000|100%| O|  |TAMS 0x0000000706e00000| PB 0x0000000706e00000| Untracked 
|  11|0x0000000707000000, 0x0000000707200000, 0x0000000707200000|100%| O|  |TAMS 0x0000000707000000| PB 0x0000000707000000| Untracked 
|  12|0x0000000707200000, 0x0000000707400000, 0x0000000707400000|100%| O|  |TAMS 0x0000000707200000| PB 0x0000000707200000| Untracked 
|  13|0x0000000707400000, 0x0000000707600000, 0x0000000707600000|100%| O|  |TAMS 0x0000000707400000| PB 0x0000000707400000| Untracked 
|  14|0x0000000707600000, 0x0000000707800000, 0x0000000707800000|100%| O|  |TAMS 0x0000000707600000| PB 0x0000000707600000| Untracked 
|  15|0x0000000707800000, 0x0000000707a00000, 0x0000000707a00000|100%| O|  |TAMS 0x0000000707800000| PB 0x0000000707800000| Untracked 
|  16|0x0000000707a00000, 0x0000000707c00000, 0x0000000707c00000|100%| O|  |TAMS 0x0000000707a00000| PB 0x0000000707a00000| Untracked 
|  17|0x0000000707c00000, 0x0000000707e00000, 0x0000000707e00000|100%| O|  |TAMS 0x0000000707c00000| PB 0x0000000707c00000| Untracked 
|  18|0x0000000707e00000, 0x0000000708000000, 0x0000000708000000|100%| O|  |TAMS 0x0000000707e00000| PB 0x0000000707e00000| Untracked 
|  19|0x0000000708000000, 0x0000000708200000, 0x0000000708200000|100%| O|  |TAMS 0x0000000708000000| PB 0x0000000708000000| Untracked 
|  20|0x0000000708200000, 0x0000000708400000, 0x0000000708400000|100%| O|  |TAMS 0x0000000708200000| PB 0x0000000708200000| Untracked 
|  21|0x0000000708400000, 0x00000007085cc110, 0x0000000708600000| 89%| O|  |TAMS 0x0000000708400000| PB 0x0000000708400000| Untracked 
|  22|0x0000000708600000, 0x0000000708600000, 0x0000000708800000|  0%| F|  |TAMS 0x0000000708600000| PB 0x0000000708600000| Untracked 
|  23|0x0000000708800000, 0x0000000708800000, 0x0000000708a00000|  0%| F|  |TAMS 0x0000000708800000| PB 0x0000000708800000| Untracked 
|  24|0x0000000708a00000, 0x0000000708a00000, 0x0000000708c00000|  0%| F|  |TAMS 0x0000000708a00000| PB 0x0000000708a00000| Untracked 
|  25|0x0000000708c00000, 0x0000000708c00000, 0x0000000708e00000|  0%| F|  |TAMS 0x0000000708c00000| PB 0x0000000708c00000| Untracked 
|  26|0x0000000708e00000, 0x0000000708e91a50, 0x0000000709000000| 28%| S|CS|TAMS 0x0000000708e00000| PB 0x0000000708e00000| Complete 
|  27|0x0000000709000000, 0x0000000709200000, 0x0000000709200000|100%| S|CS|TAMS 0x0000000709000000| PB 0x0000000709000000| Complete 
|  28|0x0000000709200000, 0x0000000709200000, 0x0000000709400000|  0%| F|  |TAMS 0x0000000709200000| PB 0x0000000709200000| Untracked 
|  29|0x0000000709400000, 0x0000000709400000, 0x0000000709600000|  0%| F|  |TAMS 0x0000000709400000| PB 0x0000000709400000| Untracked 
|  30|0x0000000709600000, 0x0000000709600000, 0x0000000709800000|  0%| F|  |TAMS 0x0000000709600000| PB 0x0000000709600000| Untracked 
|  31|0x0000000709800000, 0x0000000709800000, 0x0000000709a00000|  0%| F|  |TAMS 0x0000000709800000| PB 0x0000000709800000| Untracked 
|  32|0x0000000709a00000, 0x0000000709a00000, 0x0000000709c00000|  0%| F|  |TAMS 0x0000000709a00000| PB 0x0000000709a00000| Untracked 
|  33|0x0000000709c00000, 0x0000000709c00000, 0x0000000709e00000|  0%| F|  |TAMS 0x0000000709c00000| PB 0x0000000709c00000| Untracked 
|  34|0x0000000709e00000, 0x0000000709e00000, 0x000000070a000000|  0%| F|  |TAMS 0x0000000709e00000| PB 0x0000000709e00000| Untracked 
|  35|0x000000070a000000, 0x000000070a000000, 0x000000070a200000|  0%| F|  |TAMS 0x000000070a000000| PB 0x000000070a000000| Untracked 
|  36|0x000000070a200000, 0x000000070a200000, 0x000000070a400000|  0%| F|  |TAMS 0x000000070a200000| PB 0x000000070a200000| Untracked 
|  37|0x000000070a400000, 0x000000070a400000, 0x000000070a600000|  0%| F|  |TAMS 0x000000070a400000| PB 0x000000070a400000| Untracked 
|  38|0x000000070a600000, 0x000000070a600000, 0x000000070a800000|  0%| F|  |TAMS 0x000000070a600000| PB 0x000000070a600000| Untracked 
|  39|0x000000070a800000, 0x000000070a800000, 0x000000070aa00000|  0%| F|  |TAMS 0x000000070a800000| PB 0x000000070a800000| Untracked 
|  40|0x000000070aa00000, 0x000000070aa00000, 0x000000070ac00000|  0%| F|  |TAMS 0x000000070aa00000| PB 0x000000070aa00000| Untracked 
|  41|0x000000070ac00000, 0x000000070ac00000, 0x000000070ae00000|  0%| F|  |TAMS 0x000000070ac00000| PB 0x000000070ac00000| Untracked 
|  42|0x000000070ae00000, 0x000000070ae00000, 0x000000070b000000|  0%| F|  |TAMS 0x000000070ae00000| PB 0x000000070ae00000| Untracked 
|  43|0x000000070b000000, 0x000000070b000000, 0x000000070b200000|  0%| F|  |TAMS 0x000000070b000000| PB 0x000000070b000000| Untracked 
|  44|0x000000070b200000, 0x000000070b200000, 0x000000070b400000|  0%| F|  |TAMS 0x000000070b200000| PB 0x000000070b200000| Untracked 
|  45|0x000000070b400000, 0x000000070b400000, 0x000000070b600000|  0%| F|  |TAMS 0x000000070b400000| PB 0x000000070b400000| Untracked 
|  46|0x000000070b600000, 0x000000070b600000, 0x000000070b800000|  0%| F|  |TAMS 0x000000070b600000| PB 0x000000070b600000| Untracked 
|  47|0x000000070b800000, 0x000000070b800000, 0x000000070ba00000|  0%| F|  |TAMS 0x000000070b800000| PB 0x000000070b800000| Untracked 
|  48|0x000000070ba00000, 0x000000070ba00000, 0x000000070bc00000|  0%| F|  |TAMS 0x000000070ba00000| PB 0x000000070ba00000| Untracked 
|  49|0x000000070bc00000, 0x000000070bc00000, 0x000000070be00000|  0%| F|  |TAMS 0x000000070bc00000| PB 0x000000070bc00000| Untracked 
|  50|0x000000070be00000, 0x000000070be00000, 0x000000070c000000|  0%| F|  |TAMS 0x000000070be00000| PB 0x000000070be00000| Untracked 
|  51|0x000000070c000000, 0x000000070c13d300, 0x000000070c200000| 61%| E|  |TAMS 0x000000070c000000| PB 0x000000070c000000| Complete 
| 102|0x0000000712600000, 0x0000000712800000, 0x0000000712800000|100%| E|CS|TAMS 0x0000000712600000| PB 0x0000000712600000| Complete 
| 103|0x0000000712800000, 0x0000000712a00000, 0x0000000712a00000|100%| E|CS|TAMS 0x0000000712800000| PB 0x0000000712800000| Complete 
| 104|0x0000000712a00000, 0x0000000712c00000, 0x0000000712c00000|100%| E|CS|TAMS 0x0000000712a00000| PB 0x0000000712a00000| Complete 
| 107|0x0000000713000000, 0x0000000713200000, 0x0000000713200000|100%| E|CS|TAMS 0x0000000713000000| PB 0x0000000713000000| Complete 
| 125|0x0000000715400000, 0x0000000715600000, 0x0000000715600000|100%| E|CS|TAMS 0x0000000715400000| PB 0x0000000715400000| Complete 

Card table byte_map: [0x00000232f8980000,0x00000232f9160000] _byte_map_base: 0x00000232f5153000

Marking Bits: (CMBitMap*) 0x00000232ef87b880
 Bits: [0x00000232f9160000, 0x00000232fcff8000)

Polling page: 0x00000232eefc0000

Metaspace:

Usage:
  Non-class:     63.29 MB used.
      Class:      9.60 MB used.
       Both:     72.89 MB used.

Virtual space:
  Non-class space:      128.00 MB reserved,      63.69 MB ( 50%) committed,  2 nodes.
      Class space:        1.00 GB reserved,      10.00 MB ( <1%) committed,  1 nodes.
             Both:        1.12 GB reserved,      73.69 MB (  6%) committed. 

Chunk freelists:
   Non-Class:  15.78 MB
       Class:  6.05 MB
        Both:  21.83 MB

MaxMetaspaceSize: unlimited
CompressedClassSpaceSize: 1.00 GB
Initial GC threshold: 21.00 MB
Current GC threshold: 98.38 MB
CDS: on
 - commit_granule_bytes: 65536.
 - commit_granule_words: 8192.
 - virtual_space_node_default_size: 8388608.
 - enlarge_chunks_in_place: 1.
 - use_allocation_guard: 0.


Internal statistics:

num_allocs_failed_limit: 9.
num_arena_births: 1126.
num_arena_deaths: 0.
num_vsnodes_births: 3.
num_vsnodes_deaths: 0.
num_space_committed: 1179.
num_space_uncommitted: 0.
num_chunks_returned_to_freelist: 9.
num_chunks_taken_from_freelist: 3934.
num_chunk_merges: 9.
num_chunk_splits: 2767.
num_chunks_enlarged: 2083.
num_inconsistent_stats: 0.

CodeHeap 'non-profiled nmethods': size=120000Kb used=6542Kb max_used=6542Kb free=113457Kb
 bounds [0x0000023287ad0000, 0x0000023288140000, 0x000002328f000000]
CodeHeap 'profiled nmethods': size=120000Kb used=17353Kb max_used=17353Kb free=102646Kb
 bounds [0x0000023280000000, 0x0000023281100000, 0x0000023287530000]
CodeHeap 'non-nmethods': size=5760Kb used=1716Kb max_used=1733Kb free=4043Kb
 bounds [0x0000023287530000, 0x00000232877a0000, 0x0000023287ad0000]
 total_blobs=9416 nmethods=8676 adapters=643
 compilation: enabled
              stopped_count=0, restarted_count=0
 full_count=0

Compilation events (20 events):
Event: 11.661 Thread 0x00000232ffc934d0 nmethod 9574 0x00000232810e3090 code [0x00000232810e3220, 0x00000232810e3358]
Event: 11.661 Thread 0x00000232ffc934d0 9573       1       org.hibernate.loader.ast.internal.LoaderSqlAstCreationState::getSqlAliasBaseGenerator (5 bytes)
Event: 11.661 Thread 0x00000232ffc934d0 nmethod 9573 0x0000023288131110 code [0x00000232881312a0, 0x0000023288131370]
Event: 11.662 Thread 0x00000232ffc934d0 9575   !   3       org.hibernate.sql.results.graph.DomainResultGraphPrinter::visitFetches (94 bytes)
Event: 11.663 Thread 0x00000232ffc934d0 nmethod 9575 0x00000232810e3410 code [0x00000232810e36c0, 0x00000232810e41c8]
Event: 11.663 Thread 0x00000232ffc934d0 9576       3       org.hibernate.sql.ast.SqlTreePrinter::pad (24 bytes)
Event: 11.663 Thread 0x00000232d926e760 9580       4       java.lang.String::format (16 bytes)
Event: 11.663 Thread 0x00000232ffc934d0 nmethod 9576 0x00000232810e4710 code [0x00000232810e48e0, 0x00000232810e4c80]
Event: 11.663 Thread 0x00000232ffc934d0 9578       3       org.hibernate.sql.ast.SqlTreePrinter::logWithIndentation (17 bytes)
Event: 11.664 Thread 0x00000232ffc934d0 nmethod 9578 0x00000232810e4e10 code [0x00000232810e5120, 0x00000232810e6450]
Event: 11.664 Thread 0x00000232ffc934d0 9579       3       java.lang.System::lineSeparator (4 bytes)
Event: 11.664 Thread 0x00000232ffc934d0 nmethod 9579 0x00000232810e6b10 code [0x00000232810e6ca0, 0x00000232810e6da0]
Event: 11.664 Thread 0x00000232ffc934d0 9581       3       org.hibernate.sql.ast.SqlTreePrinter::logWithIndentation (24 bytes)
Event: 11.664 Thread 0x00000232ffc934d0 nmethod 9581 0x00000232810e6e10 code [0x00000232810e7060, 0x00000232810e79d8]
Event: 11.665 Thread 0x00000232ffc934d0 9582  s    3       java.lang.StringBuffer::append (16 bytes)
Event: 11.665 Thread 0x00000232ffc934d0 nmethod 9582 0x00000232810e7d90 code [0x00000232810e7f60, 0x00000232810e8338]
Event: 11.665 Thread 0x00000232ffc934d0 9583       1       org.hibernate.sql.ast.spi.SqlAliasBaseImpl::getAliasStem (5 bytes)
Event: 11.665 Thread 0x00000232ffc934d0 nmethod 9583 0x0000023288131410 code [0x00000232881315a0, 0x0000023288131670]
Event: 11.665 Thread 0x00000232ffc934d0 9577       3       org.hibernate.sql.ast.tree.from.AbstractTableGroup::getTableGroupJoins (21 bytes)
Event: 11.665 Thread 0x00000232ffc934d0 nmethod 9577 0x00000232810e8490 code [0x00000232810e8640, 0x00000232810e8838]

GC Heap History (20 events):
Event: 3.576 GC heap before
{Heap before GC invocations=5 (full 0):
 garbage-first heap   total 90112K, used 67372K [0x0000000705a00000, 0x0000000800000000)
  region size 2048K, 26 young (53248K), 4 survivors (8192K)
 Metaspace       used 26840K, committed 27328K, reserved 1114112K
  class space    used 3272K, committed 3520K, reserved 1048576K
}
Event: 3.585 GC heap after
{Heap after GC invocations=6 (full 0):
 garbage-first heap   total 90112K, used 27328K [0x0000000705a00000, 0x0000000800000000)
  region size 2048K, 4 young (8192K), 4 survivors (8192K)
 Metaspace       used 26840K, committed 27328K, reserved 1114112K
  class space    used 3272K, committed 3520K, reserved 1048576K
}
Event: 4.527 GC heap before
{Heap before GC invocations=6 (full 0):
 garbage-first heap   total 90112K, used 66240K [0x0000000705a00000, 0x0000000800000000)
  region size 2048K, 23 young (47104K), 4 survivors (8192K)
 Metaspace       used 30347K, committed 30784K, reserved 1114112K
  class space    used 3732K, committed 3968K, reserved 1048576K
}
Event: 4.539 GC heap after
{Heap after GC invocations=7 (full 0):
 garbage-first heap   total 90112K, used 28686K [0x0000000705a00000, 0x0000000800000000)
  region size 2048K, 2 young (4096K), 2 survivors (4096K)
 Metaspace       used 30347K, committed 30784K, reserved 1114112K
  class space    used 3732K, committed 3968K, reserved 1048576K
}
Event: 5.459 GC heap before
{Heap before GC invocations=7 (full 0):
 garbage-first heap   total 90112K, used 69646K [0x0000000705a00000, 0x0000000800000000)
  region size 2048K, 22 young (45056K), 2 survivors (4096K)
 Metaspace       used 35134K, committed 35648K, reserved 1114112K
  class space    used 4460K, committed 4736K, reserved 1048576K
}
Event: 5.467 GC heap after
{Heap after GC invocations=8 (full 0):
 garbage-first heap   total 116736K, used 31526K [0x0000000705a00000, 0x0000000800000000)
  region size 2048K, 3 young (6144K), 3 survivors (6144K)
 Metaspace       used 35134K, committed 35648K, reserved 1114112K
  class space    used 4460K, committed 4736K, reserved 1048576K
}
Event: 5.525 GC heap before
{Heap before GC invocations=8 (full 0):
 garbage-first heap   total 116736K, used 33574K [0x0000000705a00000, 0x0000000800000000)
  region size 2048K, 5 young (10240K), 3 survivors (6144K)
 Metaspace       used 35458K, committed 35968K, reserved 1114112K
  class space    used 4508K, committed 4736K, reserved 1048576K
}
Event: 5.533 GC heap after
{Heap after GC invocations=9 (full 0):
 garbage-first heap   total 116736K, used 31907K [0x0000000705a00000, 0x0000000800000000)
  region size 2048K, 2 young (4096K), 2 survivors (4096K)
 Metaspace       used 35458K, committed 35968K, reserved 1114112K
  class space    used 4508K, committed 4736K, reserved 1048576K
}
Event: 7.013 GC heap before
{Heap before GC invocations=10 (full 0):
 garbage-first heap   total 116736K, used 89251K [0x0000000705a00000, 0x0000000800000000)
  region size 2048K, 30 young (61440K), 2 survivors (4096K)
 Metaspace       used 44710K, committed 45312K, reserved 1114112K
  class space    used 5657K, committed 5888K, reserved 1048576K
}
Event: 7.030 GC heap after
{Heap after GC invocations=11 (full 0):
 garbage-first heap   total 116736K, used 35925K [0x0000000705a00000, 0x0000000800000000)
  region size 2048K, 4 young (8192K), 4 survivors (8192K)
 Metaspace       used 44710K, committed 45312K, reserved 1114112K
  class space    used 5657K, committed 5888K, reserved 1048576K
}
Event: 8.388 GC heap before
{Heap before GC invocations=11 (full 0):
 garbage-first heap   total 116736K, used 91221K [0x0000000705a00000, 0x0000000800000000)
  region size 2048K, 32 young (65536K), 4 survivors (8192K)
 Metaspace       used 53995K, committed 54656K, reserved 1114112K
  class space    used 6868K, committed 7168K, reserved 1048576K
}
Event: 8.397 GC heap after
{Heap after GC invocations=12 (full 0):
 garbage-first heap   total 116736K, used 40416K [0x0000000705a00000, 0x0000000800000000)
  region size 2048K, 3 young (6144K), 3 survivors (6144K)
 Metaspace       used 53995K, committed 54656K, reserved 1114112K
  class space    used 6868K, committed 7168K, reserved 1048576K
}
Event: 8.795 GC heap before
{Heap before GC invocations=12 (full 0):
 garbage-first heap   total 116736K, used 60896K [0x0000000705a00000, 0x0000000800000000)
  region size 2048K, 14 young (28672K), 3 survivors (6144K)
 Metaspace       used 59482K, committed 60160K, reserved 1114112K
  class space    used 7749K, committed 8064K, reserved 1048576K
}
Event: 8.800 GC heap after
{Heap after GC invocations=13 (full 0):
 garbage-first heap   total 116736K, used 42013K [0x0000000705a00000, 0x0000000800000000)
  region size 2048K, 1 young (2048K), 1 survivors (2048K)
 Metaspace       used 59482K, committed 60160K, reserved 1114112K
  class space    used 7749K, committed 8064K, reserved 1048576K
}
Event: 10.375 GC heap before
{Heap before GC invocations=14 (full 0):
 garbage-first heap   total 116736K, used 97309K [0x0000000705a00000, 0x0000000800000000)
  region size 2048K, 28 young (57344K), 1 survivors (2048K)
 Metaspace       used 67841K, committed 68608K, reserved 1114112K
  class space    used 8835K, committed 9216K, reserved 1048576K
}
Event: 10.380 GC heap after
{Heap after GC invocations=15 (full 0):
 garbage-first heap   total 116736K, used 45556K [0x0000000705a00000, 0x0000000800000000)
  region size 2048K, 3 young (6144K), 3 survivors (6144K)
 Metaspace       used 67841K, committed 68608K, reserved 1114112K
  class space    used 8835K, committed 9216K, reserved 1048576K
}
Event: 11.008 GC heap before
{Heap before GC invocations=15 (full 0):
 garbage-first heap   total 116736K, used 98804K [0x0000000705a00000, 0x0000000800000000)
  region size 2048K, 29 young (59392K), 3 survivors (6144K)
 Metaspace       used 70983K, committed 71744K, reserved 1114112K
  class space    used 9343K, committed 9728K, reserved 1048576K
}
Event: 11.014 GC heap after
{Heap after GC invocations=16 (full 0):
 garbage-first heap   total 116736K, used 46063K [0x0000000705a00000, 0x0000000800000000)
  region size 2048K, 3 young (6144K), 3 survivors (6144K)
 Metaspace       used 70983K, committed 71744K, reserved 1114112K
  class space    used 9343K, committed 9728K, reserved 1048576K
}
Event: 11.484 GC heap before
{Heap before GC invocations=16 (full 0):
 garbage-first heap   total 116736K, used 101359K [0x0000000705a00000, 0x0000000800000000)
  region size 2048K, 30 young (61440K), 3 survivors (6144K)
 Metaspace       used 73400K, committed 74176K, reserved 1114112K
  class space    used 9645K, committed 10048K, reserved 1048576K
}
Event: 11.489 GC heap after
{Heap after GC invocations=17 (full 0):
 garbage-first heap   total 116736K, used 47478K [0x0000000705a00000, 0x0000000800000000)
  region size 2048K, 2 young (4096K), 2 survivors (4096K)
 Metaspace       used 73400K, committed 74176K, reserved 1114112K
  class space    used 9645K, committed 10048K, reserved 1048576K
}

Dll operation events (11 events):
Event: 0.007 Loaded shared library C:\Program Files\Java\jdk-21\bin\java.dll
Event: 0.035 Loaded shared library C:\Program Files\Java\jdk-21\bin\jsvml.dll
Event: 0.111 Loaded shared library C:\Program Files\Java\jdk-21\bin\net.dll
Event: 0.112 Loaded shared library C:\Program Files\Java\jdk-21\bin\nio.dll
Event: 0.114 Loaded shared library C:\Program Files\Java\jdk-21\bin\zip.dll
Event: 0.259 Loaded shared library C:\Program Files\Java\jdk-21\bin\jimage.dll
Event: 2.072 Loaded shared library C:\Program Files\Java\jdk-21\bin\sunmscapi.dll
Event: 2.613 Loaded shared library C:\Program Files\Java\jdk-21\bin\extnet.dll
Event: 6.541 Loaded shared library C:\Program Files\Java\jdk-21\bin\management.dll
Event: 6.544 Loaded shared library C:\Program Files\Java\jdk-21\bin\management_ext.dll
Event: 8.474 Loaded shared library C:\Program Files\Java\jdk-21\bin\verify.dll

Deoptimization events (20 events):
Event: 11.613 Thread 0x00000232ed697d10 Uncommon trap: trap_request=0xffffffde fr.pc=0x00000232880df650 relative=0x0000000000000bf0
Event: 11.613 Thread 0x00000232ed697d10 Uncommon trap: reason=class_check action=maybe_recompile pc=0x00000232880df650 method=java.util.AbstractList.equals(Ljava/lang/Object;)Z @ 8 c2
Event: 11.613 Thread 0x00000232ed697d10 DEOPT PACKING pc=0x00000232880df650 sp=0x0000004e65cfc2f0
Event: 11.613 Thread 0x00000232ed697d10 DEOPT UNPACKING pc=0x00000232875846a2 sp=0x0000004e65cfc2a0 mode 2
Event: 11.613 Thread 0x00000232ed697d10 Uncommon trap: trap_request=0xffffffde fr.pc=0x00000232880df650 relative=0x0000000000000bf0
Event: 11.613 Thread 0x00000232ed697d10 Uncommon trap: reason=class_check action=maybe_recompile pc=0x00000232880df650 method=java.util.AbstractList.equals(Ljava/lang/Object;)Z @ 8 c2
Event: 11.613 Thread 0x00000232ed697d10 DEOPT PACKING pc=0x00000232880df650 sp=0x0000004e65cfc200
Event: 11.613 Thread 0x00000232ed697d10 DEOPT UNPACKING pc=0x00000232875846a2 sp=0x0000004e65cfc1b0 mode 2
Event: 11.613 Thread 0x00000232ed697d10 Uncommon trap: trap_request=0xffffff45 fr.pc=0x00000232880c9a34 relative=0x0000000000000a14
Event: 11.613 Thread 0x00000232ed697d10 Uncommon trap: reason=unstable_if action=reinterpret pc=0x00000232880c9a34 method=java.util.HashMap.removeNode(ILjava/lang/Object;Ljava/lang/Object;ZZ)Ljava/util/HashMap$Node; @ 71 c2
Event: 11.613 Thread 0x00000232ed697d10 DEOPT PACKING pc=0x00000232880c9a34 sp=0x0000004e65cfc2e0
Event: 11.613 Thread 0x00000232ed697d10 DEOPT UNPACKING pc=0x00000232875846a2 sp=0x0000004e65cfc2b0 mode 2
Event: 11.614 Thread 0x00000232ed697d10 Uncommon trap: trap_request=0xffffff3d fr.pc=0x0000023287dde4b8 relative=0x0000000000000118
Event: 11.615 Thread 0x00000232ed697d10 Uncommon trap: reason=unstable_fused_if action=reinterpret pc=0x0000023287dde4b8 method=java.util.Formatter$Conversion.isText(C)Z @ 1 c2
Event: 11.615 Thread 0x00000232ed697d10 DEOPT PACKING pc=0x0000023287dde4b8 sp=0x0000004e65cfd6b0
Event: 11.615 Thread 0x00000232ed697d10 DEOPT UNPACKING pc=0x00000232875846a2 sp=0x0000004e65cfd5e0 mode 2
Event: 11.648 Thread 0x00000232ed697d10 Uncommon trap: trap_request=0xffffff54 fr.pc=0x000002328812d748 relative=0x0000000000000108
Event: 11.648 Thread 0x00000232ed697d10 Uncommon trap: reason=speculate_null_assert action=make_not_entrant pc=0x000002328812d748 method=java.util.Formatter$FormatSpecifier.printString(Ljava/util/Formatter;Ljava/lang/Object;Ljava/util/Locale;)V @ 72 c2
Event: 11.648 Thread 0x00000232ed697d10 DEOPT PACKING pc=0x000002328812d748 sp=0x0000004e65cfd470
Event: 11.648 Thread 0x00000232ed697d10 DEOPT UNPACKING pc=0x00000232875846a2 sp=0x0000004e65cfd400 mode 2

Classes loaded (20 events):
Event: 10.117 Loading class java/util/concurrent/CompletableFuture$Completion
Event: 10.117 Loading class java/util/concurrent/CompletableFuture$AsynchronousCompletionTask
Event: 10.117 Loading class java/util/concurrent/CompletableFuture$AsynchronousCompletionTask done
Event: 10.117 Loading class java/util/concurrent/CompletableFuture$Completion done
Event: 10.159 Loading class java/util/concurrent/CancellationException
Event: 10.159 Loading class java/util/concurrent/CancellationException done
Event: 10.218 Loading class java/util/TreeMap$EntrySpliterator
Event: 10.218 Loading class java/util/TreeMap$TreeMapSpliterator
Event: 10.218 Loading class java/util/TreeMap$TreeMapSpliterator done
Event: 10.218 Loading class java/util/TreeMap$EntrySpliterator done
Event: 10.404 Loading class java/util/ArrayList$ListItr
Event: 10.404 Loading class java/util/ArrayList$ListItr done
Event: 10.526 Loading class java/lang/reflect/AnnotatedArrayType
Event: 10.526 Loading class java/lang/reflect/AnnotatedArrayType done
Event: 10.540 Loading class java/lang/reflect/AnnotatedParameterizedType
Event: 10.540 Loading class java/lang/reflect/AnnotatedParameterizedType done
Event: 10.557 Loading class java/lang/foreign/ValueLayout
Event: 10.558 Loading class java/lang/foreign/MemoryLayout
Event: 10.558 Loading class java/lang/foreign/MemoryLayout done
Event: 10.558 Loading class java/lang/foreign/ValueLayout done

Classes unloaded (0 events):
No events

Classes redefined (0 events):
No events

Internal exceptions (20 events):
Event: 10.169 Thread 0x00000232ed697d10 Exception <a 'java/lang/IncompatibleClassChangeError'{0x0000000709cd45a8}: Found class java.lang.Object, but interface was expected> (0x0000000709cd45a8) 
thrown [s\open\src\hotspot\share\interpreter\linkResolver.cpp, line 840]
Event: 10.183 Thread 0x00000232ed697d10 Exception <a 'java/lang/NoSuchMethodError'{0x0000000709d6eda0}: 'java.lang.Object java.lang.invoke.DirectMethodHandle$Holder.invokeStaticInit(java.lang.Object, java.lang.Object, int, java.lang.Object)'> (0x0000000709d6eda0) 
thrown [s\open\src\hotspot\share\interpreter\linkResolver.cpp, line 773]
Event: 11.219 Thread 0x00000232ed697d10 Implicit null exception at 0x00000232880d5181 to 0x00000232880d5700
Event: 11.238 Thread 0x00000232ed697d10 Implicit null exception at 0x00000232880da90a to 0x00000232880daeec
Event: 11.272 Thread 0x00000232ed697d10 Exception <a 'java/lang/NoSuchMethodError'{0x0000000709e5c6a8}: 'void java.lang.invoke.DirectMethodHandle$Holder.invokeStaticInit(java.lang.Object, int, java.lang.Object, java.lang.Object, java.lang.Object, java.lang.Object)'> (0x0000000709e5c6a8) 
thrown [s\open\src\hotspot\share\interpreter\linkResolver.cpp, line 773]
Event: 11.323 Thread 0x00000232ed697d10 Exception <a 'java/lang/NoSuchMethodError'{0x0000000709c262b0}: 'int java.lang.invoke.DirectMethodHandle$Holder.invokeStatic(java.lang.Object, java.lang.Object, java.lang.Object, java.lang.Object, java.lang.Object, java.lang.Object)'> (0x0000000709c262b0) 
thrown [s\open\src\hotspot\share\interpreter\linkResolver.cpp, line 773]
Event: 11.325 Thread 0x00000232ed697d10 Exception <a 'java/lang/NoSuchMethodError'{0x0000000709c382c8}: 'int java.lang.invoke.DirectMethodHandle$Holder.invokeStatic(java.lang.Object, java.lang.Object, java.lang.Object, java.lang.Object, java.lang.Object)'> (0x0000000709c382c8) 
thrown [s\open\src\hotspot\share\interpreter\linkResolver.cpp, line 773]
Event: 11.336 Thread 0x00000232ed697d10 Exception <a 'java/lang/NoSuchMethodError'{0x0000000709cbaea0}: 'int java.lang.invoke.Invokers$Holder.invokeExact_MT(java.lang.Object, java.lang.Object, java.lang.Object)'> (0x0000000709cbaea0) 
thrown [s\open\src\hotspot\share\interpreter\linkResolver.cpp, line 773]
Event: 11.452 Thread 0x00000232ed697d10 Exception <a 'java/lang/NoSuchMethodError'{0x000000070923d430}: 'void java.lang.invoke.DirectMethodHandle$Holder.invokeSpecial(java.lang.Object, java.lang.Object, java.lang.Object, java.lang.Object, java.lang.Object, java.lang.Object, java.lang.Object, java.lang.Object)'> (0x000000070923d430) 
thrown [s\open\src\hotspot\share\interpreter\linkResolver.cpp, line 773]
Event: 11.455 Thread 0x00000232ed697d10 Exception <a 'java/lang/NoSuchMethodError'{0x0000000709274640}: 'void java.lang.invoke.DirectMethodHandle$Holder.invokeSpecial(java.lang.Object, java.lang.Object, int, java.lang.Object)'> (0x0000000709274640) 
thrown [s\open\src\hotspot\share\interpreter\linkResolver.cpp, line 773]
Event: 11.481 Thread 0x00000232ed697d10 Exception <a 'java/lang/NoSuchMethodError'{0x00000007093d65a0}: 'java.lang.Object java.lang.invoke.DirectMethodHandle$Holder.newInvokeSpecial(java.lang.Object, java.lang.Object, java.lang.Object, java.lang.Object, java.lang.Object, int, java.lang.Object)'> (0x00000007093d65a0) 
thrown [s\open\src\hotspot\share\interpreter\linkResolver.cpp, line 773]
Event: 11.490 Thread 0x00000232ed697d10 Exception <a 'java/lang/NoSuchMethodError'{0x000000071540fb18}: 'java.lang.Object java.lang.invoke.DirectMethodHandle$Holder.newInvokeSpecial(java.lang.Object, java.lang.Object, java.lang.Object, java.lang.Object, java.lang.Object, java.lang.Object, java.lang.Object, java.lang.Object, java.lang.Object, java.lang.Object, java.lang.Object, java.lang.Object)'> (0x000000071540fb18) 
thrown [s\open\src\hotspot\share\interpreter\linkResolver.cpp, line 773]
Event: 11.491 Thread 0x00000232ed697d10 Exception <a 'java/lang/NoSuchMethodError'{0x00000007154143b0}: 'java.lang.Object java.lang.invoke.DirectMethodHandle$Holder.invokeSpecial(java.lang.Object, java.lang.Object, java.lang.Object, java.lang.Object, java.lang.Object, java.lang.Object, java.lang.Object, java.lang.Object, java.lang.Object, java.lang.Object, java.lang.Object, java.lang.Object, java.lang.Object)'> (0x00000007154143b0) 
thrown [s\open\src\hotspot\share\interpreter\linkResolver.cpp, line 773]
Event: 11.491 Thread 0x00000232ed697d10 Exception <a 'java/lang/NoSuchMethodError'{0x0000000715418840}: 'java.lang.Object java.lang.invoke.Invokers$Holder.linkToTargetMethod(java.lang.Object, java.lang.Object, java.lang.Object, java.lang.Object, java.lang.Object, java.lang.Object, java.lang.Object, java.lang.Object, java.lang.Object, java.lang.Object, java.lang.Object, java.lang.Object)'> (0x0000000715418840) 
thrown [s\open\src\hotspot\share\interpreter\linkResolver.cpp, line 773]
Event: 11.504 Thread 0x00000232ed697d10 Exception <a 'java/lang/IncompatibleClassChangeError'{0x00000007154ba1a0}: Found class java.lang.Object, but interface was expected> (0x00000007154ba1a0) 
thrown [s\open\src\hotspot\share\interpreter\linkResolver.cpp, line 840]
Event: 11.546 Thread 0x00000232ed697d10 Exception <a 'java/lang/IncompatibleClassChangeError'{0x00000007130aa290}: Found class java.lang.Object, but interface was expected> (0x00000007130aa290) 
thrown [s\open\src\hotspot\share\interpreter\linkResolver.cpp, line 840]
Event: 11.560 Thread 0x00000232ed697d10 Exception <a 'java/lang/NoSuchMethodError'{0x0000000713141bb0}: 'java.lang.Object java.lang.invoke.DirectMethodHandle$Holder.newInvokeSpecial(java.lang.Object, java.lang.Object, int, java.lang.Object, int, java.lang.Object, java.lang.Object)'> (0x0000000713141bb0) 
thrown [s\open\src\hotspot\share\interpreter\linkResolver.cpp, line 773]
Event: 11.581 Thread 0x00000232ed697d10 Exception <a 'java/lang/NoSuchMethodError'{0x0000000712a29770}: 'java.lang.Object java.lang.invoke.DirectMethodHandle$Holder.newInvokeSpecial(java.lang.Object, java.lang.Object, java.lang.Object, java.lang.Object, java.lang.Object, java.lang.Object, java.lang.Object, int)'> (0x0000000712a29770) 
thrown [s\open\src\hotspot\share\interpreter\linkResolver.cpp, line 773]
Event: 11.582 Thread 0x00000232ed697d10 Exception <a 'java/lang/NoSuchMethodError'{0x0000000712a2dc88}: 'java.lang.Object java.lang.invoke.DirectMethodHandle$Holder.invokeSpecial(java.lang.Object, java.lang.Object, java.lang.Object, java.lang.Object, java.lang.Object, java.lang.Object, java.lang.Object, java.lang.Object, int)'> (0x0000000712a2dc88) 
thrown [s\open\src\hotspot\share\interpreter\linkResolver.cpp, line 773]
Event: 11.582 Thread 0x00000232ed697d10 Exception <a 'java/lang/NoSuchMethodError'{0x0000000712a31c58}: 'java.lang.Object java.lang.invoke.Invokers$Holder.linkToTargetMethod(java.lang.Object, java.lang.Object, java.lang.Object, java.lang.Object, java.lang.Object, java.lang.Object, int, java.lang.Object)'> (0x0000000712a31c58) 
thrown [s\open\src\hotspot\share\interpreter\linkResolver.cpp, line 773]

ZGC Phase Switch (0 events):
No events

VM Operations (20 events):
Event: 10.818 Executing VM operation: ICBufferFull
Event: 10.819 Executing VM operation: ICBufferFull done
Event: 10.924 Executing VM operation: ICBufferFull
Event: 10.924 Executing VM operation: ICBufferFull done
Event: 11.008 Executing VM operation: G1CollectForAllocation (G1 Evacuation Pause)
Event: 11.014 Executing VM operation: G1CollectForAllocation (G1 Evacuation Pause) done
Event: 11.207 Executing VM operation: ICBufferFull
Event: 11.207 Executing VM operation: ICBufferFull done
Event: 11.323 Executing VM operation: HandshakeAllThreads (Deoptimize)
Event: 11.323 Executing VM operation: HandshakeAllThreads (Deoptimize) done
Event: 11.464 Executing VM operation: HandshakeAllThreads (Deoptimize)
Event: 11.464 Executing VM operation: HandshakeAllThreads (Deoptimize) done
Event: 11.484 Executing VM operation: G1CollectForAllocation (G1 Evacuation Pause)
Event: 11.489 Executing VM operation: G1CollectForAllocation (G1 Evacuation Pause) done
Event: 11.558 Executing VM operation: HandshakeAllThreads (Deoptimize)
Event: 11.558 Executing VM operation: HandshakeAllThreads (Deoptimize) done
Event: 11.594 Executing VM operation: HandshakeAllThreads (Deoptimize)
Event: 11.594 Executing VM operation: HandshakeAllThreads (Deoptimize) done
Event: 11.601 Executing VM operation: HandshakeAllThreads (Deoptimize)
Event: 11.601 Executing VM operation: HandshakeAllThreads (Deoptimize) done

Events (20 events):
Event: 8.828 Thread 0x00000232ffc52c40 flushing nmethod 0x0000023287c32210
Event: 8.828 Thread 0x00000232ffc52c40 flushing nmethod 0x0000023287c47410
Event: 8.828 Thread 0x00000232ffc52c40 flushing nmethod 0x0000023287c26610
Event: 8.828 Thread 0x00000232ffc52c40 flushing nmethod 0x0000023287bf9210
Event: 8.828 Thread 0x00000232ffc52c40 flushing nmethod 0x0000023287bf6810
Event: 8.828 Thread 0x00000232ffc52c40 flushing nmethod 0x0000023287bd1190
Event: 8.828 Thread 0x00000232ffc52c40 flushing nmethod 0x0000023287b89210
Event: 8.828 Thread 0x00000232ffc52c40 flushing nmethod 0x0000023287b68390
Event: 8.828 Thread 0x00000232ffc52c40 flushing nmethod 0x0000023287b55210
Event: 8.828 Thread 0x00000232ffc52c40 flushing nmethod 0x0000023287b3c710
Event: 8.828 Thread 0x00000232ffc52c40 flushing nmethod 0x0000023287b3c410
Event: 8.828 Thread 0x00000232ffc52c40 flushing nmethod 0x0000023287b29890
Event: 8.828 Thread 0x00000232ffc52c40 flushing nmethod 0x0000023287b0ce90
Event: 8.828 Thread 0x00000232ffc52c40 flushing nmethod 0x0000023287b0a410
Event: 8.828 Thread 0x00000232ffc52c40 flushing nmethod 0x0000023287af1e10
Event: 8.828 Thread 0x00000232ffc52c40 flushing nmethod 0x0000023287aef990
Event: 8.828 Thread 0x00000232ffc52c40 flushing nmethod 0x0000023287adfe90
Event: 9.739 Thread 0x00000232d926a340 Thread added: 0x00000232d926a340
Event: 10.365 Thread 0x00000232d926a340 Thread exited: 0x00000232d926a340
Event: 10.650 Thread 0x00000232d926e760 Thread added: 0x00000232d926e760


Dynamic libraries:
0x00007ff699d50000 - 0x00007ff699d60000 	C:\Program Files\Java\jdk-21\bin\java.exe
0x00007ff93b8f0000 - 0x00007ff93bb07000 	C:\WINDOWS\SYSTEM32\ntdll.dll
0x00007ff93a450000 - 0x00007ff93a514000 	C:\WINDOWS\System32\KERNEL32.DLL
0x00007ff939120000 - 0x00007ff9394f2000 	C:\WINDOWS\System32\KERNELBASE.dll
0x00007ff9389e0000 - 0x00007ff938af1000 	C:\WINDOWS\System32\ucrtbase.dll
0x00007ff9240f0000 - 0x00007ff92410b000 	C:\Program Files\Java\jdk-21\bin\VCRUNTIME140.dll
0x00007ff9230c0000 - 0x00007ff9230d9000 	C:\Program Files\Java\jdk-21\bin\jli.dll
0x00007ff93b480000 - 0x00007ff93b531000 	C:\WINDOWS\System32\ADVAPI32.dll
0x00007ff939ba0000 - 0x00007ff939c47000 	C:\WINDOWS\System32\msvcrt.dll
0x00007ff93b6f0000 - 0x00007ff93b798000 	C:\WINDOWS\System32\sechost.dll
0x00007ff938b00000 - 0x00007ff938b28000 	C:\WINDOWS\System32\bcrypt.dll
0x00007ff93a320000 - 0x00007ff93a434000 	C:\WINDOWS\System32\RPCRT4.dll
0x00007ff939d00000 - 0x00007ff939eb1000 	C:\WINDOWS\System32\USER32.dll
0x00007ff938e50000 - 0x00007ff938e76000 	C:\WINDOWS\System32\win32u.dll
0x00007ff923cf0000 - 0x00007ff923f8b000 	C:\WINDOWS\WinSxS\amd64_microsoft.windows.common-controls_6595b64144ccf1df_6.0.22621.5415_none_270d77d17387d7da\COMCTL32.dll
0x00007ff939580000 - 0x00007ff9395a9000 	C:\WINDOWS\System32\GDI32.dll
0x00007ff938ca0000 - 0x00007ff938dc3000 	C:\WINDOWS\System32\gdi32full.dll
0x00007ff938e80000 - 0x00007ff938f1a000 	C:\WINDOWS\System32\msvcp_win.dll
0x00007ff9215a0000 - 0x00007ff9215aa000 	C:\WINDOWS\SYSTEM32\VERSION.dll
0x00007ff93b6b0000 - 0x00007ff93b6e1000 	C:\WINDOWS\System32\IMM32.DLL
0x00007ff9240e0000 - 0x00007ff9240ec000 	C:\Program Files\Java\jdk-21\bin\vcruntime140_1.dll
0x00007ff8ffae0000 - 0x00007ff8ffb6e000 	C:\Program Files\Java\jdk-21\bin\msvcp140.dll
0x00007ff8e5eb0000 - 0x00007ff8e6bc5000 	C:\Program Files\Java\jdk-21\bin\server\jvm.dll
0x00007ff93a050000 - 0x00007ff93a0c1000 	C:\WINDOWS\System32\WS2_32.dll
0x00007ff935280000 - 0x00007ff9352b4000 	C:\WINDOWS\SYSTEM32\WINMM.dll
0x00007ff9388b0000 - 0x00007ff9388fd000 	C:\WINDOWS\SYSTEM32\POWRPROF.dll
0x00007ff938890000 - 0x00007ff9388a3000 	C:\WINDOWS\SYSTEM32\UMPDC.dll
0x00007ff9379d0000 - 0x00007ff9379e8000 	C:\WINDOWS\SYSTEM32\kernel.appcore.dll
0x00007ff9240d0000 - 0x00007ff9240da000 	C:\Program Files\Java\jdk-21\bin\jimage.dll
0x00007ff936070000 - 0x00007ff9362a3000 	C:\WINDOWS\SYSTEM32\DBGHELP.DLL
0x00007ff93a620000 - 0x00007ff93a9b3000 	C:\WINDOWS\System32\combase.dll
0x00007ff939ec0000 - 0x00007ff939f97000 	C:\WINDOWS\System32\OLEAUT32.dll
0x00007ff90d6b0000 - 0x00007ff90d6e2000 	C:\WINDOWS\SYSTEM32\dbgcore.DLL
0x00007ff938dd0000 - 0x00007ff938e4b000 	C:\WINDOWS\System32\bcryptPrimitives.dll
0x00007ff916f80000 - 0x00007ff916f9f000 	C:\Program Files\Java\jdk-21\bin\java.dll
0x00007ff93a9c0000 - 0x00007ff93b262000 	C:\WINDOWS\System32\SHELL32.dll
0x00007ff938f20000 - 0x00007ff93905f000 	C:\WINDOWS\System32\wintypes.dll
0x00007ff9367f0000 - 0x00007ff93710e000 	C:\WINDOWS\SYSTEM32\windows.storage.dll
0x00007ff93b7a0000 - 0x00007ff93b8ab000 	C:\WINDOWS\System32\SHCORE.dll
0x00007ff93b410000 - 0x00007ff93b479000 	C:\WINDOWS\System32\shlwapi.dll
0x00007ff938910000 - 0x00007ff93893b000 	C:\WINDOWS\SYSTEM32\profapi.dll
0x00007ff8fdfe0000 - 0x00007ff8fe0b7000 	C:\Program Files\Java\jdk-21\bin\jsvml.dll
0x00007ff9159a0000 - 0x00007ff9159b0000 	C:\Program Files\Java\jdk-21\bin\net.dll
0x00007ff932fe0000 - 0x00007ff93310c000 	C:\WINDOWS\SYSTEM32\WINHTTP.dll
0x00007ff937e40000 - 0x00007ff937ea9000 	C:\WINDOWS\system32\mswsock.dll
0x00007ff915970000 - 0x00007ff915986000 	C:\Program Files\Java\jdk-21\bin\nio.dll
0x00007ff915950000 - 0x00007ff915968000 	C:\Program Files\Java\jdk-21\bin\zip.dll
0x00007ff937260000 - 0x00007ff93728d000 	C:\WINDOWS\SYSTEM32\IPHLPAPI.DLL
0x00007ff93a440000 - 0x00007ff93a449000 	C:\WINDOWS\System32\NSI.dll
0x00007ff937290000 - 0x00007ff937388000 	C:\WINDOWS\SYSTEM32\DNSAPI.dll
0x00007ff930ba0000 - 0x00007ff930baa000 	C:\Windows\System32\rasadhlp.dll
0x00007ff932c60000 - 0x00007ff932ce4000 	C:\WINDOWS\System32\fwpuclnt.dll
0x00007ff9227e0000 - 0x00007ff9227ee000 	C:\Program Files\Java\jdk-21\bin\sunmscapi.dll
0x00007ff938b30000 - 0x00007ff938c97000 	C:\WINDOWS\System32\CRYPT32.dll
0x00007ff938200000 - 0x00007ff93822d000 	C:\WINDOWS\SYSTEM32\ncrypt.dll
0x00007ff9381c0000 - 0x00007ff9381f7000 	C:\WINDOWS\SYSTEM32\NTASN1.dll
0x00007ff90ef70000 - 0x00007ff90ef77000 	C:\Program Files\Java\jdk-21\bin\extnet.dll
0x00007ff938130000 - 0x00007ff93814b000 	C:\WINDOWS\SYSTEM32\CRYPTSP.dll
0x00007ff937930000 - 0x00007ff937967000 	C:\WINDOWS\system32\rsaenh.dll
0x00007ff937ee0000 - 0x00007ff937f08000 	C:\WINDOWS\SYSTEM32\USERENV.dll
0x00007ff938110000 - 0x00007ff93811c000 	C:\WINDOWS\SYSTEM32\CRYPTBASE.dll
0x00007ff90ef60000 - 0x00007ff90ef6a000 	C:\Program Files\Java\jdk-21\bin\management.dll
0x00007ff90ef50000 - 0x00007ff90ef5b000 	C:\Program Files\Java\jdk-21\bin\management_ext.dll
0x00007ff93a0d0000 - 0x00007ff93a0d8000 	C:\WINDOWS\System32\PSAPI.DLL
0x00007ff90ef80000 - 0x00007ff90ef90000 	C:\Program Files\Java\jdk-21\bin\verify.dll

dbghelp: loaded successfully - version: 4.0.5 - missing functions: none
symbol engine: initialized successfully - sym options: 0x614 - pdb path: .;C:\Program Files\Java\jdk-21\bin;C:\WINDOWS\SYSTEM32;C:\WINDOWS\WinSxS\amd64_microsoft.windows.common-controls_6595b64144ccf1df_6.0.22621.5415_none_270d77d17387d7da;C:\Program Files\Java\jdk-21\bin\server

VM Arguments:
java_command: com.mproduits.MproduitsApplication
java_class_path (initial): E:\ProjetSpringBoot\spring-cloud-gescom-api\microservice-produits\target\classes;C:\Users\USER01\.m2\repository\org\springframework\boot\spring-boot-starter-data-jpa\3.4.3\spring-boot-starter-data-jpa-3.4.3.jar;C:\Users\USER01\.m2\repository\org\springframework\boot\spring-boot-starter\3.4.3\spring-boot-starter-3.4.3.jar;C:\Users\USER01\.m2\repository\org\springframework\boot\spring-boot\3.4.3\spring-boot-3.4.3.jar;C:\Users\USER01\.m2\repository\org\springframework\boot\spring-boot-autoconfigure\3.4.3\spring-boot-autoconfigure-3.4.3.jar;C:\Users\USER01\.m2\repository\org\springframework\boot\spring-boot-starter-logging\3.4.3\spring-boot-starter-logging-3.4.3.jar;C:\Users\USER01\.m2\repository\ch\qos\logback\logback-classic\1.5.16\logback-classic-1.5.16.jar;C:\Users\USER01\.m2\repository\ch\qos\logback\logback-core\1.5.16\logback-core-1.5.16.jar;C:\Users\USER01\.m2\repository\org\apache\logging\log4j\log4j-to-slf4j\2.24.3\log4j-to-slf4j-2.24.3.jar;C:\Users\USER01\.m2\repository\org\apache\logging\log4j\log4j-api\2.24.3\log4j-api-2.24.3.jar;C:\Users\USER01\.m2\repository\org\slf4j\jul-to-slf4j\2.0.16\jul-to-slf4j-2.0.16.jar;C:\Users\USER01\.m2\repository\jakarta\annotation\jakarta.annotation-api\2.1.1\jakarta.annotation-api-2.1.1.jar;C:\Users\USER01\.m2\repository\org\yaml\snakeyaml\2.3\snakeyaml-2.3.jar;C:\Users\USER01\.m2\repository\org\springframework\boot\spring-boot-starter-jdbc\3.4.3\spring-boot-starter-jdbc-3.4.3.jar;C:\Users\USER01\.m2\repository\com\zaxxer\HikariCP\5.1.0\HikariCP-5.1.0.jar;C:\Users\USER01\.m2\repository\org\springframework\spring-jdbc\6.2.3\spring-jdbc-6.2.3.jar;C:\Users\USER01\.m2\repository\org\hibernate\orm\hibernate-core\6.6.8.Final\hibernate-core-6.6.8.Final.jar;C:\Users\USER01\.m2\repository\jakarta\persistence\jakarta.persistence-api\3.1.0\jakarta.persistence-api-3.1.0.jar;C:\Users\USER01\.m2\repository\jakarta\transaction\jakarta.transaction-api\2.0.1\jakarta.transaction-api-2.0.1.jar;C:\Users\USER01\.m2\repository\org\jboss\logging\jboss-logging\3.6.1.Final\jboss-logging-3.6.1.Final.jar;C:\Users\USER01\.m2\repository\org\hibernate\common\hibernate-commons-annotations\7.0.3.Final\hibernate-commons-annotations-7.0.3.Final.jar;C:\Users\USER01\.m2\repository\io\smallrye\jandex\3.2.0\jandex-3.2.0.jar;C:\Users\USER01\.m2\repository\com\fasterxml\classmate\1.7.0\classmate-1.7.0.jar;C:\Users\USER01\.m2\repository\net\bytebuddy\byte-buddy\1.15.11\byte-buddy-1.15.11.jar;C:\Users\USER01\.m2\repository\org\glassfish\jaxb\jaxb-runtime\4.0.5\jaxb-runtime-4.0.5.jar;C:\Users\USER01\.m2\repository\org\glassfish\jaxb\jaxb-core\4.0.5\jaxb-core-4.0.5.jar;C:\Users\USER01\.m2\repository\org\eclipse\angus\angus-activation\2.0.2\angus-activation-2.0.2.jar;C:\Users\USER01\.m2\repository\org\glassfish\jaxb\txw2\4.0.5\txw2-4.0.5.jar;C:\Users\USER01\.m2\repository\com\sun\istack\istack-commons-runtime\4.1.2\istack-commons-runtime-4.1.2.jar;C:\Users\USER01\.m2\repository\jakarta\inject\jakarta.inject-api\2.0.1\jakarta.inject-api-2.0.1.jar;C:\Users\USER01\.m2\repository\org\antlr\antlr4-runtime\4.13.0\antlr4-runtime-4.13.0.jar;C:\Users\USER01\.m2\repository\org\springframework\data\spring-data-jpa\3.4.3\spring-data-jpa-3.4.3.jar;C:\Users\USER01\.m2\repository\org\springframework\data\spring-data-commons\3.4.3\spring-data-commons-3.4.3.jar;C:\Users\USER01\.m2\repository\org\springframework\spring-orm\6.2.3\spring-orm-6.2.3.jar;C:\Users\USER01\.m2\repository\org\springframework\spring-context\6.2.3\spring-context-6.2.3.jar;C:\Users\USER01\.m2\repository\org\springframework\spring-aop\6.2.3\spring-aop-6.2.3.jar;C:\Users\USER01\.m2\repository\org\springframework\spring-tx\6.2.3\spring-tx-6.2.3.jar;C:\Users\USER01\.m2\repository\org\springframework\spring-beans\6.2.3\spring-beans-6.2.3.jar;C:\Users\USER01\.m2\repository\org\springframework\spring-aspects\6.2.3\spring-aspects-6.2.3.jar;C:\Users\USER01\.m2\repository\org\aspectj\aspectjweaver\1.9.22.1\aspectjweaver-1.9.22.1.jar;C:\Users\USER01\.m2\repository\org\springframework\boot\spring-boot-starter-web\3.4.3\spring-boot-starter-web-3.4.3.jar;C:\Users\USER01\.m2\repository\org\springframework\boot\spring-boot-starter-json\3.4.3\spring-boot-starter-json-3.4.3.jar;C:\Users\USER01\.m2\repository\com\fasterxml\jackson\datatype\jackson-datatype-jdk8\2.18.2\jackson-datatype-jdk8-2.18.2.jar;C:\Users\USER01\.m2\repository\com\fasterxml\jackson\datatype\jackson-datatype-jsr310\2.18.2\jackson-datatype-jsr310-2.18.2.jar;C:\Users\USER01\.m2\repository\com\fasterxml\jackson\module\jackson-module-parameter-names\2.18.2\jackson-module-parameter-names-2.18.2.jar;C:\Users\USER01\.m2\repository\org\springframework\boot\spring-boot-starter-tomcat\3.4.3\spring-boot-starter-tomcat-3.4.3.jar;C:\Users\USER01\.m2\repository\org\apache\tomcat\embed\tomcat-embed-core\10.1.36\tomcat-embed-core-10.1.36.jar;C:\Users\USER01\.m2\repository\org\apache\tomcat\embed\tomcat-embed-el\10.1.36\tomcat-embed-el-10.1.36.jar;C:\Users\USER01\.m2\repository\org\apache\tomcat\embed\tomcat-embed-websocket\10.1.36\tomcat-embed-websocket-10.1.36.jar;C:\Users\USER01\.m2\repository\org\springframework\spring-web\6.2.3\spring-web-6.2.3.jar;C:\Users\USER01\.m2\repository\org\springframework\spring-webmvc\6.2.3\spring-webmvc-6.2.3.jar;C:\Users\USER01\.m2\repository\org\springframework\spring-expression\6.2.3\spring-expression-6.2.3.jar;C:\Users\USER01\.m2\repository\com\mysql\mysql-connector-j\9.1.0\mysql-connector-j-9.1.0.jar;C:\Users\USER01\.m2\repository\org\projectlombok\lombok\1.18.36\lombok-1.18.36.jar;C:\Users\USER01\.m2\repository\jakarta\xml\bind\jakarta.xml.bind-api\4.0.2\jakarta.xml.bind-api-4.0.2.jar;C:\Users\USER01\.m2\repository\jakarta\activation\jakarta.activation-api\2.1.3\jakarta.activation-api-2.1.3.jar;C:\Users\USER01\.m2\repository\org\springframework\spring-core\6.2.3\spring-core-6.2.3.jar;C:\Users\USER01\.m2\repository\org\springframework\spring-jcl\6.2.3\spring-jcl-6.2.3.jar;C:\Users\USER01\.m2\repository\org\springframework\cloud\spring-cloud-starter-config\4.2.1\spring-cloud-starter-config-4.2.1.jar;C:\Users\USER01\.m2\repository\org\springframework\cloud\spring-cloud-starter\4.2.1\spring-cloud-starter-4.2.1.jar;C:\Users\USER01\.m2\repository\org\springframework\cloud\spring-cloud-context\4.2.1\spring-cloud-context-4.2.1.jar;C:\Users\USER01\.m2\repository\org\springframework\security\spring-security-crypto\6.4.3\spring-security-crypto-6.4.3.jar;C:\Users\USER01\.m2\repository\org\springframework\cloud\spring-cloud-commons\4.2.1\spring-cloud-commons-4.2.1.jar;C:\Users\USER01\.m2\repository\org\bouncycastle\bcprov-jdk18on\1.78.1\bcprov-jdk18on-1.78.1.jar;C:\Users\USER01\.m2\repository\org\springframework\cloud\spring-cloud-config-client\4.2.1\spring-cloud-config-client-4.2.1.jar;C:\Users\USER01\.m2\repository\com\fasterxml\jackson\core\jackson-annotations\2.18.2\jackson-annotations-2.18.2.jar;C:\Users\USER01\.m2\repository\org\apache\httpcomponents\client5\httpclient5\5.4.2\httpclient5-5.4.2.jar;C:\Users\USER01\.m2\repository\org\apache\httpcomponents\core5\httpcore5\5.3.3\httpcore5-5.3.3.jar;C:\Users\USER01\.m2\repository\org\apache\httpcomponents\core5\httpcore5-h2\5.3.3\httpcore5-h2-5.3.3.jar;C:\Users\USER01\.m2\repository\com\fasterxml\jackson\core\jackson-databind\2.18.2\jackson-databind-2.18.2.jar;C:\Users\USER01\.m2\repository\com\fasterxml\jackson\core\jackson-core\2.18.2\jackson-core-2.18.2.jar;C:\Users\USER01\.m2\repository\org\springframework\cloud\spring-cloud-starter-bootstrap\4.2.1\spring-cloud-starter-bootstrap-4.2.1.jar;C:\Users\USER01\.m2\repository\org\springframework\boot\spring-boot-starter-actuator\3.4.3\spring-boot-starter-actuator-3.4.3.jar;C:\Users\USER01\.m2\repository\org\springframework\boot\spring-boot-actuator-autoconfigure\3.4.3\spring-boot-actuator-autoconfigure-3.4.3.jar;C:\Users\USER01\.m2\repository\org\springframework\boot\spring-boot-actuator\3.4.3\spring-boot-actuator-3.4.3.jar;C:\Users\USER01\.m2\repository\io\micrometer\micrometer-observation\1.14.4\micrometer-observation-1.14.4.jar;C:\Users\USER01\.m2\repository\io\micrometer\micrometer-commons\1.14.4\micrometer-commons-1.14.4.jar;C:\Users\USER01\.m2\repository\io\micrometer\micrometer-jakarta9\1.14.4\micrometer-jakarta9-1.14.4.jar;C:\Users\USER01\.m2\repository\org\springframework\cloud\spring-cloud-starter-netflix-eureka-client\4.2.1\spring-cloud-starter-netflix-eureka-client-4.2.1.jar;C:\Users\USER01\.m2\repository\org\springframework\cloud\spring-cloud-netflix-eureka-client\4.2.1\spring-cloud-netflix-eureka-client-4.2.1.jar;C:\Users\USER01\.m2\repository\com\netflix\eureka\eureka-client\2.0.4\eureka-client-2.0.4.jar;C:\Users\USER01\.m2\repository\com\thoughtworks\xstream\xstream\1.4.20\xstream-1.4.20.jar;C:\Users\USER01\.m2\repository\io\github\x-stream\mxparser\1.2.2\mxparser-1.2.2.jar;C:\Users\USER01\.m2\repository\xmlpull\xmlpull\1.1.3.1\xmlpull-1.1.3.1.jar;C:\Users\USER01\.m2\repository\jakarta\ws\rs\jakarta.ws.rs-api\3.1.0\jakarta.ws.rs-api-3.1.0.jar;C:\Users\USER01\.m2\repository\com\netflix\spectator\spectator-api\1.7.3\spectator-api-1.7.3.jar;C:\Users\USER01\.m2\repository\org\apache\httpcomponents\httpclient\4.5.3\httpclient-4.5.3.jar;C:\Users\USER01\.m2\repository\org\apache\httpcomponents\httpcore\4.4.16\httpcore-4.4.16.jar;C:\Users\USER01\.m2\repository\commons-codec\commons-codec\1.17.2\commons-codec-1.17.2.jar;C:\Users\USER01\.m2\repository\commons-configuration\commons-configuration\1.10\commons-configuration-1.10.jar;C:\Users\USER01\.m2\repository\commons-lang\commons-lang\2.6\commons-lang-2.6.jar;C:\Users\USER01\.m2\repository\com\netflix\netflix-commons\netflix-eventbus\0.3.0\netflix-eventbus-0.3.0.jar;C:\Users\USER01\.m2\repository\com\netflix\netflix-commons\netflix-infix\0.3.0\netflix-infix-0.3.0.jar;C:\Users\USER01\.m2\repository\commons-jxpath\commons-jxpath\1.3\commons-jxpath-1.3.jar;C:\Users\USER01\.m2\repository\joda-time\joda-time\2.3\joda-time-2.3.jar;C:\Users\USER01\.m2\repository\org\antlr\antlr-runtime\3.4\antlr-runtime-3.4.jar;C:\Users\USER01\.m2\repository\org\antlr\stringtemplate\3.2.1\stringtemplate-3.2.1.jar;C:\Users\USER01\.m2\repository\antlr\antlr\2.7.7\antlr-2.7.7.jar;C:\Users\USER01\.m2\repository\com\google\guava\guava\14.0.1\guava-14.0.1.jar;C:\Users\USER01\.m2\repository\com\google\code\gson\gson\2.11.0\gson-2.11.0.jar;C:\Users\USER01\.m2\repository\com\google\errorprone\error_prone_annotations\2.27.0\error_prone_annotations-2.27.0.jar;C:\Users\USER01\.m2\repository\com\netflix\servo\servo-core\0.5.3\servo-core-0.5.3.jar;C:\Users\USER01\.m2\repository\org\apache\commons\commons-math\2.2\commons-math-2.2.jar;C:\Users\USER01\.m2\repository\javax\annotation\javax.annotation-api\1.2\javax.annotation-api-1.2.jar;C:\Users\USER01\.m2\repository\org\codehaus\jettison\jettison\1.5.4\jettison-1.5.4.jar;C:\Users\USER01\.m2\repository\org\springframework\cloud\spring-cloud-starter-loadbalancer\4.2.1\spring-cloud-starter-loadbalancer-4.2.1.jar;C:\Users\USER01\.m2\repository\org\springframework\cloud\spring-cloud-loadbalancer\4.2.1\spring-cloud-loadbalancer-4.2.1.jar;C:\Users\USER01\.m2\repository\io\projectreactor\reactor-core\3.7.3\reactor-core-3.7.3.jar;C:\Users\USER01\.m2\repository\org\reactivestreams\reactive-streams\1.0.4\reactive-streams-1.0.4.jar;C:\Users\USER01\.m2\repository\io\projectreactor\addons\reactor-extra\3.5.2\reactor-extra-3.5.2.jar;C:\Users\USER01\.m2\repository\org\springframework\boot\spring-boot-starter-cache\3.4.3\spring-boot-starter-cache-3.4.3.jar;C:\Users\USER01\.m2\repository\org\springframework\spring-context-support\6.2.3\spring-context-support-6.2.3.jar;C:\Users\USER01\.m2\repository\com\stoyanr\evictor\1.0.0\evictor-1.0.0.jar;C:\Users\USER01\.m2\repository\io\micrometer\micrometer-tracing-bridge-brave\1.4.3\micrometer-tracing-bridge-brave-1.4.3.jar;C:\Users\USER01\.m2\repository\io\micrometer\micrometer-tracing\1.4.3\micrometer-tracing-1.4.3.jar;C:\Users\USER01\.m2\repository\io\micrometer\context-propagation\1.1.2\context-propagation-1.1.2.jar;C:\Users\USER01\.m2\repository\aopalliance\aopalliance\1.0\aopalliance-1.0.jar;C:\Users\USER01\.m2\repository\org\slf4j\slf4j-api\2.0.16\slf4j-api-2.0.16.jar;C:\Users\USER01\.m2\repository\io\zipkin\brave\brave\6.0.3\brave-6.0.3.jar;C:\Users\USER01\.m2\repository\io\zipkin\brave\brave-context-slf4j\6.0.3\brave-context-slf4j-6.0.3.jar;C:\Users\USER01\.m2\repository\io\zipkin\brave\brave-instrumentation-http\6.0.3\brave-instrumentation-http-6.0.3.jar;C:\Users\USER01\.m2\repository\io\zipkin\aws\brave-propagation-aws\1.2.5\brave-propagation-aws-1.2.5.jar;C:\Users\USER01\.m2\repository\io\zipkin\contrib\brave-propagation-w3c\brave-propagation-tracecontext\0.2.0\brave-propagation-tracecontext-0.2.0.jar;C:\Users\USER01\.m2\repository\io\zipkin\reporter2\zipkin-reporter-brave\3.4.3\zipkin-reporter-brave-3.4.3.jar;C:\Users\USER01\.m2\repository\io\zipkin\reporter2\zipkin-reporter\3.4.3\zipkin-reporter-3.4.3.jar;C:\Users\USER01\.m2\repository\io\github\openfeign\feign-micrometer\13.5\feign-micrometer-13.5.jar;C:\Users\USER01\.m2\repository\io\github\openfeign\feign-core\13.5\feign-core-13.5.jar;C:\Users\USER01\.m2\repository\io\micrometer\micrometer-core\1.14.4\micrometer-core-1.14.4.jar;C:\Users\USER01\.m2\repository\org\hdrhistogram\HdrHistogram\2.2.2\HdrHistogram-2.2.2.jar;C:\Users\USER01\.m2\repository\org\latencyutils\LatencyUtils\2.0.3\LatencyUtils-2.0.3.jar;C:\Users\USER01\.m2\repository\org\springdoc\springdoc-openapi-starter-webmvc-ui\2.2.0\springdoc-openapi-starter-webmvc-ui-2.2.0.jar;C:\Users\USER01\.m2\repository\org\springdoc\springdoc-openapi-starter-webmvc-api\2.2.0\springdoc-openapi-starter-webmvc-api-2.2.0.jar;C:\Users\USER01\.m2\repository\org\springdoc\springdoc-openapi-starter-common\2.2.0\springdoc-openapi-starter-common-2.2.0.jar;C:\Users\USER01\.m2\repository\io\swagger\core\v3\swagger-core-jakarta\2.2.15\swagger-core-jakarta-2.2.15.jar;C:\Users\USER01\.m2\repository\org\apache\commons\commons-lang3\3.17.0\commons-lang3-3.17.0.jar;C:\Users\USER01\.m2\repository\io\swagger\core\v3\swagger-annotations-jakarta\2.2.15\swagger-annotations-jakarta-2.2.15.jar;C:\Users\USER01\.m2\repository\io\swagger\core\v3\swagger-models-jakarta\2.2.15\swagger-models-jakarta-2.2.15.jar;C:\Users\USER01\.m2\repository\jakarta\validation\jakarta.validation-api\3.0.2\jakarta.validation-api-3.0.2.jar;C:\Users\USER01\.m2\repository\com\fasterxml\jackson\dataformat\jackson-dataformat-yaml\2.18.2\jackson-dataformat-yaml-2.18.2.jar;C:\Users\USER01\.m2\repository\org\webjars\swagger-ui\5.2.0\swagger-ui-5.2.0.jar;C:\Users\USER01\.m2\repository\com\itextpdf\itextpdf\5.5.13.3\itextpdf-5.5.13.3.jar
Launcher Type: SUN_STANDARD

[Global flags]
     intx CICompilerCount                          = 4                                         {product} {ergonomic}
     uint ConcGCThreads                            = 3                                         {product} {ergonomic}
     uint G1ConcRefinementThreads                  = 10                                        {product} {ergonomic}
   size_t G1HeapRegionSize                         = 2097152                                   {product} {ergonomic}
    uintx GCDrainStackTargetSize                   = 64                                        {product} {ergonomic}
   size_t InitialHeapSize                          = 264241152                                 {product} {ergonomic}
   size_t MarkStackSize                            = 4194304                                   {product} {ergonomic}
   size_t MaxHeapSize                              = 4200595456                                {product} {ergonomic}
   size_t MaxNewSize                               = 2518679552                                {product} {ergonomic}
   size_t MinHeapDeltaBytes                        = 2097152                                   {product} {ergonomic}
   size_t MinHeapSize                              = 8388608                                   {product} {ergonomic}
    uintx NonNMethodCodeHeapSize                   = 5839372                                {pd product} {ergonomic}
    uintx NonProfiledCodeHeapSize                  = 122909434                              {pd product} {ergonomic}
     bool PerfDisableSharedMem                     = true                                      {product} {ergonomic}
    uintx ProfiledCodeHeapSize                     = 122909434                              {pd product} {ergonomic}
    uintx ReservedCodeCacheSize                    = 251658240                              {pd product} {ergonomic}
     bool SegmentedCodeCache                       = true                                      {product} {ergonomic}
   size_t SoftMaxHeapSize                          = 4200595456                             {manageable} {ergonomic}
     bool UseCompressedOops                        = true                           {product lp64_product} {ergonomic}
     bool UseG1GC                                  = true                                      {product} {ergonomic}
     bool UseLargePagesIndividualAllocation        = false                                  {pd product} {ergonomic}

Logging:
Log output configuration:
 #0: stdout all=warning uptime,level,tags foldmultilines=false
 #1: stderr all=off uptime,level,tags foldmultilines=false

Environment Variables:
JAVA_HOME=C:\Program Files\Java\jdk-21
PATH=E:\app\USER01\product\11.2.0\dbhome_1\bin;E:\app\USER01\product\11.1.0\db_2\bin;C:\Program Files\Common Files\Oracle\Java\javapath;C:\ProgramData\Oracle\Java\javapath;C:\WINDOWS\system32;C:\WINDOWS;C:\WINDOWS\System32\Wbem;C:\WINDOWS\System32\WindowsPowerShell\v1.0\;C:\WINDOWS\System32\OpenSSH\;C:\ProgramData\chocolatey\bin;C:\Program Files\Java\jdk-21\bin;C:\Program Files\TortoiseSVN\bin;C:\Program Files\Microsoft SQL Server\150\Tools\Binn\;C:\Program Files\nodejs\;E:\zenithe\Biometrie\Logiciel_enrolement;E:\MySQL\MySQL Server 5.0\bin;C:\Program Files\Git\cmd;C:\Program Files\Docker\Docker\resources\bin;E:\MongoDB\Server\8.0\bin;;C:\Program Files\Filestar;C:\ProgramData\Filestar\aliases;C:\Users\USER01\AppData\Local\Microsoft\WindowsApps;;C:\Users\USER01\AppData\Local\Programs\Microsoft VS Code\bin;C:\Users\USER01\AppData\Roaming\npm;C:\Users\USER01\AppData\Local\Programs\mongosh\;C:\Users\USER01\AppData\Local\Programs\cursor\resources\app\bin
USERNAME=USER01
OS=Windows_NT
PROCESSOR_IDENTIFIER=Intel64 Family 6 Model 154 Stepping 4, GenuineIntel
TMP=C:\Users\USER01\AppData\Local\Temp
TEMP=C:\Users\USER01\AppData\Local\Temp




Periodic native trim disabled

---------------  S Y S T E M  ---------------

OS:
 Windows 11 , 64 bit Build 22621 (10.0.22621.5415)
OS uptime: 6 days 12:08 hours
Hyper-V role detected

CPU: total 12 (initial active 12) (6 cores per cpu, 2 threads per core) family 6 model 154 stepping 4 microcode 0x434, cx8, cmov, fxsr, ht, mmx, 3dnowpref, sse, sse2, sse3, ssse3, sse4.1, sse4.2, popcnt, lzcnt, tsc, tscinvbit, avx, avx2, aes, erms, clmul, bmi1, bmi2, adx, sha, fma, vzeroupper, clflush, clflushopt, clwb, hv, serialize, rdtscp, rdpid, fsrm, f16c, cet_ibt, cet_ss
Processor Information for processor 0
  Max Mhz: 1800, Current Mhz: 1800, Mhz Limit: 1800
Processor Information for processor 1
  Max Mhz: 1800, Current Mhz: 1800, Mhz Limit: 1800
Processor Information for processor 2
  Max Mhz: 1800, Current Mhz: 1800, Mhz Limit: 1800
Processor Information for processor 3
  Max Mhz: 1800, Current Mhz: 1800, Mhz Limit: 1800
Processor Information for processor 4
  Max Mhz: 1800, Current Mhz: 1800, Mhz Limit: 1800
Processor Information for processor 5
  Max Mhz: 1800, Current Mhz: 1800, Mhz Limit: 1800
Processor Information for processor 6
  Max Mhz: 1800, Current Mhz: 1800, Mhz Limit: 1800
Processor Information for processor 7
  Max Mhz: 1800, Current Mhz: 1800, Mhz Limit: 1800
Processor Information for processor 8
  Max Mhz: 1800, Current Mhz: 1800, Mhz Limit: 1800
Processor Information for processor 9
  Max Mhz: 1800, Current Mhz: 1523, Mhz Limit: 1800
Processor Information for processor 10
  Max Mhz: 1800, Current Mhz: 1523, Mhz Limit: 1800
Processor Information for processor 11
  Max Mhz: 1800, Current Mhz: 1523, Mhz Limit: 1800

Memory: 4k page, system-wide physical 16016M (1712M free)
TotalPageFile size 37081M (AvailPageFile size 241M)
current process WorkingSet (physical memory assigned to process): 331M, peak: 331M
current process commit charge ("private bytes"): 372M, peak: 417M

vm_info: Java HotSpot(TM) 64-Bit Server VM (21.0.1+12-LTS-29) for windows-amd64 JRE (21.0.1+12-LTS-29), built on 2023-10-05T13:27:09Z by "mach5one" with MS VC++ 17.1 (VS2022)

END.
