#
# There is insufficient memory for the Java Runtime Environment to continue.
# Native memory allocation (malloc) failed to allocate 128656 bytes for Chunk::new
# Possible reasons:
#   The system is out of physical RAM or swap space
#   The process is running with CompressedOops enabled, and the Java Heap may be blocking the growth of the native heap
# Possible solutions:
#   Reduce memory load on the system
#   Increase physical memory or swap space
#   Check if swap backing store is full
#   Decrease Java heap size (-Xmx/-Xms)
#   Decrease number of Java threads
#   Decrease Java thread stack sizes (-Xss)
#   Set larger code cache with -XX:ReservedCodeCacheSize=
#   JVM is running with Zero Based Compressed Oops mode in which the Java heap is
#     placed in the first 32GB address space. The Java Heap base address is the
#     maximum limit for the native heap growth. Please use -XX:HeapBaseMinAddress
#     to set the Java Heap base and to place the Java Heap above 32GB virtual address.
# This output file may be truncated or incomplete.
#
#  Out of Memory Error (arena.cpp:168), pid=24072, tid=12988
#
# JRE version: Java(TM) SE Runtime Environment (21.0.1+12) (build 21.0.1+12-LTS-29)
# Java VM: Java HotSpot(TM) 64-Bit Server VM (21.0.1+12-LTS-29, mixed mode, sharing, tiered, compressed oops, compressed class ptrs, g1 gc, windows-amd64)
# No core dump will be written. Minidumps are not enabled by default on client versions of Windows
#

---------------  S U M M A R Y ------------

Command Line: com.mproduits.MproduitsApplication

Host: 12th Gen Intel(R) Core(TM) i7-1265U, 12 cores, 15G,  Windows 11 , 64 bit Build 22621 (10.0.22621.5415)
Time: Wed Aug  6 17:47:14 2025 W. Central Africa Standard Time elapsed time: 481.700044 seconds (0d 0h 8m 1s)

---------------  T H R E A D  ---------------

Current thread (0x0000018b483d7480):  JavaThread "C2 CompilerThread0" daemon [_thread_in_native, id=12988, stack(0x0000000198500000,0x0000000198600000) (1024K)]


Current CompileTask:
C2: 481700 17989       4       sun.util.locale.LocaleUtils::toLowerString (95 bytes)

Stack: [0x0000000198500000,0x0000000198600000]
Native frames: (J=compiled Java code, j=interpreted, Vv=VM code, C=native code)
V  [jvm.dll+0x6c9029]
V  [jvm.dll+0x854b81]
V  [jvm.dll+0x856e5e]
V  [jvm.dll+0x857543]
V  [jvm.dll+0x280c06]
V  [jvm.dll+0xc3ead]
V  [jvm.dll+0xc43c3]
V  [jvm.dll+0x2f3f3f]
V  [jvm.dll+0x5f40a6]
V  [jvm.dll+0x252bef]
V  [jvm.dll+0x24b031]
V  [jvm.dll+0x248fa3]
V  [jvm.dll+0x1c9ca1]
V  [jvm.dll+0x2586b9]
V  [jvm.dll+0x256c9a]
V  [jvm.dll+0x3ef1b6]
V  [jvm.dll+0x7fd728]
V  [jvm.dll+0x6c777d]
C  [ucrtbase.dll+0x29333]
C  [KERNEL32.DLL+0x1259d]
C  [ntdll.dll+0x5af78]


---------------  P R O C E S S  ---------------

Threads class SMR info:
_java_thread_list=0x0000018b8e89a090, length=37, elements={
0x0000018b483c75d0, 0x0000018b483c84f0, 0x0000018b483cc1d0, 0x0000018b483ccd60,
0x0000018b483cda20, 0x0000018b483d6490, 0x0000018b483d7480, 0x0000018b483da4f0,
0x0000018b486ad9b0, 0x0000018b486b39a0, 0x0000018b91c73580, 0x0000018b8f1628a0,
0x0000018b932b90b0, 0x0000018b9324d720, 0x0000018b92118830, 0x0000018b92e4be40,
0x0000018b92e4d1f0, 0x0000018b92e4aa90, 0x0000018b92e4b120, 0x0000018b905578b0,
0x0000018b905557e0, 0x0000018b90557f40, 0x0000018b90556500, 0x0000018b9457e400,
0x0000018b94580b60, 0x0000018b9457ea90, 0x0000018b9457f120, 0x0000018b9457f7b0,
0x0000018b9457fe40, 0x0000018b945804d0, 0x0000018b9457dd70, 0x0000018b945811f0,
0x0000018b94581880, 0x0000018b94582c30, 0x0000018b94583fe0, 0x0000018b945832c0,
0x0000018b92e4a400
}

Java Threads: ( => current thread )
  0x0000018b483c75d0 JavaThread "Reference Handler"          daemon [_thread_blocked, id=7908, stack(0x0000000197f00000,0x0000000198000000) (1024K)]
  0x0000018b483c84f0 JavaThread "Finalizer"                  daemon [_thread_blocked, id=21652, stack(0x0000000198000000,0x0000000198100000) (1024K)]
  0x0000018b483cc1d0 JavaThread "Signal Dispatcher"          daemon [_thread_blocked, id=8632, stack(0x0000000198100000,0x0000000198200000) (1024K)]
  0x0000018b483ccd60 JavaThread "Attach Listener"            daemon [_thread_blocked, id=21076, stack(0x0000000198200000,0x0000000198300000) (1024K)]
  0x0000018b483cda20 JavaThread "Service Thread"             daemon [_thread_blocked, id=20508, stack(0x0000000198300000,0x0000000198400000) (1024K)]
  0x0000018b483d6490 JavaThread "Monitor Deflation Thread"   daemon [_thread_blocked, id=16928, stack(0x0000000198400000,0x0000000198500000) (1024K)]
=>0x0000018b483d7480 JavaThread "C2 CompilerThread0"         daemon [_thread_in_native, id=12988, stack(0x0000000198500000,0x0000000198600000) (1024K)]
  0x0000018b483da4f0 JavaThread "C1 CompilerThread0"         daemon [_thread_blocked, id=21460, stack(0x0000000198600000,0x0000000198700000) (1024K)]
  0x0000018b486ad9b0 JavaThread "Notification Thread"        daemon [_thread_blocked, id=23072, stack(0x0000000198700000,0x0000000198800000) (1024K)]
  0x0000018b486b39a0 JavaThread "Common-Cleaner"             daemon [_thread_blocked, id=11828, stack(0x0000000198800000,0x0000000198900000) (1024K)]
  0x0000018b91c73580 JavaThread "Catalina-utility-1"                [_thread_blocked, id=12624, stack(0x0000000199800000,0x0000000199900000) (1024K)]
  0x0000018b8f1628a0 JavaThread "Catalina-utility-2"                [_thread_blocked, id=24560, stack(0x0000000199900000,0x0000000199a00000) (1024K)]
  0x0000018b932b90b0 JavaThread "container-0"                       [_thread_blocked, id=11692, stack(0x0000000199a00000,0x0000000199b00000) (1024K)]
  0x0000018b9324d720 JavaThread "mysql-cj-abandoned-connection-cleanup" daemon [_thread_blocked, id=2572, stack(0x0000000199b00000,0x0000000199c00000) (1024K)]
  0x0000018b92118830 JavaThread "HikariPool-1 housekeeper"   daemon [_thread_blocked, id=21164, stack(0x0000000199c00000,0x0000000199d00000) (1024K)]
  0x0000018b92e4be40 JavaThread "spectator-gauge-polling-0"  daemon [_thread_blocked, id=20792, stack(0x0000000199e00000,0x0000000199f00000) (1024K)]
  0x0000018b92e4d1f0 JavaThread "AsyncResolver-bootstrap-%d" daemon [_thread_blocked, id=22600, stack(0x0000000199f00000,0x000000019a000000) (1024K)]
  0x0000018b92e4aa90 JavaThread "AsyncReporter{ZipkinRestTemplateSender{http://localhost:9411/api/v2/spans}}" daemon [_thread_blocked, id=23028, stack(0x000000019a000000,0x000000019a100000) (1024K)]
  0x0000018b92e4b120 JavaThread "DiscoveryClient-%d"         daemon [_thread_blocked, id=20756, stack(0x000000019a100000,0x000000019a200000) (1024K)]
  0x0000018b905578b0 JavaThread "DiscoveryClient-%d"         daemon [_thread_blocked, id=22320, stack(0x000000019a200000,0x000000019a300000) (1024K)]
  0x0000018b905557e0 JavaThread "DiscoveryClient-InstanceInfoReplicator-%d" daemon [_thread_blocked, id=23104, stack(0x000000019a300000,0x000000019a400000) (1024K)]
  0x0000018b90557f40 JavaThread "http-nio-9001-exec-1"       daemon [_thread_blocked, id=21184, stack(0x000000019a400000,0x000000019a500000) (1024K)]
  0x0000018b90556500 JavaThread "http-nio-9001-exec-2"       daemon [_thread_blocked, id=23892, stack(0x000000019a500000,0x000000019a600000) (1024K)]
  0x0000018b9457e400 JavaThread "http-nio-9001-exec-3"       daemon [_thread_blocked, id=20100, stack(0x000000019a600000,0x000000019a700000) (1024K)]
  0x0000018b94580b60 JavaThread "http-nio-9001-exec-4"       daemon [_thread_in_native, id=20896, stack(0x000000019a700000,0x000000019a800000) (1024K)]
  0x0000018b9457ea90 JavaThread "http-nio-9001-exec-5"       daemon [_thread_blocked, id=13420, stack(0x000000019a800000,0x000000019a900000) (1024K)]
  0x0000018b9457f120 JavaThread "http-nio-9001-exec-6"       daemon [_thread_blocked, id=12368, stack(0x000000019a900000,0x000000019aa00000) (1024K)]
  0x0000018b9457f7b0 JavaThread "http-nio-9001-exec-7"       daemon [_thread_blocked, id=22424, stack(0x000000019aa00000,0x000000019ab00000) (1024K)]
  0x0000018b9457fe40 JavaThread "http-nio-9001-exec-8"       daemon [_thread_blocked, id=18224, stack(0x000000019ab00000,0x000000019ac00000) (1024K)]
  0x0000018b945804d0 JavaThread "http-nio-9001-exec-9"       daemon [_thread_blocked, id=21264, stack(0x000000019ac00000,0x000000019ad00000) (1024K)]
  0x0000018b9457dd70 JavaThread "http-nio-9001-exec-10"      daemon [_thread_in_native, id=23100, stack(0x000000019ad00000,0x000000019ae00000) (1024K)]
  0x0000018b945811f0 JavaThread "http-nio-9001-Poller"       daemon [_thread_in_native, id=22016, stack(0x000000019ae00000,0x000000019af00000) (1024K)]
  0x0000018b94581880 JavaThread "http-nio-9001-Acceptor"     daemon [_thread_in_native, id=956, stack(0x000000019af00000,0x000000019b000000) (1024K)]
  0x0000018b94582c30 JavaThread "DestroyJavaVM"                     [_thread_blocked, id=19508, stack(0x0000000197700000,0x0000000197800000) (1024K)]
  0x0000018b94583fe0 JavaThread "DiscoveryClient-HeartbeatExecutor-%d" daemon [_thread_blocked, id=20200, stack(0x0000000198f00000,0x0000000199000000) (1024K)]
  0x0000018b945832c0 JavaThread "DiscoveryClient-CacheRefreshExecutor-%d" daemon [_thread_blocked, id=15720, stack(0x000000019b000000,0x000000019b100000) (1024K)]
  0x0000018b92e4a400 JavaThread "AsyncResolver-bootstrap-executor-%d" daemon [_thread_blocked, id=20832, stack(0x0000000197500000,0x0000000197600000) (1024K)]
Total: 37

Other Threads:
  0x0000018b483a6490 VMThread "VM Thread"                           [id=17728, stack(0x0000000197e00000,0x0000000197f00000) (1024K)]
  0x0000018b4838a210 WatcherThread "VM Periodic Task Thread"        [id=24176, stack(0x0000000197d00000,0x0000000197e00000) (1024K)]
  0x0000018b28fab8f0 WorkerThread "GC Thread#0"                     [id=23832, stack(0x0000000197800000,0x0000000197900000) (1024K)]
  0x0000018b8e74a480 WorkerThread "GC Thread#1"                     [id=21096, stack(0x0000000198a00000,0x0000000198b00000) (1024K)]
  0x0000018b8e74a820 WorkerThread "GC Thread#2"                     [id=18084, stack(0x0000000198b00000,0x0000000198c00000) (1024K)]
  0x0000018b8ea40b40 WorkerThread "GC Thread#3"                     [id=22976, stack(0x0000000198c00000,0x0000000198d00000) (1024K)]
  0x0000018b8ea412f0 WorkerThread "GC Thread#4"                     [id=12764, stack(0x0000000198d00000,0x0000000198e00000) (1024K)]
  0x0000018b8e796810 WorkerThread "GC Thread#5"                     [id=19732, stack(0x0000000198e00000,0x0000000198f00000) (1024K)]
  0x0000018b8e795250 WorkerThread "GC Thread#6"                     [id=23696, stack(0x0000000199000000,0x0000000199100000) (1024K)]
  0x0000018b8e794eb0 WorkerThread "GC Thread#7"                     [id=2688, stack(0x0000000199200000,0x0000000199300000) (1024K)]
  0x0000018b8e7960d0 WorkerThread "GC Thread#8"                     [id=21616, stack(0x0000000199300000,0x0000000199400000) (1024K)]
  0x0000018b8e795d30 WorkerThread "GC Thread#9"                     [id=21368, stack(0x0000000199400000,0x0000000199500000) (1024K)]
  0x0000018b28fbc320 ConcurrentGCThread "G1 Main Marker"            [id=11104, stack(0x0000000197900000,0x0000000197a00000) (1024K)]
  0x0000018b28fbce20 WorkerThread "G1 Conc#0"                       [id=23836, stack(0x0000000197a00000,0x0000000197b00000) (1024K)]
  0x0000018b8e795990 WorkerThread "G1 Conc#1"                       [id=5080, stack(0x0000000199100000,0x0000000199200000) (1024K)]
  0x0000018b8e796470 WorkerThread "G1 Conc#2"                       [id=21828, stack(0x0000000199500000,0x0000000199600000) (1024K)]
  0x0000018b4825c320 ConcurrentGCThread "G1 Refine#0"               [id=20196, stack(0x0000000197b00000,0x0000000197c00000) (1024K)]
  0x0000018b4825ce90 ConcurrentGCThread "G1 Service"                [id=14088, stack(0x0000000197c00000,0x0000000197d00000) (1024K)]
Total: 18

Threads with active compile tasks:
C2 CompilerThread0   481745 17989       4       sun.util.locale.LocaleUtils::toLowerString (95 bytes)
Total: 1

VM state: not at safepoint (normal execution)

VM Mutex/Monitor currently owned by a thread: None

Heap address: 0x0000000705a00000, size: 4006 MB, Compressed Oops mode: Zero based, Oop shift amount: 3

CDS archive(s) mapped at: [0x0000018b49000000-0x0000018b49c90000-0x0000018b49c90000), size 13172736, SharedBaseAddress: 0x0000018b49000000, ArchiveRelocationMode: 1.
Compressed class space mapped at: 0x0000018b4a000000-0x0000018b8a000000, reserved size: 1073741824
Narrow klass base: 0x0000018b49000000, Narrow klass shift: 0, Narrow klass range: 0x100000000

GC Precious Log:
 CardTable entry size: 512
 Card Set container configuration: InlinePtr #cards 4 size 8 Array Of Cards #cards 16 size 48 Howl #buckets 8 coarsen threshold 3686 Howl Bitmap #cards 512 size 80 coarsen threshold 460 Card regions per heap region 1 cards per card region 4096
 CPUs: 12 total, 12 available
 Memory: 16016M
 Large Page Support: Disabled
 NUMA Support: Disabled
 Compressed Oops: Enabled (Zero based)
 Heap Region Size: 2M
 Heap Min Capacity: 8M
 Heap Initial Capacity: 252M
 Heap Max Capacity: 4006M
 Pre-touch: Disabled
 Parallel Workers: 10
 Concurrent Workers: 3
 Concurrent Refinement Workers: 10
 Periodic GC: Disabled

Heap:
 garbage-first heap   total 505856K, used 166773K [0x0000000705a00000, 0x0000000800000000)
  region size 2048K, 24 young (49152K), 10 survivors (20480K)
 Metaspace       used 108336K, committed 109632K, reserved 1179648K
  class space    used 14170K, committed 14784K, reserved 1048576K

Heap Regions: E=young(eden), S=young(survivor), O=old, HS=humongous(starts), HC=humongous(continues), CS=collection set, F=free, TAMS=top-at-mark-start, PB=parsable bottom
|   0|0x0000000705a00000, 0x0000000705c00000, 0x0000000705c00000|100%| O|  |TAMS 0x0000000705a00000| PB 0x0000000705a00000| Untracked 
|   1|0x0000000705c00000, 0x0000000705e00000, 0x0000000705e00000|100%| O|  |TAMS 0x0000000705c00000| PB 0x0000000705c00000| Untracked 
|   2|0x0000000705e00000, 0x0000000706000000, 0x0000000706000000|100%| O|  |TAMS 0x0000000705e00000| PB 0x0000000705e00000| Untracked 
|   3|0x0000000706000000, 0x0000000706200000, 0x0000000706200000|100%| O|  |TAMS 0x0000000706000000| PB 0x0000000706000000| Untracked 
|   4|0x0000000706200000, 0x0000000706400000, 0x0000000706400000|100%| O|  |TAMS 0x0000000706200000| PB 0x0000000706200000| Untracked 
|   5|0x0000000706400000, 0x0000000706600000, 0x0000000706600000|100%| O|Cm|TAMS 0x0000000706400000| PB 0x0000000706400000| Complete 
|   6|0x0000000706600000, 0x0000000706800000, 0x0000000706800000|100%| O|  |TAMS 0x0000000706600000| PB 0x0000000706600000| Untracked 
|   7|0x0000000706800000, 0x0000000706a00000, 0x0000000706a00000|100%| O|  |TAMS 0x0000000706800000| PB 0x0000000706800000| Untracked 
|   8|0x0000000706a00000, 0x0000000706c00000, 0x0000000706c00000|100%| O|  |TAMS 0x0000000706a00000| PB 0x0000000706a00000| Untracked 
|   9|0x0000000706c00000, 0x0000000706e00000, 0x0000000706e00000|100%| O|  |TAMS 0x0000000706c00000| PB 0x0000000706c00000| Untracked 
|  10|0x0000000706e00000, 0x0000000707000000, 0x0000000707000000|100%| O|  |TAMS 0x0000000706e00000| PB 0x0000000706e00000| Untracked 
|  11|0x0000000707000000, 0x0000000707200000, 0x0000000707200000|100%| O|  |TAMS 0x0000000707000000| PB 0x0000000707000000| Untracked 
|  12|0x0000000707200000, 0x0000000707400000, 0x0000000707400000|100%| O|  |TAMS 0x0000000707200000| PB 0x0000000707200000| Untracked 
|  13|0x0000000707400000, 0x0000000707600000, 0x0000000707600000|100%| O|  |TAMS 0x0000000707400000| PB 0x0000000707400000| Untracked 
|  14|0x0000000707600000, 0x0000000707800000, 0x0000000707800000|100%| O|  |TAMS 0x0000000707600000| PB 0x0000000707600000| Untracked 
|  15|0x0000000707800000, 0x0000000707a00000, 0x0000000707a00000|100%| O|  |TAMS 0x0000000707800000| PB 0x0000000707800000| Untracked 
|  16|0x0000000707a00000, 0x0000000707c00000, 0x0000000707c00000|100%| O|  |TAMS 0x0000000707a00000| PB 0x0000000707a00000| Untracked 
|  17|0x0000000707c00000, 0x0000000707e00000, 0x0000000707e00000|100%| O|  |TAMS 0x0000000707c00000| PB 0x0000000707c00000| Untracked 
|  18|0x0000000707e00000, 0x0000000708000000, 0x0000000708000000|100%| O|  |TAMS 0x0000000707e00000| PB 0x0000000707e00000| Untracked 
|  19|0x0000000708000000, 0x0000000708200000, 0x0000000708200000|100%| O|  |TAMS 0x0000000708000000| PB 0x0000000708000000| Untracked 
|  20|0x0000000708200000, 0x0000000708400000, 0x0000000708400000|100%| O|  |TAMS 0x0000000708200000| PB 0x0000000708200000| Untracked 
|  21|0x0000000708400000, 0x0000000708600000, 0x0000000708600000|100%| O|  |TAMS 0x0000000708400000| PB 0x0000000708400000| Untracked 
|  22|0x0000000708600000, 0x0000000708800000, 0x0000000708800000|100%| O|  |TAMS 0x0000000708600000| PB 0x0000000708600000| Untracked 
|  23|0x0000000708800000, 0x0000000708a00000, 0x0000000708a00000|100%| O|  |TAMS 0x0000000708800000| PB 0x0000000708800000| Untracked 
|  24|0x0000000708a00000, 0x0000000708c00000, 0x0000000708c00000|100%| O|  |TAMS 0x0000000708a00000| PB 0x0000000708a00000| Untracked 
|  25|0x0000000708c00000, 0x0000000708e00000, 0x0000000708e00000|100%| O|  |TAMS 0x0000000708c00000| PB 0x0000000708c00000| Untracked 
|  26|0x0000000708e00000, 0x0000000709000000, 0x0000000709000000|100%| O|  |TAMS 0x0000000708e00000| PB 0x0000000708e00000| Untracked 
|  27|0x0000000709000000, 0x0000000709200000, 0x0000000709200000|100%| O|  |TAMS 0x0000000709000000| PB 0x0000000709000000| Untracked 
|  28|0x0000000709200000, 0x0000000709400000, 0x0000000709400000|100%| O|  |TAMS 0x0000000709200000| PB 0x0000000709200000| Untracked 
|  29|0x0000000709400000, 0x0000000709600000, 0x0000000709600000|100%| O|  |TAMS 0x0000000709400000| PB 0x0000000709400000| Untracked 
|  30|0x0000000709600000, 0x0000000709800000, 0x0000000709800000|100%| O|  |TAMS 0x0000000709600000| PB 0x0000000709600000| Untracked 
|  31|0x0000000709800000, 0x0000000709a00000, 0x0000000709a00000|100%| O|  |TAMS 0x0000000709800000| PB 0x0000000709800000| Untracked 
|  32|0x0000000709a00000, 0x0000000709c00000, 0x0000000709c00000|100%| O|  |TAMS 0x0000000709a00000| PB 0x0000000709a00000| Untracked 
|  33|0x0000000709c00000, 0x0000000709c00000, 0x0000000709e00000|  0%| F|  |TAMS 0x0000000709c00000| PB 0x0000000709c00000| Untracked 
|  34|0x0000000709e00000, 0x000000070a000000, 0x000000070a000000|100%| O|  |TAMS 0x0000000709e00000| PB 0x0000000709e00000| Untracked 
|  35|0x000000070a000000, 0x000000070a200000, 0x000000070a200000|100%| O|  |TAMS 0x000000070a000000| PB 0x000000070a000000| Untracked 
|  36|0x000000070a200000, 0x000000070a400000, 0x000000070a400000|100%| O|  |TAMS 0x000000070a200000| PB 0x000000070a200000| Untracked 
|  37|0x000000070a400000, 0x000000070a51b3e8, 0x000000070a600000| 55%| O|  |TAMS 0x000000070a400000| PB 0x000000070a400000| Untracked 
|  38|0x000000070a600000, 0x000000070a600000, 0x000000070a800000|  0%| F|  |TAMS 0x000000070a600000| PB 0x000000070a600000| Untracked 
|  39|0x000000070a800000, 0x000000070aa00000, 0x000000070aa00000|100%| O|  |TAMS 0x000000070a800000| PB 0x000000070a800000| Untracked 
|  40|0x000000070aa00000, 0x000000070ac00000, 0x000000070ac00000|100%| O|  |TAMS 0x000000070aa00000| PB 0x000000070aa00000| Untracked 
|  41|0x000000070ac00000, 0x000000070ac00000, 0x000000070ae00000|  0%| F|  |TAMS 0x000000070ac00000| PB 0x000000070ac00000| Untracked 
|  42|0x000000070ae00000, 0x000000070b000000, 0x000000070b000000|100%| O|  |TAMS 0x000000070ae00000| PB 0x000000070ae00000| Untracked 
|  43|0x000000070b000000, 0x000000070b200000, 0x000000070b200000|100%| O|Cm|TAMS 0x000000070b000000| PB 0x000000070b000000| Complete 
|  44|0x000000070b200000, 0x000000070b400000, 0x000000070b400000|100%| O|Cm|TAMS 0x000000070b200000| PB 0x000000070b200000| Complete 
|  45|0x000000070b400000, 0x000000070b600000, 0x000000070b600000|100%| O|Cm|TAMS 0x000000070b400000| PB 0x000000070b400000| Complete 
|  46|0x000000070b600000, 0x000000070b800000, 0x000000070b800000|100%| O|Cm|TAMS 0x000000070b600000| PB 0x000000070b600000| Complete 
|  47|0x000000070b800000, 0x000000070ba00000, 0x000000070ba00000|100%| O|Cm|TAMS 0x000000070b800000| PB 0x000000070b800000| Complete 
|  48|0x000000070ba00000, 0x000000070bc00000, 0x000000070bc00000|100%| O|Cm|TAMS 0x000000070ba00000| PB 0x000000070ba00000| Complete 
|  49|0x000000070bc00000, 0x000000070be00000, 0x000000070be00000|100%| O|Cm|TAMS 0x000000070bc00000| PB 0x000000070bc00000| Complete 
|  50|0x000000070be00000, 0x000000070c000000, 0x000000070c000000|100%| O|Cm|TAMS 0x000000070be00000| PB 0x000000070be00000| Complete 
|  51|0x000000070c000000, 0x000000070c200000, 0x000000070c200000|100%| O|Cm|TAMS 0x000000070c000000| PB 0x000000070c000000| Complete 
|  52|0x000000070c200000, 0x000000070c400000, 0x000000070c400000|100%| O|Cm|TAMS 0x000000070c200000| PB 0x000000070c200000| Complete 
|  53|0x000000070c400000, 0x000000070c600000, 0x000000070c600000|100%| O|Cm|TAMS 0x000000070c400000| PB 0x000000070c400000| Complete 
|  54|0x000000070c600000, 0x000000070c800000, 0x000000070c800000|100%| O|Cm|TAMS 0x000000070c600000| PB 0x000000070c600000| Complete 
|  55|0x000000070c800000, 0x000000070c800000, 0x000000070ca00000|  0%| F|  |TAMS 0x000000070c800000| PB 0x000000070c800000| Untracked 
|  56|0x000000070ca00000, 0x000000070ca00000, 0x000000070cc00000|  0%| F|  |TAMS 0x000000070ca00000| PB 0x000000070ca00000| Untracked 
|  57|0x000000070cc00000, 0x000000070cc00000, 0x000000070ce00000|  0%| F|  |TAMS 0x000000070cc00000| PB 0x000000070cc00000| Untracked 
|  58|0x000000070ce00000, 0x000000070ce00000, 0x000000070d000000|  0%| F|  |TAMS 0x000000070ce00000| PB 0x000000070ce00000| Untracked 
|  59|0x000000070d000000, 0x000000070d000000, 0x000000070d200000|  0%| F|  |TAMS 0x000000070d000000| PB 0x000000070d000000| Untracked 
|  60|0x000000070d200000, 0x000000070d200000, 0x000000070d400000|  0%| F|  |TAMS 0x000000070d200000| PB 0x000000070d200000| Untracked 
|  61|0x000000070d400000, 0x000000070d400000, 0x000000070d600000|  0%| F|  |TAMS 0x000000070d400000| PB 0x000000070d400000| Untracked 
|  62|0x000000070d600000, 0x000000070d600000, 0x000000070d800000|  0%| F|  |TAMS 0x000000070d600000| PB 0x000000070d600000| Untracked 
|  63|0x000000070d800000, 0x000000070da00000, 0x000000070da00000|100%| O|  |TAMS 0x000000070d800000| PB 0x000000070d800000| Untracked 
|  64|0x000000070da00000, 0x000000070da00000, 0x000000070dc00000|  0%| F|  |TAMS 0x000000070da00000| PB 0x000000070da00000| Untracked 
|  65|0x000000070dc00000, 0x000000070dc00000, 0x000000070de00000|  0%| F|  |TAMS 0x000000070dc00000| PB 0x000000070dc00000| Untracked 
|  66|0x000000070de00000, 0x000000070de00000, 0x000000070e000000|  0%| F|  |TAMS 0x000000070de00000| PB 0x000000070de00000| Untracked 
|  67|0x000000070e000000, 0x000000070e000000, 0x000000070e200000|  0%| F|  |TAMS 0x000000070e000000| PB 0x000000070e000000| Untracked 
|  68|0x000000070e200000, 0x000000070e200000, 0x000000070e400000|  0%| F|  |TAMS 0x000000070e200000| PB 0x000000070e200000| Untracked 
|  69|0x000000070e400000, 0x000000070e400000, 0x000000070e600000|  0%| F|  |TAMS 0x000000070e400000| PB 0x000000070e400000| Untracked 
|  70|0x000000070e600000, 0x000000070e600000, 0x000000070e800000|  0%| F|  |TAMS 0x000000070e600000| PB 0x000000070e600000| Untracked 
|  71|0x000000070e800000, 0x000000070e800000, 0x000000070ea00000|  0%| F|  |TAMS 0x000000070e800000| PB 0x000000070e800000| Untracked 
|  72|0x000000070ea00000, 0x000000070ea00000, 0x000000070ec00000|  0%| F|  |TAMS 0x000000070ea00000| PB 0x000000070ea00000| Untracked 
|  73|0x000000070ec00000, 0x000000070ec00000, 0x000000070ee00000|  0%| F|  |TAMS 0x000000070ec00000| PB 0x000000070ec00000| Untracked 
|  74|0x000000070ee00000, 0x000000070ee00000, 0x000000070f000000|  0%| F|  |TAMS 0x000000070ee00000| PB 0x000000070ee00000| Untracked 
|  75|0x000000070f000000, 0x000000070f000000, 0x000000070f200000|  0%| F|  |TAMS 0x000000070f000000| PB 0x000000070f000000| Untracked 
|  76|0x000000070f200000, 0x000000070f200000, 0x000000070f400000|  0%| F|  |TAMS 0x000000070f200000| PB 0x000000070f200000| Untracked 
|  77|0x000000070f400000, 0x000000070f400000, 0x000000070f600000|  0%| F|  |TAMS 0x000000070f400000| PB 0x000000070f400000| Untracked 
|  78|0x000000070f600000, 0x000000070f600000, 0x000000070f800000|  0%| F|  |TAMS 0x000000070f600000| PB 0x000000070f600000| Untracked 
|  79|0x000000070f800000, 0x000000070f800000, 0x000000070fa00000|  0%| F|  |TAMS 0x000000070f800000| PB 0x000000070f800000| Untracked 
|  80|0x000000070fa00000, 0x000000070fa00000, 0x000000070fc00000|  0%| F|  |TAMS 0x000000070fa00000| PB 0x000000070fa00000| Untracked 
|  81|0x000000070fc00000, 0x000000070fc00000, 0x000000070fe00000|  0%| F|  |TAMS 0x000000070fc00000| PB 0x000000070fc00000| Untracked 
|  82|0x000000070fe00000, 0x000000070ffc2050, 0x0000000710000000| 87%| S|CS|TAMS 0x000000070fe00000| PB 0x000000070fe00000| Complete 
|  83|0x0000000710000000, 0x0000000710200000, 0x0000000710200000|100%| S|CS|TAMS 0x0000000710000000| PB 0x0000000710000000| Complete 
|  84|0x0000000710200000, 0x0000000710400000, 0x0000000710400000|100%| S|CS|TAMS 0x0000000710200000| PB 0x0000000710200000| Complete 
|  85|0x0000000710400000, 0x0000000710600000, 0x0000000710600000|100%| S|CS|TAMS 0x0000000710400000| PB 0x0000000710400000| Complete 
|  86|0x0000000710600000, 0x0000000710800000, 0x0000000710800000|100%| S|CS|TAMS 0x0000000710600000| PB 0x0000000710600000| Complete 
|  87|0x0000000710800000, 0x0000000710a00000, 0x0000000710a00000|100%| S|CS|TAMS 0x0000000710800000| PB 0x0000000710800000| Complete 
|  88|0x0000000710a00000, 0x0000000710a00000, 0x0000000710c00000|  0%| F|  |TAMS 0x0000000710a00000| PB 0x0000000710a00000| Untracked 
|  89|0x0000000710c00000, 0x0000000710e00000, 0x0000000710e00000|100%| S|CS|TAMS 0x0000000710c00000| PB 0x0000000710c00000| Complete 
|  90|0x0000000710e00000, 0x0000000711000000, 0x0000000711000000|100%| S|CS|TAMS 0x0000000710e00000| PB 0x0000000710e00000| Complete 
|  91|0x0000000711000000, 0x0000000711200000, 0x0000000711200000|100%| S|CS|TAMS 0x0000000711000000| PB 0x0000000711000000| Complete 
|  92|0x0000000711200000, 0x0000000711400000, 0x0000000711400000|100%| S|CS|TAMS 0x0000000711200000| PB 0x0000000711200000| Complete 
|  93|0x0000000711400000, 0x0000000711400000, 0x0000000711600000|  0%| F|  |TAMS 0x0000000711400000| PB 0x0000000711400000| Untracked 
|  94|0x0000000711600000, 0x0000000711600000, 0x0000000711800000|  0%| F|  |TAMS 0x0000000711600000| PB 0x0000000711600000| Untracked 
|  95|0x0000000711800000, 0x0000000711800000, 0x0000000711a00000|  0%| F|  |TAMS 0x0000000711800000| PB 0x0000000711800000| Untracked 
|  96|0x0000000711a00000, 0x0000000711a00000, 0x0000000711c00000|  0%| F|  |TAMS 0x0000000711a00000| PB 0x0000000711a00000| Untracked 
|  97|0x0000000711c00000, 0x0000000711c00000, 0x0000000711e00000|  0%| F|  |TAMS 0x0000000711c00000| PB 0x0000000711c00000| Untracked 
|  98|0x0000000711e00000, 0x0000000711e00000, 0x0000000712000000|  0%| F|  |TAMS 0x0000000711e00000| PB 0x0000000711e00000| Untracked 
|  99|0x0000000712000000, 0x0000000712000000, 0x0000000712200000|  0%| F|  |TAMS 0x0000000712000000| PB 0x0000000712000000| Untracked 
| 100|0x0000000712200000, 0x0000000712200000, 0x0000000712400000|  0%| F|  |TAMS 0x0000000712200000| PB 0x0000000712200000| Untracked 
| 101|0x0000000712400000, 0x0000000712400000, 0x0000000712600000|  0%| F|  |TAMS 0x0000000712400000| PB 0x0000000712400000| Untracked 
| 102|0x0000000712600000, 0x0000000712600000, 0x0000000712800000|  0%| F|  |TAMS 0x0000000712600000| PB 0x0000000712600000| Untracked 
| 103|0x0000000712800000, 0x0000000712800000, 0x0000000712a00000|  0%| F|  |TAMS 0x0000000712800000| PB 0x0000000712800000| Untracked 
| 104|0x0000000712a00000, 0x0000000712a00000, 0x0000000712c00000|  0%| F|  |TAMS 0x0000000712a00000| PB 0x0000000712a00000| Untracked 
| 105|0x0000000712c00000, 0x0000000712c00000, 0x0000000712e00000|  0%| F|  |TAMS 0x0000000712c00000| PB 0x0000000712c00000| Untracked 
| 106|0x0000000712e00000, 0x0000000712e00000, 0x0000000713000000|  0%| F|  |TAMS 0x0000000712e00000| PB 0x0000000712e00000| Untracked 
| 107|0x0000000713000000, 0x0000000713000000, 0x0000000713200000|  0%| F|  |TAMS 0x0000000713000000| PB 0x0000000713000000| Untracked 
| 108|0x0000000713200000, 0x0000000713200000, 0x0000000713400000|  0%| F|  |TAMS 0x0000000713200000| PB 0x0000000713200000| Untracked 
| 109|0x0000000713400000, 0x0000000713400000, 0x0000000713600000|  0%| F|  |TAMS 0x0000000713400000| PB 0x0000000713400000| Untracked 
| 110|0x0000000713600000, 0x0000000713600000, 0x0000000713800000|  0%| F|  |TAMS 0x0000000713600000| PB 0x0000000713600000| Untracked 
| 111|0x0000000713800000, 0x0000000713800000, 0x0000000713a00000|  0%| F|  |TAMS 0x0000000713800000| PB 0x0000000713800000| Untracked 
| 112|0x0000000713a00000, 0x0000000713a00000, 0x0000000713c00000|  0%| F|  |TAMS 0x0000000713a00000| PB 0x0000000713a00000| Untracked 
| 113|0x0000000713c00000, 0x0000000713c00000, 0x0000000713e00000|  0%| F|  |TAMS 0x0000000713c00000| PB 0x0000000713c00000| Untracked 
| 114|0x0000000713e00000, 0x0000000713e00000, 0x0000000714000000|  0%| F|  |TAMS 0x0000000713e00000| PB 0x0000000713e00000| Untracked 
| 115|0x0000000714000000, 0x0000000714000000, 0x0000000714200000|  0%| F|  |TAMS 0x0000000714000000| PB 0x0000000714000000| Untracked 
| 116|0x0000000714200000, 0x0000000714200000, 0x0000000714400000|  0%| F|  |TAMS 0x0000000714200000| PB 0x0000000714200000| Untracked 
| 117|0x0000000714400000, 0x0000000714400000, 0x0000000714600000|  0%| F|  |TAMS 0x0000000714400000| PB 0x0000000714400000| Untracked 
| 118|0x0000000714600000, 0x0000000714600000, 0x0000000714800000|  0%| F|  |TAMS 0x0000000714600000| PB 0x0000000714600000| Untracked 
| 119|0x0000000714800000, 0x0000000714800000, 0x0000000714a00000|  0%| F|  |TAMS 0x0000000714800000| PB 0x0000000714800000| Untracked 
| 120|0x0000000714a00000, 0x0000000714a00000, 0x0000000714c00000|  0%| F|  |TAMS 0x0000000714a00000| PB 0x0000000714a00000| Untracked 
| 121|0x0000000714c00000, 0x0000000714c00000, 0x0000000714e00000|  0%| F|  |TAMS 0x0000000714c00000| PB 0x0000000714c00000| Untracked 
| 122|0x0000000714e00000, 0x0000000714e00000, 0x0000000715000000|  0%| F|  |TAMS 0x0000000714e00000| PB 0x0000000714e00000| Untracked 
| 123|0x0000000715000000, 0x0000000715000000, 0x0000000715200000|  0%| F|  |TAMS 0x0000000715000000| PB 0x0000000715000000| Untracked 
| 124|0x0000000715200000, 0x0000000715200000, 0x0000000715400000|  0%| F|  |TAMS 0x0000000715200000| PB 0x0000000715200000| Untracked 
| 125|0x0000000715400000, 0x0000000715400000, 0x0000000715600000|  0%| F|  |TAMS 0x0000000715400000| PB 0x0000000715400000| Untracked 
| 126|0x0000000715600000, 0x0000000715600000, 0x0000000715800000|  0%| F|  |TAMS 0x0000000715600000| PB 0x0000000715600000| Untracked 
| 127|0x0000000715800000, 0x0000000715800000, 0x0000000715a00000|  0%| F|  |TAMS 0x0000000715800000| PB 0x0000000715800000| Untracked 
| 128|0x0000000715a00000, 0x0000000715a00000, 0x0000000715c00000|  0%| F|  |TAMS 0x0000000715a00000| PB 0x0000000715a00000| Untracked 
| 129|0x0000000715c00000, 0x0000000715c00000, 0x0000000715e00000|  0%| F|  |TAMS 0x0000000715c00000| PB 0x0000000715c00000| Untracked 
| 130|0x0000000715e00000, 0x0000000715e00000, 0x0000000716000000|  0%| F|  |TAMS 0x0000000715e00000| PB 0x0000000715e00000| Untracked 
| 131|0x0000000716000000, 0x0000000716000000, 0x0000000716200000|  0%| F|  |TAMS 0x0000000716000000| PB 0x0000000716000000| Untracked 
| 132|0x0000000716200000, 0x0000000716200000, 0x0000000716400000|  0%| F|  |TAMS 0x0000000716200000| PB 0x0000000716200000| Untracked 
| 133|0x0000000716400000, 0x0000000716400000, 0x0000000716600000|  0%| F|  |TAMS 0x0000000716400000| PB 0x0000000716400000| Untracked 
| 134|0x0000000716600000, 0x0000000716600000, 0x0000000716800000|  0%| F|  |TAMS 0x0000000716600000| PB 0x0000000716600000| Untracked 
| 135|0x0000000716800000, 0x0000000716800000, 0x0000000716a00000|  0%| F|  |TAMS 0x0000000716800000| PB 0x0000000716800000| Untracked 
| 136|0x0000000716a00000, 0x0000000716a00000, 0x0000000716c00000|  0%| F|  |TAMS 0x0000000716a00000| PB 0x0000000716a00000| Untracked 
| 137|0x0000000716c00000, 0x0000000716c00000, 0x0000000716e00000|  0%| F|  |TAMS 0x0000000716c00000| PB 0x0000000716c00000| Untracked 
| 138|0x0000000716e00000, 0x0000000716e00000, 0x0000000717000000|  0%| F|  |TAMS 0x0000000716e00000| PB 0x0000000716e00000| Untracked 
| 139|0x0000000717000000, 0x0000000717000000, 0x0000000717200000|  0%| F|  |TAMS 0x0000000717000000| PB 0x0000000717000000| Untracked 
| 140|0x0000000717200000, 0x0000000717200000, 0x0000000717400000|  0%| F|  |TAMS 0x0000000717200000| PB 0x0000000717200000| Untracked 
| 141|0x0000000717400000, 0x0000000717400000, 0x0000000717600000|  0%| F|  |TAMS 0x0000000717400000| PB 0x0000000717400000| Untracked 
| 142|0x0000000717600000, 0x0000000717600000, 0x0000000717800000|  0%| F|  |TAMS 0x0000000717600000| PB 0x0000000717600000| Untracked 
| 143|0x0000000717800000, 0x0000000717800000, 0x0000000717a00000|  0%| F|  |TAMS 0x0000000717800000| PB 0x0000000717800000| Untracked 
| 144|0x0000000717a00000, 0x0000000717a00000, 0x0000000717c00000|  0%| F|  |TAMS 0x0000000717a00000| PB 0x0000000717a00000| Untracked 
| 145|0x0000000717c00000, 0x0000000717c00000, 0x0000000717e00000|  0%| F|  |TAMS 0x0000000717c00000| PB 0x0000000717c00000| Untracked 
| 146|0x0000000717e00000, 0x0000000717e00000, 0x0000000718000000|  0%| F|  |TAMS 0x0000000717e00000| PB 0x0000000717e00000| Untracked 
| 147|0x0000000718000000, 0x0000000718000000, 0x0000000718200000|  0%| F|  |TAMS 0x0000000718000000| PB 0x0000000718000000| Untracked 
| 148|0x0000000718200000, 0x0000000718200000, 0x0000000718400000|  0%| F|  |TAMS 0x0000000718200000| PB 0x0000000718200000| Untracked 
| 149|0x0000000718400000, 0x0000000718400000, 0x0000000718600000|  0%| F|  |TAMS 0x0000000718400000| PB 0x0000000718400000| Untracked 
| 150|0x0000000718600000, 0x0000000718600000, 0x0000000718800000|  0%| F|  |TAMS 0x0000000718600000| PB 0x0000000718600000| Untracked 
| 151|0x0000000718800000, 0x0000000718800000, 0x0000000718a00000|  0%| F|  |TAMS 0x0000000718800000| PB 0x0000000718800000| Untracked 
| 152|0x0000000718a00000, 0x0000000718a00000, 0x0000000718c00000|  0%| F|  |TAMS 0x0000000718a00000| PB 0x0000000718a00000| Untracked 
| 153|0x0000000718c00000, 0x0000000718c00000, 0x0000000718e00000|  0%| F|  |TAMS 0x0000000718c00000| PB 0x0000000718c00000| Untracked 
| 154|0x0000000718e00000, 0x0000000718e00000, 0x0000000719000000|  0%| F|  |TAMS 0x0000000718e00000| PB 0x0000000718e00000| Untracked 
| 155|0x0000000719000000, 0x0000000719000000, 0x0000000719200000|  0%| F|  |TAMS 0x0000000719000000| PB 0x0000000719000000| Untracked 
| 156|0x0000000719200000, 0x0000000719200000, 0x0000000719400000|  0%| F|  |TAMS 0x0000000719200000| PB 0x0000000719200000| Untracked 
| 157|0x0000000719400000, 0x0000000719400000, 0x0000000719600000|  0%| F|  |TAMS 0x0000000719400000| PB 0x0000000719400000| Untracked 
| 158|0x0000000719600000, 0x0000000719600000, 0x0000000719800000|  0%| F|  |TAMS 0x0000000719600000| PB 0x0000000719600000| Untracked 
| 159|0x0000000719800000, 0x0000000719800000, 0x0000000719a00000|  0%| F|  |TAMS 0x0000000719800000| PB 0x0000000719800000| Untracked 
| 160|0x0000000719a00000, 0x0000000719a00000, 0x0000000719c00000|  0%| F|  |TAMS 0x0000000719a00000| PB 0x0000000719a00000| Untracked 
| 161|0x0000000719c00000, 0x0000000719c00000, 0x0000000719e00000|  0%| F|  |TAMS 0x0000000719c00000| PB 0x0000000719c00000| Untracked 
| 162|0x0000000719e00000, 0x0000000719e00000, 0x000000071a000000|  0%| F|  |TAMS 0x0000000719e00000| PB 0x0000000719e00000| Untracked 
| 163|0x000000071a000000, 0x000000071a000000, 0x000000071a200000|  0%| F|  |TAMS 0x000000071a000000| PB 0x000000071a000000| Untracked 
| 164|0x000000071a200000, 0x000000071a200000, 0x000000071a400000|  0%| F|  |TAMS 0x000000071a200000| PB 0x000000071a200000| Untracked 
| 165|0x000000071a400000, 0x000000071a400000, 0x000000071a600000|  0%| F|  |TAMS 0x000000071a400000| PB 0x000000071a400000| Untracked 
| 166|0x000000071a600000, 0x000000071a600000, 0x000000071a800000|  0%| F|  |TAMS 0x000000071a600000| PB 0x000000071a600000| Untracked 
| 167|0x000000071a800000, 0x000000071a800000, 0x000000071aa00000|  0%| F|  |TAMS 0x000000071a800000| PB 0x000000071a800000| Untracked 
| 168|0x000000071aa00000, 0x000000071aa00000, 0x000000071ac00000|  0%| F|  |TAMS 0x000000071aa00000| PB 0x000000071aa00000| Untracked 
| 169|0x000000071ac00000, 0x000000071ac00000, 0x000000071ae00000|  0%| F|  |TAMS 0x000000071ac00000| PB 0x000000071ac00000| Untracked 
| 170|0x000000071ae00000, 0x000000071ae00000, 0x000000071b000000|  0%| F|  |TAMS 0x000000071ae00000| PB 0x000000071ae00000| Untracked 
| 171|0x000000071b000000, 0x000000071b000000, 0x000000071b200000|  0%| F|  |TAMS 0x000000071b000000| PB 0x000000071b000000| Untracked 
| 172|0x000000071b200000, 0x000000071b200000, 0x000000071b400000|  0%| F|  |TAMS 0x000000071b200000| PB 0x000000071b200000| Untracked 
| 173|0x000000071b400000, 0x000000071b400000, 0x000000071b600000|  0%| F|  |TAMS 0x000000071b400000| PB 0x000000071b400000| Untracked 
| 174|0x000000071b600000, 0x000000071b600000, 0x000000071b800000|  0%| F|  |TAMS 0x000000071b600000| PB 0x000000071b600000| Untracked 
| 175|0x000000071b800000, 0x000000071b800000, 0x000000071ba00000|  0%| F|  |TAMS 0x000000071b800000| PB 0x000000071b800000| Untracked 
| 176|0x000000071ba00000, 0x000000071ba00000, 0x000000071bc00000|  0%| F|  |TAMS 0x000000071ba00000| PB 0x000000071ba00000| Untracked 
| 177|0x000000071bc00000, 0x000000071bc00000, 0x000000071be00000|  0%| F|  |TAMS 0x000000071bc00000| PB 0x000000071bc00000| Untracked 
| 178|0x000000071be00000, 0x000000071be00000, 0x000000071c000000|  0%| F|  |TAMS 0x000000071be00000| PB 0x000000071be00000| Untracked 
| 179|0x000000071c000000, 0x000000071c000000, 0x000000071c200000|  0%| F|  |TAMS 0x000000071c000000| PB 0x000000071c000000| Untracked 
| 180|0x000000071c200000, 0x000000071c200000, 0x000000071c400000|  0%| F|  |TAMS 0x000000071c200000| PB 0x000000071c200000| Untracked 
| 181|0x000000071c400000, 0x000000071c400000, 0x000000071c600000|  0%| F|  |TAMS 0x000000071c400000| PB 0x000000071c400000| Untracked 
| 182|0x000000071c600000, 0x000000071c600000, 0x000000071c800000|  0%| F|  |TAMS 0x000000071c600000| PB 0x000000071c600000| Untracked 
| 183|0x000000071c800000, 0x000000071c800000, 0x000000071ca00000|  0%| F|  |TAMS 0x000000071c800000| PB 0x000000071c800000| Untracked 
| 184|0x000000071ca00000, 0x000000071ca00000, 0x000000071cc00000|  0%| F|  |TAMS 0x000000071ca00000| PB 0x000000071ca00000| Untracked 
| 185|0x000000071cc00000, 0x000000071cc00000, 0x000000071ce00000|  0%| F|  |TAMS 0x000000071cc00000| PB 0x000000071cc00000| Untracked 
| 186|0x000000071ce00000, 0x000000071ce00000, 0x000000071d000000|  0%| F|  |TAMS 0x000000071ce00000| PB 0x000000071ce00000| Untracked 
| 187|0x000000071d000000, 0x000000071d000000, 0x000000071d200000|  0%| F|  |TAMS 0x000000071d000000| PB 0x000000071d000000| Untracked 
| 188|0x000000071d200000, 0x000000071d200000, 0x000000071d400000|  0%| F|  |TAMS 0x000000071d200000| PB 0x000000071d200000| Untracked 
| 189|0x000000071d400000, 0x000000071d400000, 0x000000071d600000|  0%| F|  |TAMS 0x000000071d400000| PB 0x000000071d400000| Untracked 
| 190|0x000000071d600000, 0x000000071d600000, 0x000000071d800000|  0%| F|  |TAMS 0x000000071d600000| PB 0x000000071d600000| Untracked 
| 191|0x000000071d800000, 0x000000071d800000, 0x000000071da00000|  0%| F|  |TAMS 0x000000071d800000| PB 0x000000071d800000| Untracked 
| 192|0x000000071da00000, 0x000000071da00000, 0x000000071dc00000|  0%| F|  |TAMS 0x000000071da00000| PB 0x000000071da00000| Untracked 
| 193|0x000000071dc00000, 0x000000071dc00000, 0x000000071de00000|  0%| F|  |TAMS 0x000000071dc00000| PB 0x000000071dc00000| Untracked 
| 194|0x000000071de00000, 0x000000071de00000, 0x000000071e000000|  0%| F|  |TAMS 0x000000071de00000| PB 0x000000071de00000| Untracked 
| 195|0x000000071e000000, 0x000000071e000000, 0x000000071e200000|  0%| F|  |TAMS 0x000000071e000000| PB 0x000000071e000000| Untracked 
| 196|0x000000071e200000, 0x000000071e200000, 0x000000071e400000|  0%| F|  |TAMS 0x000000071e200000| PB 0x000000071e200000| Untracked 
| 197|0x000000071e400000, 0x000000071e400000, 0x000000071e600000|  0%| F|  |TAMS 0x000000071e400000| PB 0x000000071e400000| Untracked 
| 198|0x000000071e600000, 0x000000071e600000, 0x000000071e800000|  0%| F|  |TAMS 0x000000071e600000| PB 0x000000071e600000| Untracked 
| 199|0x000000071e800000, 0x000000071e800000, 0x000000071ea00000|  0%| F|  |TAMS 0x000000071e800000| PB 0x000000071e800000| Untracked 
| 200|0x000000071ea00000, 0x000000071ea00000, 0x000000071ec00000|  0%| F|  |TAMS 0x000000071ea00000| PB 0x000000071ea00000| Untracked 
| 201|0x000000071ec00000, 0x000000071ec00000, 0x000000071ee00000|  0%| F|  |TAMS 0x000000071ec00000| PB 0x000000071ec00000| Untracked 
| 202|0x000000071ee00000, 0x000000071ee00000, 0x000000071f000000|  0%| F|  |TAMS 0x000000071ee00000| PB 0x000000071ee00000| Untracked 
| 203|0x000000071f000000, 0x000000071f000000, 0x000000071f200000|  0%| F|  |TAMS 0x000000071f000000| PB 0x000000071f000000| Untracked 
| 204|0x000000071f200000, 0x000000071f200000, 0x000000071f400000|  0%| F|  |TAMS 0x000000071f200000| PB 0x000000071f200000| Untracked 
| 205|0x000000071f400000, 0x000000071f400000, 0x000000071f600000|  0%| F|  |TAMS 0x000000071f400000| PB 0x000000071f400000| Untracked 
| 206|0x000000071f600000, 0x000000071f600000, 0x000000071f800000|  0%| F|  |TAMS 0x000000071f600000| PB 0x000000071f600000| Untracked 
| 207|0x000000071f800000, 0x000000071f800000, 0x000000071fa00000|  0%| F|  |TAMS 0x000000071f800000| PB 0x000000071f800000| Untracked 
| 208|0x000000071fa00000, 0x000000071fa00000, 0x000000071fc00000|  0%| F|  |TAMS 0x000000071fa00000| PB 0x000000071fa00000| Untracked 
| 209|0x000000071fc00000, 0x000000071fc00000, 0x000000071fe00000|  0%| F|  |TAMS 0x000000071fc00000| PB 0x000000071fc00000| Untracked 
| 210|0x000000071fe00000, 0x000000071fe00000, 0x0000000720000000|  0%| F|  |TAMS 0x000000071fe00000| PB 0x000000071fe00000| Untracked 
| 211|0x0000000720000000, 0x0000000720000000, 0x0000000720200000|  0%| F|  |TAMS 0x0000000720000000| PB 0x0000000720000000| Untracked 
| 212|0x0000000720200000, 0x0000000720200000, 0x0000000720400000|  0%| F|  |TAMS 0x0000000720200000| PB 0x0000000720200000| Untracked 
| 213|0x0000000720400000, 0x0000000720400000, 0x0000000720600000|  0%| F|  |TAMS 0x0000000720400000| PB 0x0000000720400000| Untracked 
| 214|0x0000000720600000, 0x0000000720600000, 0x0000000720800000|  0%| F|  |TAMS 0x0000000720600000| PB 0x0000000720600000| Untracked 
| 215|0x0000000720800000, 0x0000000720800000, 0x0000000720a00000|  0%| F|  |TAMS 0x0000000720800000| PB 0x0000000720800000| Untracked 
| 216|0x0000000720a00000, 0x0000000720a00000, 0x0000000720c00000|  0%| F|  |TAMS 0x0000000720a00000| PB 0x0000000720a00000| Untracked 
| 217|0x0000000720c00000, 0x0000000720c00000, 0x0000000720e00000|  0%| F|  |TAMS 0x0000000720c00000| PB 0x0000000720c00000| Untracked 
| 218|0x0000000720e00000, 0x0000000720e00000, 0x0000000721000000|  0%| F|  |TAMS 0x0000000720e00000| PB 0x0000000720e00000| Untracked 
| 219|0x0000000721000000, 0x0000000721000000, 0x0000000721200000|  0%| F|  |TAMS 0x0000000721000000| PB 0x0000000721000000| Untracked 
| 220|0x0000000721200000, 0x0000000721200000, 0x0000000721400000|  0%| F|  |TAMS 0x0000000721200000| PB 0x0000000721200000| Untracked 
| 221|0x0000000721400000, 0x0000000721400000, 0x0000000721600000|  0%| F|  |TAMS 0x0000000721400000| PB 0x0000000721400000| Untracked 
| 222|0x0000000721600000, 0x0000000721600000, 0x0000000721800000|  0%| F|  |TAMS 0x0000000721600000| PB 0x0000000721600000| Untracked 
| 223|0x0000000721800000, 0x0000000721800000, 0x0000000721a00000|  0%| F|  |TAMS 0x0000000721800000| PB 0x0000000721800000| Untracked 
| 224|0x0000000721a00000, 0x0000000721a00000, 0x0000000721c00000|  0%| F|  |TAMS 0x0000000721a00000| PB 0x0000000721a00000| Untracked 
| 225|0x0000000721c00000, 0x0000000721c00000, 0x0000000721e00000|  0%| F|  |TAMS 0x0000000721c00000| PB 0x0000000721c00000| Untracked 
| 226|0x0000000721e00000, 0x0000000721f22cd8, 0x0000000722000000| 56%| E|  |TAMS 0x0000000721e00000| PB 0x0000000721e00000| Complete 
| 227|0x0000000722000000, 0x0000000722200000, 0x0000000722200000|100%| E|CS|TAMS 0x0000000722000000| PB 0x0000000722000000| Complete 
| 228|0x0000000722200000, 0x0000000722400000, 0x0000000722400000|100%| E|CS|TAMS 0x0000000722200000| PB 0x0000000722200000| Complete 
| 229|0x0000000722400000, 0x0000000722600000, 0x0000000722600000|100%| E|CS|TAMS 0x0000000722400000| PB 0x0000000722400000| Complete 
| 230|0x0000000722600000, 0x0000000722800000, 0x0000000722800000|100%| E|CS|TAMS 0x0000000722600000| PB 0x0000000722600000| Complete 
| 231|0x0000000722800000, 0x0000000722a00000, 0x0000000722a00000|100%| E|  |TAMS 0x0000000722800000| PB 0x0000000722800000| Complete 
| 232|0x0000000722a00000, 0x0000000722c00000, 0x0000000722c00000|100%| E|CS|TAMS 0x0000000722a00000| PB 0x0000000722a00000| Complete 
| 233|0x0000000722c00000, 0x0000000722e00000, 0x0000000722e00000|100%| E|CS|TAMS 0x0000000722c00000| PB 0x0000000722c00000| Complete 
| 234|0x0000000722e00000, 0x0000000723000000, 0x0000000723000000|100%| E|CS|TAMS 0x0000000722e00000| PB 0x0000000722e00000| Complete 
| 235|0x0000000723000000, 0x0000000723200000, 0x0000000723200000|100%| E|CS|TAMS 0x0000000723000000| PB 0x0000000723000000| Complete 
| 236|0x0000000723200000, 0x0000000723400000, 0x0000000723400000|100%| E|CS|TAMS 0x0000000723200000| PB 0x0000000723200000| Complete 
|1989|0x00000007fe400000, 0x00000007fe600000, 0x00000007fe600000|100%| O|  |TAMS 0x00000007fe400000| PB 0x00000007fe400000| Untracked 
|1990|0x00000007fe600000, 0x00000007fe800000, 0x00000007fe800000|100%| O|  |TAMS 0x00000007fe600000| PB 0x00000007fe600000| Untracked 
|1991|0x00000007fe800000, 0x00000007fea00000, 0x00000007fea00000|100%| O|Cm|TAMS 0x00000007fe800000| PB 0x00000007fe800000| Complete 
|1992|0x00000007fea00000, 0x00000007fec00000, 0x00000007fec00000|100%| O|Cm|TAMS 0x00000007fea00000| PB 0x00000007fea00000| Complete 
|1993|0x00000007fec00000, 0x00000007fee00000, 0x00000007fee00000|100%| O|Cm|TAMS 0x00000007fec00000| PB 0x00000007fec00000| Complete 
|1994|0x00000007fee00000, 0x00000007ff000000, 0x00000007ff000000|100%| O|Cm|TAMS 0x00000007fee00000| PB 0x00000007fee00000| Complete 
|1995|0x00000007ff000000, 0x00000007ff200000, 0x00000007ff200000|100%| O|Cm|TAMS 0x00000007ff000000| PB 0x00000007ff000000| Complete 
|2000|0x00000007ffa00000, 0x00000007ffc00000, 0x00000007ffc00000|100%| E|CS|TAMS 0x00000007ffa00000| PB 0x00000007ffa00000| Complete 
|2001|0x00000007ffc00000, 0x00000007ffe00000, 0x00000007ffe00000|100%| E|CS|TAMS 0x00000007ffc00000| PB 0x00000007ffc00000| Complete 
|2002|0x00000007ffe00000, 0x0000000800000000, 0x0000000800000000|100%| E|CS|TAMS 0x00000007ffe00000| PB 0x00000007ffe00000| Complete 

Card table byte_map: [0x0000018b410c0000,0x0000018b418a0000] _byte_map_base: 0x0000018b3d893000

Marking Bits: (CMBitMap*) 0x0000018b28fabff0
 Bits: [0x0000018b418a0000, 0x0000018b45738000)

Polling page: 0x0000018b286f0000

Metaspace:

Usage:
  Non-class:     91.96 MB used.
      Class:     13.84 MB used.
       Both:    105.80 MB used.

Virtual space:
  Non-class space:      128.00 MB reserved,      92.62 MB ( 72%) committed,  2 nodes.
      Class space:        1.00 GB reserved,      14.44 MB (  1%) committed,  1 nodes.
             Both:        1.12 GB reserved,     107.06 MB (  9%) committed. 

Chunk freelists:
   Non-Class:  2.81 MB
       Class:  1.61 MB
        Both:  4.42 MB

MaxMetaspaceSize: unlimited
CompressedClassSpaceSize: 1.00 GB
Initial GC threshold: 21.00 MB
Current GC threshold: 177.81 MB
CDS: on
 - commit_granule_bytes: 65536.
 - commit_granule_words: 8192.
 - virtual_space_node_default_size: 8388608.
 - enlarge_chunks_in_place: 1.
 - use_allocation_guard: 0.


Internal statistics:

num_allocs_failed_limit: 9.
num_arena_births: 2204.
num_arena_deaths: 0.
num_vsnodes_births: 3.
num_vsnodes_deaths: 0.
num_space_committed: 1712.
num_space_uncommitted: 0.
num_chunks_returned_to_freelist: 9.
num_chunks_taken_from_freelist: 6662.
num_chunk_merges: 9.
num_chunk_splits: 4548.
num_chunks_enlarged: 3236.
num_inconsistent_stats: 0.

CodeHeap 'non-profiled nmethods': size=120000Kb used=13481Kb max_used=13481Kb free=106518Kb
 bounds [0x0000018b38e50000, 0x0000018b39b80000, 0x0000018b40380000]
CodeHeap 'profiled nmethods': size=120000Kb used=31021Kb max_used=31021Kb free=88978Kb
 bounds [0x0000018b31380000, 0x0000018b331d0000, 0x0000018b388b0000]
CodeHeap 'non-nmethods': size=5760Kb used=1799Kb max_used=1857Kb free=3960Kb
 bounds [0x0000018b388b0000, 0x0000018b38b20000, 0x0000018b38e50000]
 total_blobs=16322 nmethods=15520 adapters=704
 compilation: enabled
              stopped_count=0, restarted_count=0
 full_count=0

Compilation events (20 events):
Event: 479.808 Thread 0x0000018b483da4f0 nmethod 17979 0x0000018b39b78310 code [0x0000018b39b784a0, 0x0000018b39b78570]
Event: 479.808 Thread 0x0000018b483da4f0 17980       1       com.mysql.cj.conf.AbstractPropertyDefinition::getLowerBound (5 bytes)
Event: 479.808 Thread 0x0000018b483da4f0 nmethod 17980 0x0000018b39b78610 code [0x0000018b39b787a0, 0x0000018b39b78868]
Event: 479.808 Thread 0x0000018b483da4f0 17981       1       com.mysql.cj.conf.AbstractPropertyDefinition::getUpperBound (5 bytes)
Event: 479.808 Thread 0x0000018b483da4f0 nmethod 17981 0x0000018b39b78910 code [0x0000018b39b78aa0, 0x0000018b39b78b68]
Event: 479.814 Thread 0x0000018b483da4f0 17982       3       java.net.Socket::setSoTimeout (47 bytes)
Event: 479.815 Thread 0x0000018b483da4f0 nmethod 17982 0x0000018b331c5490 code [0x0000018b331c56c0, 0x0000018b331c5e40]
Event: 479.815 Thread 0x0000018b483da4f0 17983       3       io.micrometer.core.instrument.util.TimeUtils::convert (94 bytes)
Event: 479.815 Thread 0x0000018b483da4f0 nmethod 17983 0x0000018b331c6090 code [0x0000018b331c62e0, 0x0000018b331c6778]
Event: 479.863 Thread 0x0000018b483d7480 17984       4       com.mysql.cj.protocol.a.NativeProtocol::readAllResults (115 bytes)
Event: 479.868 Thread 0x0000018b483d7480 nmethod 17984 0x0000018b39b78c10 code [0x0000018b39b78de0, 0x0000018b39b79158]
Event: 479.868 Thread 0x0000018b483da4f0 17986       3       org.hibernate.metamodel.model.domain.internal.SingularAttributeImpl::getExpressibleJavaType (10 bytes)
Event: 479.869 Thread 0x0000018b483da4f0 nmethod 17986 0x0000018b331c6910 code [0x0000018b331c6ac0, 0x0000018b331c6ca0]
Event: 479.869 Thread 0x0000018b483da4f0 17985       3       io.micrometer.core.instrument.Meter$Id::<init> (38 bytes)
Event: 479.869 Thread 0x0000018b483da4f0 nmethod 17985 0x0000018b331c6d90 code [0x0000018b331c6f40, 0x0000018b331c7310]
Event: 479.953 Thread 0x0000018b483da4f0 17987       3       io.micrometer.common.KeyValues::empty (4 bytes)
Event: 479.953 Thread 0x0000018b483da4f0 nmethod 17987 0x0000018b327bf290 code [0x0000018b327bf420, 0x0000018b327bf518]
Event: 479.955 Thread 0x0000018b483da4f0 17988       1       org.springframework.web.util.pattern.PathPattern::getPatternString (5 bytes)
Event: 479.955 Thread 0x0000018b483da4f0 nmethod 17988 0x0000018b39b79610 code [0x0000018b39b797a0, 0x0000018b39b79870]
Event: 481.657 Thread 0x0000018b483d7480 17989       4       sun.util.locale.LocaleUtils::toLowerString (95 bytes)

GC Heap History (20 events):
Event: 12.968 GC heap before
{Heap before GC invocations=31 (full 0):
 garbage-first heap   total 229376K, used 192512K [0x0000000705a00000, 0x0000000800000000)
  region size 2048K, 55 young (112640K), 5 survivors (10240K)
 Metaspace       used 88494K, committed 89344K, reserved 1179648K
  class space    used 11779K, committed 12160K, reserved 1048576K
}
Event: 12.977 GC heap after
{Heap after GC invocations=32 (full 0):
 garbage-first heap   total 229376K, used 103391K [0x0000000705a00000, 0x0000000800000000)
  region size 2048K, 7 young (14336K), 7 survivors (14336K)
 Metaspace       used 88494K, committed 89344K, reserved 1179648K
  class space    used 11779K, committed 12160K, reserved 1048576K
}
Event: 13.064 GC heap before
{Heap before GC invocations=32 (full 0):
 garbage-first heap   total 229376K, used 193503K [0x0000000705a00000, 0x0000000800000000)
  region size 2048K, 50 young (102400K), 7 survivors (14336K)
 Metaspace       used 88494K, committed 89344K, reserved 1179648K
  class space    used 11779K, committed 12160K, reserved 1048576K
}
Event: 13.086 GC heap after
{Heap after GC invocations=33 (full 0):
 garbage-first heap   total 245760K, used 141312K [0x0000000705a00000, 0x0000000800000000)
  region size 2048K, 7 young (14336K), 7 survivors (14336K)
 Metaspace       used 88494K, committed 89344K, reserved 1179648K
  class space    used 11779K, committed 12160K, reserved 1048576K
}
Event: 13.144 GC heap before
{Heap before GC invocations=33 (full 0):
 garbage-first heap   total 245760K, used 200704K [0x0000000705a00000, 0x0000000800000000)
  region size 2048K, 36 young (73728K), 7 survivors (14336K)
 Metaspace       used 88494K, committed 89344K, reserved 1179648K
  class space    used 11779K, committed 12160K, reserved 1048576K
}
Event: 13.152 GC heap after
{Heap after GC invocations=34 (full 0):
 garbage-first heap   total 245760K, used 148186K [0x0000000705a00000, 0x0000000800000000)
  region size 2048K, 2 young (4096K), 2 survivors (4096K)
 Metaspace       used 88494K, committed 89344K, reserved 1179648K
  class space    used 11779K, committed 12160K, reserved 1048576K
}
Event: 13.352 GC heap before
{Heap before GC invocations=35 (full 0):
 garbage-first heap   total 284672K, used 189146K [0x0000000705a00000, 0x0000000800000000)
  region size 2048K, 31 young (63488K), 2 survivors (4096K)
 Metaspace       used 88787K, committed 89600K, reserved 1179648K
  class space    used 11810K, committed 12160K, reserved 1048576K
}
Event: 13.355 GC heap after
{Heap after GC invocations=36 (full 0):
 garbage-first heap   total 284672K, used 129713K [0x0000000705a00000, 0x0000000800000000)
  region size 2048K, 2 young (4096K), 2 survivors (4096K)
 Metaspace       used 88787K, committed 89600K, reserved 1179648K
  class space    used 11810K, committed 12160K, reserved 1048576K
}
Event: 13.496 GC heap before
{Heap before GC invocations=36 (full 0):
 garbage-first heap   total 284672K, used 232113K [0x0000000705a00000, 0x0000000800000000)
  region size 2048K, 52 young (106496K), 2 survivors (4096K)
 Metaspace       used 88813K, committed 89600K, reserved 1179648K
  class space    used 11811K, committed 12160K, reserved 1048576K
}
Event: 13.502 GC heap after
{Heap after GC invocations=37 (full 0):
 garbage-first heap   total 284672K, used 136575K [0x0000000705a00000, 0x0000000800000000)
  region size 2048K, 7 young (14336K), 7 survivors (14336K)
 Metaspace       used 88813K, committed 89600K, reserved 1179648K
  class space    used 11811K, committed 12160K, reserved 1048576K
}
Event: 13.586 GC heap before
{Heap before GC invocations=37 (full 0):
 garbage-first heap   total 284672K, used 236927K [0x0000000705a00000, 0x0000000800000000)
  region size 2048K, 56 young (114688K), 7 survivors (14336K)
 Metaspace       used 88813K, committed 89600K, reserved 1179648K
  class space    used 11811K, committed 12160K, reserved 1048576K
}
Event: 13.591 GC heap after
{Heap after GC invocations=38 (full 0):
 garbage-first heap   total 569344K, used 133063K [0x0000000705a00000, 0x0000000800000000)
  region size 2048K, 3 young (6144K), 3 survivors (6144K)
 Metaspace       used 88813K, committed 89600K, reserved 1179648K
  class space    used 11811K, committed 12160K, reserved 1048576K
}
Event: 15.446 GC heap before
{Heap before GC invocations=39 (full 0):
 garbage-first heap   total 546816K, used 454599K [0x0000000705a00000, 0x0000000800000000)
  region size 2048K, 160 young (327680K), 3 survivors (6144K)
 Metaspace       used 94625K, committed 95616K, reserved 1179648K
  class space    used 12460K, committed 12928K, reserved 1048576K
}
Event: 15.454 GC heap after
{Heap after GC invocations=40 (full 0):
 garbage-first heap   total 546816K, used 139872K [0x0000000705a00000, 0x0000000800000000)
  region size 2048K, 6 young (12288K), 6 survivors (12288K)
 Metaspace       used 94625K, committed 95616K, reserved 1179648K
  class space    used 12460K, committed 12928K, reserved 1048576K
}
Event: 38.191 GC heap before
{Heap before GC invocations=40 (full 0):
 garbage-first heap   total 546816K, used 453216K [0x0000000705a00000, 0x0000000800000000)
  region size 2048K, 160 young (327680K), 6 survivors (12288K)
 Metaspace       used 107504K, committed 108736K, reserved 1179648K
  class space    used 14137K, committed 14720K, reserved 1048576K
}
Event: 38.240 GC heap after
{Heap after GC invocations=41 (full 0):
 garbage-first heap   total 546816K, used 145863K [0x0000000705a00000, 0x0000000800000000)
  region size 2048K, 10 young (20480K), 10 survivors (20480K)
 Metaspace       used 107504K, committed 108736K, reserved 1179648K
  class space    used 14137K, committed 14720K, reserved 1048576K
}
Event: 48.579 GC heap before
{Heap before GC invocations=41 (full 0):
 garbage-first heap   total 546816K, used 451015K [0x0000000705a00000, 0x0000000800000000)
  region size 2048K, 160 young (327680K), 10 survivors (20480K)
 Metaspace       used 107948K, committed 109184K, reserved 1179648K
  class space    used 14167K, committed 14784K, reserved 1048576K
}
Event: 48.616 GC heap after
{Heap after GC invocations=42 (full 0):
 garbage-first heap   total 546816K, used 147855K [0x0000000705a00000, 0x0000000800000000)
  region size 2048K, 11 young (22528K), 11 survivors (22528K)
 Metaspace       used 107948K, committed 109184K, reserved 1179648K
  class space    used 14167K, committed 14784K, reserved 1048576K
}
Event: 438.726 GC heap before
{Heap before GC invocations=43 (full 0):
 garbage-first heap   total 505856K, used 422287K [0x0000000705a00000, 0x0000000800000000)
  region size 2048K, 148 young (303104K), 11 survivors (22528K)
 Metaspace       used 108305K, committed 109568K, reserved 1179648K
  class space    used 14170K, committed 14784K, reserved 1048576K
}
Event: 438.754 GC heap after
{Heap after GC invocations=44 (full 0):
 garbage-first heap   total 505856K, used 142197K [0x0000000705a00000, 0x0000000800000000)
  region size 2048K, 10 young (20480K), 10 survivors (20480K)
 Metaspace       used 108305K, committed 109568K, reserved 1179648K
  class space    used 14170K, committed 14784K, reserved 1048576K
}

Dll operation events (11 events):
Event: 0.009 Loaded shared library C:\Program Files\Java\jdk-21\bin\java.dll
Event: 0.038 Loaded shared library C:\Program Files\Java\jdk-21\bin\jsvml.dll
Event: 0.104 Loaded shared library C:\Program Files\Java\jdk-21\bin\net.dll
Event: 0.105 Loaded shared library C:\Program Files\Java\jdk-21\bin\nio.dll
Event: 0.107 Loaded shared library C:\Program Files\Java\jdk-21\bin\zip.dll
Event: 0.225 Loaded shared library C:\Program Files\Java\jdk-21\bin\jimage.dll
Event: 1.456 Loaded shared library C:\Program Files\Java\jdk-21\bin\sunmscapi.dll
Event: 1.923 Loaded shared library C:\Program Files\Java\jdk-21\bin\extnet.dll
Event: 5.063 Loaded shared library C:\Program Files\Java\jdk-21\bin\management.dll
Event: 5.067 Loaded shared library C:\Program Files\Java\jdk-21\bin\management_ext.dll
Event: 6.462 Loaded shared library C:\Program Files\Java\jdk-21\bin\verify.dll

Deoptimization events (20 events):
Event: 62.167 Thread 0x0000018b8ec6eb70 DEOPT PACKING pc=0x0000018b399bedb4 sp=0x00000001989ff4b0
Event: 62.167 Thread 0x0000018b8ec6eb70 DEOPT UNPACKING pc=0x0000018b389046a2 sp=0x00000001989ff438 mode 2
Event: 316.235 Thread 0x0000018b92e4a400 Uncommon trap: trap_request=0xffffff45 fr.pc=0x0000018b39a2d230 relative=0x00000000000001b0
Event: 316.235 Thread 0x0000018b92e4a400 Uncommon trap: reason=unstable_if action=reinterpret pc=0x0000018b39a2d230 method=io.micrometer.core.instrument.binder.logging.MetricsTurboFilter.recordMetrics(Lch/qos/logback/classic/Level;)V @ 4 c2
Event: 316.235 Thread 0x0000018b92e4a400 DEOPT PACKING pc=0x0000018b39a2d230 sp=0x00000001975fec10
Event: 316.235 Thread 0x0000018b92e4a400 DEOPT UNPACKING pc=0x0000018b389046a2 sp=0x00000001975fead8 mode 2
Event: 316.235 Thread 0x0000018b92e4a400 Uncommon trap: trap_request=0xffffff45 fr.pc=0x0000018b399d1e40 relative=0x0000000000000160
Event: 316.235 Thread 0x0000018b92e4a400 Uncommon trap: reason=unstable_if action=reinterpret pc=0x0000018b399d1e40 method=java.util.concurrent.atomic.DoubleAdder.add(D)V @ 6 c2
Event: 316.235 Thread 0x0000018b92e4a400 DEOPT PACKING pc=0x0000018b399d1e40 sp=0x00000001975fead0
Event: 316.236 Thread 0x0000018b92e4a400 DEOPT UNPACKING pc=0x0000018b389046a2 sp=0x00000001975fe948 mode 2
Event: 346.602 Thread 0x0000018b94583fe0 DEOPT PACKING pc=0x0000018b31ea7643 sp=0x0000000198ffe470
Event: 346.602 Thread 0x0000018b94583fe0 DEOPT UNPACKING pc=0x0000018b38904e42 sp=0x0000000198ffd928 mode 0
Event: 437.378 Thread 0x0000018b9457f120 Uncommon trap: trap_request=0xffffff45 fr.pc=0x0000018b39a76ac8 relative=0x00000000000000a8
Event: 437.378 Thread 0x0000018b9457f120 Uncommon trap: reason=unstable_if action=reinterpret pc=0x0000018b39a76ac8 method=java.util.concurrent.atomic.LongAdder.add(J)V @ 24 c2
Event: 437.378 Thread 0x0000018b9457f120 DEOPT PACKING pc=0x0000018b39a76ac8 sp=0x000000019a9fe0e0
Event: 437.378 Thread 0x0000018b9457f120 DEOPT UNPACKING pc=0x0000018b389046a2 sp=0x000000019a9fe038 mode 2
Event: 437.630 Thread 0x0000018b92e4aa90 Uncommon trap: trap_request=0xffffffde fr.pc=0x0000018b399619d0 relative=0x0000000000000610
Event: 437.630 Thread 0x0000018b92e4aa90 Uncommon trap: reason=class_check action=maybe_recompile pc=0x0000018b399619d0 method=java.io.OutputStream.write([B)V @ 5 c2
Event: 437.630 Thread 0x0000018b92e4aa90 DEOPT PACKING pc=0x0000018b399619d0 sp=0x000000019a0feec0
Event: 437.630 Thread 0x0000018b92e4aa90 DEOPT UNPACKING pc=0x0000018b389046a2 sp=0x000000019a0feea8 mode 2

Classes loaded (20 events):
Event: 38.251 Loading class javax/management/openmbean/CompositeDataSupport
Event: 38.253 Loading class javax/management/openmbean/CompositeDataSupport done
Event: 38.255 Loading class com/sun/management/internal/GarbageCollectionNotifInfoCompositeData$1
Event: 38.255 Loading class com/sun/management/internal/GarbageCollectionNotifInfoCompositeData$1 done
Event: 38.256 Loading class java/util/TreeMap$KeySpliterator
Event: 38.256 Loading class java/util/TreeMap$KeySpliterator done
Event: 38.258 Loading class java/util/function/LongBinaryOperator
Event: 38.258 Loading class java/util/function/LongBinaryOperator done
Event: 38.258 Loading class java/util/stream/ReduceOps$10
Event: 38.258 Loading class java/util/stream/ReduceOps$10 done
Event: 38.258 Loading class java/util/stream/ReduceOps$8ReducingSink
Event: 38.258 Loading class java/util/stream/ReduceOps$8ReducingSink done
Event: 39.589 Loading class java/util/zip/GZIPOutputStream
Event: 39.589 Loading class java/util/zip/DeflaterOutputStream
Event: 39.589 Loading class java/util/zip/DeflaterOutputStream done
Event: 39.589 Loading class java/util/zip/GZIPOutputStream done
Event: 39.589 Loading class java/util/zip/Deflater
Event: 39.590 Loading class java/util/zip/Deflater done
Event: 39.591 Loading class java/util/zip/Deflater$DeflaterZStreamRef
Event: 39.591 Loading class java/util/zip/Deflater$DeflaterZStreamRef done

Classes unloaded (0 events):
No events

Classes redefined (0 events):
No events

Internal exceptions (20 events):
Event: 316.235 Thread 0x0000018b92e4a400 Implicit null exception at 0x0000018b399d1d3a to 0x0000018b399d1e2c
Event: 317.602 Thread 0x0000018b92e4aa90 Exception <a 'java/net/ConnectException'{0x000000072029fb88}: Connection refused: no further information> (0x000000072029fb88) 
thrown [s\open\src\hotspot\share\prims\jni.cpp, line 539]
Event: 317.603 Thread 0x0000018b92e4aa90 Exception <a 'java/net/ConnectException'{0x00000007202a0700}: Connection refused: no further information> (0x00000007202a0700) 
thrown [s\open\src\hotspot\share\prims\jni.cpp, line 539]
Event: 322.632 Thread 0x0000018b92e4aa90 Exception <a 'java/net/ConnectException'{0x00000007202ad138}: Connection refused: no further information> (0x00000007202ad138) 
thrown [s\open\src\hotspot\share\prims\jni.cpp, line 539]
Event: 322.633 Thread 0x0000018b92e4aa90 Exception <a 'java/net/ConnectException'{0x00000007202adcb0}: Connection refused: no further information> (0x00000007202adcb0) 
thrown [s\open\src\hotspot\share\prims\jni.cpp, line 539]
Event: 323.643 Thread 0x0000018b92e4aa90 Exception <a 'java/net/ConnectException'{0x00000007202ba248}: Connection refused: no further information> (0x00000007202ba248) 
thrown [s\open\src\hotspot\share\prims\jni.cpp, line 539]
Event: 323.643 Thread 0x0000018b92e4aa90 Exception <a 'java/net/ConnectException'{0x00000007202badc0}: Connection refused: no further information> (0x00000007202badc0) 
thrown [s\open\src\hotspot\share\prims\jni.cpp, line 539]
Event: 346.884 Thread 0x0000018b92e4aa90 Exception <a 'java/net/ConnectException'{0x00000007202c79f0}: Connection refused: no further information> (0x00000007202c79f0) 
thrown [s\open\src\hotspot\share\prims\jni.cpp, line 539]
Event: 346.885 Thread 0x0000018b92e4aa90 Exception <a 'java/net/ConnectException'{0x00000007202c8568}: Connection refused: no further information> (0x00000007202c8568) 
thrown [s\open\src\hotspot\share\prims\jni.cpp, line 539]
Event: 377.093 Thread 0x0000018b92e4aa90 Exception <a 'java/net/ConnectException'{0x00000007202d5490}: Connection refused: no further information> (0x00000007202d5490) 
thrown [s\open\src\hotspot\share\prims\jni.cpp, line 539]
Event: 377.094 Thread 0x0000018b92e4aa90 Exception <a 'java/net/ConnectException'{0x00000007202d6008}: Connection refused: no further information> (0x00000007202d6008) 
thrown [s\open\src\hotspot\share\prims\jni.cpp, line 539]
Event: 407.362 Thread 0x0000018b92e4aa90 Exception <a 'java/net/ConnectException'{0x0000000718e054d0}: Connection refused: no further information> (0x0000000718e054d0) 
thrown [s\open\src\hotspot\share\prims\jni.cpp, line 539]
Event: 407.362 Thread 0x0000018b92e4aa90 Exception <a 'java/net/ConnectException'{0x0000000718e06048}: Connection refused: no further information> (0x0000000718e06048) 
thrown [s\open\src\hotspot\share\prims\jni.cpp, line 539]
Event: 437.378 Thread 0x0000018b9457f120 Exception <a 'java/io/IOException'{0x0000000718594d30}> (0x0000000718594d30) 
thrown [s\open\src\hotspot\share\prims\jni.cpp, line 520]
Event: 437.632 Thread 0x0000018b92e4aa90 Exception <a 'java/net/ConnectException'{0x0000000718e14540}: Connection refused: no further information> (0x0000000718e14540) 
thrown [s\open\src\hotspot\share\prims\jni.cpp, line 539]
Event: 437.633 Thread 0x0000018b92e4aa90 Exception <a 'java/net/ConnectException'{0x0000000718e150b8}: Connection refused: no further information> (0x0000000718e150b8) 
thrown [s\open\src\hotspot\share\prims\jni.cpp, line 539]
Event: 439.648 Thread 0x0000018b92e4aa90 Exception <a 'java/net/ConnectException'{0x0000000722d0a5f0}: Connection refused: no further information> (0x0000000722d0a5f0) 
thrown [s\open\src\hotspot\share\prims\jni.cpp, line 539]
Event: 439.649 Thread 0x0000018b92e4aa90 Exception <a 'java/net/ConnectException'{0x0000000722d0b168}: Connection refused: no further information> (0x0000000722d0b168) 
thrown [s\open\src\hotspot\share\prims\jni.cpp, line 539]
Event: 466.812 Thread 0x0000018b92e4aa90 Exception <a 'java/net/ConnectException'{0x0000000722d17fd8}: Connection refused: no further information> (0x0000000722d17fd8) 
thrown [s\open\src\hotspot\share\prims\jni.cpp, line 539]
Event: 466.813 Thread 0x0000018b92e4aa90 Exception <a 'java/net/ConnectException'{0x0000000722d18b50}: Connection refused: no further information> (0x0000000722d18b50) 
thrown [s\open\src\hotspot\share\prims\jni.cpp, line 539]

ZGC Phase Switch (0 events):
No events

VM Operations (20 events):
Event: 347.178 Executing VM operation: Cleanup
Event: 347.178 Executing VM operation: Cleanup done
Event: 377.429 Executing VM operation: Cleanup
Event: 377.429 Executing VM operation: Cleanup done
Event: 383.501 Executing VM operation: Cleanup
Event: 383.501 Executing VM operation: Cleanup done
Event: 384.515 Executing VM operation: Cleanup
Event: 384.515 Executing VM operation: Cleanup done
Event: 406.715 Executing VM operation: Cleanup
Event: 406.715 Executing VM operation: Cleanup done
Event: 438.005 Executing VM operation: Cleanup
Event: 438.005 Executing VM operation: Cleanup done
Event: 438.726 Executing VM operation: G1CollectForAllocation (G1 Evacuation Pause)
Event: 438.754 Executing VM operation: G1CollectForAllocation (G1 Evacuation Pause) done
Event: 439.755 Executing VM operation: Cleanup
Event: 439.755 Executing VM operation: Cleanup done
Event: 466.918 Executing VM operation: Cleanup
Event: 466.918 Executing VM operation: Cleanup done
Event: 480.039 Executing VM operation: Cleanup
Event: 480.039 Executing VM operation: Cleanup done

Events (20 events):
Event: 48.682 Thread 0x0000018b483a6490 flushing nmethod 0x0000018b31458d10
Event: 48.682 Thread 0x0000018b483a6490 flushing nmethod 0x0000018b31454b90
Event: 48.682 Thread 0x0000018b483a6490 flushing nmethod 0x0000018b3145f190
Event: 48.682 Thread 0x0000018b483a6490 flushing nmethod 0x0000018b313f2310
Event: 48.682 Thread 0x0000018b483a6490 flushing nmethod 0x0000018b313af510
Event: 48.682 Thread 0x0000018b483a6490 flushing nmethod 0x0000018b3956ad90
Event: 48.682 Thread 0x0000018b483a6490 flushing nmethod 0x0000018b393b1b10
Event: 48.682 Thread 0x0000018b483a6490 flushing nmethod 0x0000018b391fce90
Event: 48.682 Thread 0x0000018b483a6490 flushing nmethod 0x0000018b39292810
Event: 48.682 Thread 0x0000018b483a6490 flushing nmethod 0x0000018b3920dd90
Event: 48.682 Thread 0x0000018b483a6490 flushing nmethod 0x0000018b39055310
Event: 48.682 Thread 0x0000018b483a6490 flushing nmethod 0x0000018b38fe1a10
Event: 48.682 Thread 0x0000018b483a6490 flushing nmethod 0x0000018b38f59d90
Event: 67.174 Thread 0x0000018b8ec6eb70 Thread exited: 0x0000018b8ec6eb70
Event: 76.402 Thread 0x0000018b92e4a400 Thread exited: 0x0000018b92e4a400
Event: 316.235 Thread 0x0000018b92e4a400 Thread added: 0x0000018b92e4a400
Event: 438.086 Thread 0x0000018b904c9100 Thread added: 0x0000018b904c9100
Event: 438.087 Thread 0x0000018b904c9e20 Thread added: 0x0000018b904c9e20
Event: 438.192 Thread 0x0000018b904c9e20 Thread exited: 0x0000018b904c9e20
Event: 438.487 Thread 0x0000018b904c9100 Thread exited: 0x0000018b904c9100


Dynamic libraries:
0x00007ff7f3c00000 - 0x00007ff7f3c10000 	C:\Program Files\Java\jdk-21\bin\java.exe
0x00007ffaa0490000 - 0x00007ffaa06a7000 	C:\WINDOWS\SYSTEM32\ntdll.dll
0x00007ffa9f640000 - 0x00007ffa9f704000 	C:\WINDOWS\System32\KERNEL32.DLL
0x00007ffa9d940000 - 0x00007ffa9dd12000 	C:\WINDOWS\System32\KERNELBASE.dll
0x00007ffa9dd20000 - 0x00007ffa9de31000 	C:\WINDOWS\System32\ucrtbase.dll
0x00007ff9ef760000 - 0x00007ff9ef77b000 	C:\Program Files\Java\jdk-21\bin\VCRUNTIME140.dll
0x00007ffa7ca80000 - 0x00007ffa7ca99000 	C:\Program Files\Java\jdk-21\bin\jli.dll
0x00007ffa9eb90000 - 0x00007ffa9ec41000 	C:\WINDOWS\System32\ADVAPI32.dll
0x00007ffa9e5e0000 - 0x00007ffa9e687000 	C:\WINDOWS\System32\msvcrt.dll
0x00007ffa9f590000 - 0x00007ffa9f638000 	C:\WINDOWS\System32\sechost.dll
0x00007ffa9d910000 - 0x00007ffa9d938000 	C:\WINDOWS\System32\bcrypt.dll
0x00007ffa9e450000 - 0x00007ffa9e564000 	C:\WINDOWS\System32\RPCRT4.dll
0x00007ffa9f710000 - 0x00007ffa9f8c1000 	C:\WINDOWS\System32\USER32.dll
0x00007ffa9df80000 - 0x00007ffa9dfa6000 	C:\WINDOWS\System32\win32u.dll
0x00007ffa7d710000 - 0x00007ffa7d9ab000 	C:\WINDOWS\WinSxS\amd64_microsoft.windows.common-controls_6595b64144ccf1df_6.0.22621.5547_none_27104afb73855772\COMCTL32.dll
0x00007ffa9e7a0000 - 0x00007ffa9e7c9000 	C:\WINDOWS\System32\GDI32.dll
0x00007ffa9d580000 - 0x00007ffa9d6a3000 	C:\WINDOWS\System32\gdi32full.dll
0x00007ffa9d770000 - 0x00007ffa9d80a000 	C:\WINDOWS\System32\msvcp_win.dll
0x00007ffa91670000 - 0x00007ffa9167a000 	C:\WINDOWS\SYSTEM32\VERSION.dll
0x00007ffa9fc90000 - 0x00007ffa9fcc1000 	C:\WINDOWS\System32\IMM32.DLL
0x00007ffa3fd00000 - 0x00007ffa3fd0c000 	C:\Program Files\Java\jdk-21\bin\vcruntime140_1.dll
0x00007ff9ef3b0000 - 0x00007ff9ef43e000 	C:\Program Files\Java\jdk-21\bin\msvcp140.dll
0x00007ff9ef780000 - 0x00007ff9f0495000 	C:\Program Files\Java\jdk-21\bin\server\jvm.dll
0x00007ffa9f510000 - 0x00007ffa9f581000 	C:\WINDOWS\System32\WS2_32.dll
0x00007ffa9d3a0000 - 0x00007ffa9d3ed000 	C:\WINDOWS\SYSTEM32\POWRPROF.dll
0x00007ffa98100000 - 0x00007ffa98134000 	C:\WINDOWS\SYSTEM32\WINMM.dll
0x00007ffa9d380000 - 0x00007ffa9d393000 	C:\WINDOWS\SYSTEM32\UMPDC.dll
0x00007ffa9c570000 - 0x00007ffa9c588000 	C:\WINDOWS\SYSTEM32\kernel.appcore.dll
0x00007ffa3c520000 - 0x00007ffa3c52a000 	C:\Program Files\Java\jdk-21\bin\jimage.dll
0x00007ffa9aa10000 - 0x00007ffa9ac43000 	C:\WINDOWS\SYSTEM32\DBGHELP.DLL
0x00007ffa9e7d0000 - 0x00007ffa9eb63000 	C:\WINDOWS\System32\combase.dll
0x00007ffa9fbb0000 - 0x00007ffa9fc87000 	C:\WINDOWS\System32\OLEAUT32.dll
0x00007ffa77e90000 - 0x00007ffa77ec2000 	C:\WINDOWS\SYSTEM32\dbgcore.DLL
0x00007ffa9d810000 - 0x00007ffa9d88b000 	C:\WINDOWS\System32\bcryptPrimitives.dll
0x00007ff9ef700000 - 0x00007ff9ef71f000 	C:\Program Files\Java\jdk-21\bin\java.dll
0x00007ffa9ec50000 - 0x00007ffa9f4f2000 	C:\WINDOWS\System32\SHELL32.dll
0x00007ffa9de40000 - 0x00007ffa9df7f000 	C:\WINDOWS\System32\wintypes.dll
0x00007ffa9b390000 - 0x00007ffa9bcad000 	C:\WINDOWS\SYSTEM32\windows.storage.dll
0x00007ffa9e690000 - 0x00007ffa9e79c000 	C:\WINDOWS\System32\SHCORE.dll
0x00007ffa9e570000 - 0x00007ffa9e5d9000 	C:\WINDOWS\System32\shlwapi.dll
0x00007ffa9d4b0000 - 0x00007ffa9d4db000 	C:\WINDOWS\SYSTEM32\profapi.dll
0x00007ff9ef620000 - 0x00007ff9ef6f7000 	C:\Program Files\Java\jdk-21\bin\jsvml.dll
0x00007ffa02830000 - 0x00007ffa02840000 	C:\Program Files\Java\jdk-21\bin\net.dll
0x00007ffa99830000 - 0x00007ffa9995c000 	C:\WINDOWS\SYSTEM32\WINHTTP.dll
0x00007ffa9c9e0000 - 0x00007ffa9ca49000 	C:\WINDOWS\system32\mswsock.dll
0x00007ff9ef600000 - 0x00007ff9ef616000 	C:\Program Files\Java\jdk-21\bin\nio.dll
0x00007ff9ef5e0000 - 0x00007ff9ef5f8000 	C:\Program Files\Java\jdk-21\bin\zip.dll
0x00007ffa9be00000 - 0x00007ffa9be2d000 	C:\WINDOWS\SYSTEM32\IPHLPAPI.DLL
0x00007ffa9f500000 - 0x00007ffa9f509000 	C:\WINDOWS\System32\NSI.dll
0x00007ffa9be30000 - 0x00007ffa9bf28000 	C:\WINDOWS\SYSTEM32\DNSAPI.dll
0x00007ffa97ab0000 - 0x00007ffa97aba000 	C:\Windows\System32\rasadhlp.dll
0x00007ffa995a0000 - 0x00007ffa99624000 	C:\WINDOWS\System32\fwpuclnt.dll
0x00007ffa98ba0000 - 0x00007ffa98bae000 	C:\Program Files\Java\jdk-21\bin\sunmscapi.dll
0x00007ffa9dfb0000 - 0x00007ffa9e117000 	C:\WINDOWS\System32\CRYPT32.dll
0x00007ffa9cdc0000 - 0x00007ffa9cded000 	C:\WINDOWS\SYSTEM32\ncrypt.dll
0x00007ffa9cd80000 - 0x00007ffa9cdb7000 	C:\WINDOWS\SYSTEM32\NTASN1.dll
0x00007ff9ef5d0000 - 0x00007ff9ef5d7000 	C:\Program Files\Java\jdk-21\bin\extnet.dll
0x00007ffa9ccd0000 - 0x00007ffa9cceb000 	C:\WINDOWS\SYSTEM32\CRYPTSP.dll
0x00007ffa9c4d0000 - 0x00007ffa9c507000 	C:\WINDOWS\system32\rsaenh.dll
0x00007ffa9ca80000 - 0x00007ffa9caa8000 	C:\WINDOWS\SYSTEM32\USERENV.dll
0x00007ffa9ccb0000 - 0x00007ffa9ccbc000 	C:\WINDOWS\SYSTEM32\CRYPTBASE.dll
0x00007ff9eefb0000 - 0x00007ff9eefba000 	C:\Program Files\Java\jdk-21\bin\management.dll
0x00007ff9eefa0000 - 0x00007ff9eefab000 	C:\Program Files\Java\jdk-21\bin\management_ext.dll
0x00007ffa9f9e0000 - 0x00007ffa9f9e8000 	C:\WINDOWS\System32\PSAPI.DLL
0x00007ffa01ef0000 - 0x00007ffa01f00000 	C:\Program Files\Java\jdk-21\bin\verify.dll
0x00007ffa77d90000 - 0x00007ffa77d98000 	C:\WINDOWS\system32\wshunix.dll

dbghelp: loaded successfully - version: 4.0.5 - missing functions: none
symbol engine: initialized successfully - sym options: 0x614 - pdb path: .;C:\Program Files\Java\jdk-21\bin;C:\WINDOWS\SYSTEM32;C:\WINDOWS\WinSxS\amd64_microsoft.windows.common-controls_6595b64144ccf1df_6.0.22621.5547_none_27104afb73855772;C:\Program Files\Java\jdk-21\bin\server

VM Arguments:
java_command: com.mproduits.MproduitsApplication
java_class_path (initial): E:\ProjetSpringBoot\spring-cloud-gescom-api\microservice-produits\target\classes;C:\Users\USER01\.m2\repository\org\springframework\boot\spring-boot-starter-data-jpa\3.4.3\spring-boot-starter-data-jpa-3.4.3.jar;C:\Users\USER01\.m2\repository\org\springframework\boot\spring-boot-starter\3.4.3\spring-boot-starter-3.4.3.jar;C:\Users\USER01\.m2\repository\org\springframework\boot\spring-boot\3.4.3\spring-boot-3.4.3.jar;C:\Users\USER01\.m2\repository\org\springframework\boot\spring-boot-autoconfigure\3.4.3\spring-boot-autoconfigure-3.4.3.jar;C:\Users\USER01\.m2\repository\org\springframework\boot\spring-boot-starter-logging\3.4.3\spring-boot-starter-logging-3.4.3.jar;C:\Users\USER01\.m2\repository\ch\qos\logback\logback-classic\1.5.16\logback-classic-1.5.16.jar;C:\Users\USER01\.m2\repository\ch\qos\logback\logback-core\1.5.16\logback-core-1.5.16.jar;C:\Users\USER01\.m2\repository\org\apache\logging\log4j\log4j-to-slf4j\2.24.3\log4j-to-slf4j-2.24.3.jar;C:\Users\USER01\.m2\repository\org\apache\logging\log4j\log4j-api\2.24.3\log4j-api-2.24.3.jar;C:\Users\USER01\.m2\repository\org\slf4j\jul-to-slf4j\2.0.16\jul-to-slf4j-2.0.16.jar;C:\Users\USER01\.m2\repository\jakarta\annotation\jakarta.annotation-api\2.1.1\jakarta.annotation-api-2.1.1.jar;C:\Users\USER01\.m2\repository\org\yaml\snakeyaml\2.3\snakeyaml-2.3.jar;C:\Users\USER01\.m2\repository\org\springframework\boot\spring-boot-starter-jdbc\3.4.3\spring-boot-starter-jdbc-3.4.3.jar;C:\Users\USER01\.m2\repository\com\zaxxer\HikariCP\5.1.0\HikariCP-5.1.0.jar;C:\Users\USER01\.m2\repository\org\springframework\spring-jdbc\6.2.3\spring-jdbc-6.2.3.jar;C:\Users\USER01\.m2\repository\org\hibernate\orm\hibernate-core\6.6.8.Final\hibernate-core-6.6.8.Final.jar;C:\Users\USER01\.m2\repository\jakarta\persistence\jakarta.persistence-api\3.1.0\jakarta.persistence-api-3.1.0.jar;C:\Users\USER01\.m2\repository\jakarta\transaction\jakarta.transaction-api\2.0.1\jakarta.transaction-api-2.0.1.jar;C:\Users\USER01\.m2\repository\org\jboss\logging\jboss-logging\3.6.1.Final\jboss-logging-3.6.1.Final.jar;C:\Users\USER01\.m2\repository\org\hibernate\common\hibernate-commons-annotations\7.0.3.Final\hibernate-commons-annotations-7.0.3.Final.jar;C:\Users\USER01\.m2\repository\io\smallrye\jandex\3.2.0\jandex-3.2.0.jar;C:\Users\USER01\.m2\repository\com\fasterxml\classmate\1.7.0\classmate-1.7.0.jar;C:\Users\USER01\.m2\repository\net\bytebuddy\byte-buddy\1.15.11\byte-buddy-1.15.11.jar;C:\Users\USER01\.m2\repository\org\glassfish\jaxb\jaxb-runtime\4.0.5\jaxb-runtime-4.0.5.jar;C:\Users\USER01\.m2\repository\org\glassfish\jaxb\jaxb-core\4.0.5\jaxb-core-4.0.5.jar;C:\Users\USER01\.m2\repository\org\eclipse\angus\angus-activation\2.0.2\angus-activation-2.0.2.jar;C:\Users\USER01\.m2\repository\org\glassfish\jaxb\txw2\4.0.5\txw2-4.0.5.jar;C:\Users\USER01\.m2\repository\com\sun\istack\istack-commons-runtime\4.1.2\istack-commons-runtime-4.1.2.jar;C:\Users\USER01\.m2\repository\jakarta\inject\jakarta.inject-api\2.0.1\jakarta.inject-api-2.0.1.jar;C:\Users\USER01\.m2\repository\org\antlr\antlr4-runtime\4.13.0\antlr4-runtime-4.13.0.jar;C:\Users\USER01\.m2\repository\org\springframework\data\spring-data-jpa\3.4.3\spring-data-jpa-3.4.3.jar;C:\Users\USER01\.m2\repository\org\springframework\data\spring-data-commons\3.4.3\spring-data-commons-3.4.3.jar;C:\Users\USER01\.m2\repository\org\springframework\spring-orm\6.2.3\spring-orm-6.2.3.jar;C:\Users\USER01\.m2\repository\org\springframework\spring-context\6.2.3\spring-context-6.2.3.jar;C:\Users\USER01\.m2\repository\org\springframework\spring-aop\6.2.3\spring-aop-6.2.3.jar;C:\Users\USER01\.m2\repository\org\springframework\spring-tx\6.2.3\spring-tx-6.2.3.jar;C:\Users\USER01\.m2\repository\org\springframework\spring-beans\6.2.3\spring-beans-6.2.3.jar;C:\Users\USER01\.m2\repository\org\springframework\spring-aspects\6.2.3\spring-aspects-6.2.3.jar;C:\Users\USER01\.m2\repository\org\aspectj\aspectjweaver\1.9.22.1\aspectjweaver-1.9.22.1.jar;C:\Users\USER01\.m2\repository\org\springframework\boot\spring-boot-starter-web\3.4.3\spring-boot-starter-web-3.4.3.jar;C:\Users\USER01\.m2\repository\org\springframework\boot\spring-boot-starter-json\3.4.3\spring-boot-starter-json-3.4.3.jar;C:\Users\USER01\.m2\repository\com\fasterxml\jackson\datatype\jackson-datatype-jdk8\2.18.2\jackson-datatype-jdk8-2.18.2.jar;C:\Users\USER01\.m2\repository\com\fasterxml\jackson\datatype\jackson-datatype-jsr310\2.18.2\jackson-datatype-jsr310-2.18.2.jar;C:\Users\USER01\.m2\repository\com\fasterxml\jackson\module\jackson-module-parameter-names\2.18.2\jackson-module-parameter-names-2.18.2.jar;C:\Users\USER01\.m2\repository\org\springframework\boot\spring-boot-starter-tomcat\3.4.3\spring-boot-starter-tomcat-3.4.3.jar;C:\Users\USER01\.m2\repository\org\apache\tomcat\embed\tomcat-embed-core\10.1.36\tomcat-embed-core-10.1.36.jar;C:\Users\USER01\.m2\repository\org\apache\tomcat\embed\tomcat-embed-el\10.1.36\tomcat-embed-el-10.1.36.jar;C:\Users\USER01\.m2\repository\org\apache\tomcat\embed\tomcat-embed-websocket\10.1.36\tomcat-embed-websocket-10.1.36.jar;C:\Users\USER01\.m2\repository\org\springframework\spring-web\6.2.3\spring-web-6.2.3.jar;C:\Users\USER01\.m2\repository\org\springframework\spring-webmvc\6.2.3\spring-webmvc-6.2.3.jar;C:\Users\USER01\.m2\repository\org\springframework\spring-expression\6.2.3\spring-expression-6.2.3.jar;C:\Users\USER01\.m2\repository\com\mysql\mysql-connector-j\9.1.0\mysql-connector-j-9.1.0.jar;C:\Users\USER01\.m2\repository\org\projectlombok\lombok\1.18.36\lombok-1.18.36.jar;C:\Users\USER01\.m2\repository\jakarta\xml\bind\jakarta.xml.bind-api\4.0.2\jakarta.xml.bind-api-4.0.2.jar;C:\Users\USER01\.m2\repository\jakarta\activation\jakarta.activation-api\2.1.3\jakarta.activation-api-2.1.3.jar;C:\Users\USER01\.m2\repository\org\springframework\spring-core\6.2.3\spring-core-6.2.3.jar;C:\Users\USER01\.m2\repository\org\springframework\spring-jcl\6.2.3\spring-jcl-6.2.3.jar;C:\Users\USER01\.m2\repository\org\springframework\cloud\spring-cloud-starter-config\4.2.1\spring-cloud-starter-config-4.2.1.jar;C:\Users\USER01\.m2\repository\org\springframework\cloud\spring-cloud-starter\4.2.1\spring-cloud-starter-4.2.1.jar;C:\Users\USER01\.m2\repository\org\springframework\cloud\spring-cloud-context\4.2.1\spring-cloud-context-4.2.1.jar;C:\Users\USER01\.m2\repository\org\springframework\security\spring-security-crypto\6.4.3\spring-security-crypto-6.4.3.jar;C:\Users\USER01\.m2\repository\org\springframework\cloud\spring-cloud-commons\4.2.1\spring-cloud-commons-4.2.1.jar;C:\Users\USER01\.m2\repository\org\bouncycastle\bcprov-jdk18on\1.78.1\bcprov-jdk18on-1.78.1.jar;C:\Users\USER01\.m2\repository\org\springframework\cloud\spring-cloud-config-client\4.2.1\spring-cloud-config-client-4.2.1.jar;C:\Users\USER01\.m2\repository\com\fasterxml\jackson\core\jackson-annotations\2.18.2\jackson-annotations-2.18.2.jar;C:\Users\USER01\.m2\repository\org\apache\httpcomponents\client5\httpclient5\5.4.2\httpclient5-5.4.2.jar;C:\Users\USER01\.m2\repository\org\apache\httpcomponents\core5\httpcore5\5.3.3\httpcore5-5.3.3.jar;C:\Users\USER01\.m2\repository\org\apache\httpcomponents\core5\httpcore5-h2\5.3.3\httpcore5-h2-5.3.3.jar;C:\Users\USER01\.m2\repository\com\fasterxml\jackson\core\jackson-databind\2.18.2\jackson-databind-2.18.2.jar;C:\Users\USER01\.m2\repository\com\fasterxml\jackson\core\jackson-core\2.18.2\jackson-core-2.18.2.jar;C:\Users\USER01\.m2\repository\org\springframework\cloud\spring-cloud-starter-bootstrap\4.2.1\spring-cloud-starter-bootstrap-4.2.1.jar;C:\Users\USER01\.m2\repository\org\springframework\boot\spring-boot-starter-actuator\3.4.3\spring-boot-starter-actuator-3.4.3.jar;C:\Users\USER01\.m2\repository\org\springframework\boot\spring-boot-actuator-autoconfigure\3.4.3\spring-boot-actuator-autoconfigure-3.4.3.jar;C:\Users\USER01\.m2\repository\org\springframework\boot\spring-boot-actuator\3.4.3\spring-boot-actuator-3.4.3.jar;C:\Users\USER01\.m2\repository\io\micrometer\micrometer-observation\1.14.4\micrometer-observation-1.14.4.jar;C:\Users\USER01\.m2\repository\io\micrometer\micrometer-commons\1.14.4\micrometer-commons-1.14.4.jar;C:\Users\USER01\.m2\repository\io\micrometer\micrometer-jakarta9\1.14.4\micrometer-jakarta9-1.14.4.jar;C:\Users\USER01\.m2\repository\org\springframework\cloud\spring-cloud-starter-netflix-eureka-client\4.2.1\spring-cloud-starter-netflix-eureka-client-4.2.1.jar;C:\Users\USER01\.m2\repository\org\springframework\cloud\spring-cloud-netflix-eureka-client\4.2.1\spring-cloud-netflix-eureka-client-4.2.1.jar;C:\Users\USER01\.m2\repository\com\netflix\eureka\eureka-client\2.0.4\eureka-client-2.0.4.jar;C:\Users\USER01\.m2\repository\com\thoughtworks\xstream\xstream\1.4.20\xstream-1.4.20.jar;C:\Users\USER01\.m2\repository\io\github\x-stream\mxparser\1.2.2\mxparser-1.2.2.jar;C:\Users\USER01\.m2\repository\xmlpull\xmlpull\1.1.3.1\xmlpull-1.1.3.1.jar;C:\Users\USER01\.m2\repository\jakarta\ws\rs\jakarta.ws.rs-api\3.1.0\jakarta.ws.rs-api-3.1.0.jar;C:\Users\USER01\.m2\repository\com\netflix\spectator\spectator-api\1.7.3\spectator-api-1.7.3.jar;C:\Users\USER01\.m2\repository\org\apache\httpcomponents\httpclient\4.5.3\httpclient-4.5.3.jar;C:\Users\USER01\.m2\repository\org\apache\httpcomponents\httpcore\4.4.16\httpcore-4.4.16.jar;C:\Users\USER01\.m2\repository\commons-codec\commons-codec\1.17.2\commons-codec-1.17.2.jar;C:\Users\USER01\.m2\repository\commons-configuration\commons-configuration\1.10\commons-configuration-1.10.jar;C:\Users\USER01\.m2\repository\commons-lang\commons-lang\2.6\commons-lang-2.6.jar;C:\Users\USER01\.m2\repository\com\netflix\netflix-commons\netflix-eventbus\0.3.0\netflix-eventbus-0.3.0.jar;C:\Users\USER01\.m2\repository\com\netflix\netflix-commons\netflix-infix\0.3.0\netflix-infix-0.3.0.jar;C:\Users\USER01\.m2\repository\commons-jxpath\commons-jxpath\1.3\commons-jxpath-1.3.jar;C:\Users\USER01\.m2\repository\joda-time\joda-time\2.3\joda-time-2.3.jar;C:\Users\USER01\.m2\repository\org\antlr\antlr-runtime\3.4\antlr-runtime-3.4.jar;C:\Users\USER01\.m2\repository\org\antlr\stringtemplate\3.2.1\stringtemplate-3.2.1.jar;C:\Users\USER01\.m2\repository\antlr\antlr\2.7.7\antlr-2.7.7.jar;C:\Users\USER01\.m2\repository\com\google\guava\guava\14.0.1\guava-14.0.1.jar;C:\Users\USER01\.m2\repository\com\google\code\gson\gson\2.11.0\gson-2.11.0.jar;C:\Users\USER01\.m2\repository\com\google\errorprone\error_prone_annotations\2.27.0\error_prone_annotations-2.27.0.jar;C:\Users\USER01\.m2\repository\com\netflix\servo\servo-core\0.5.3\servo-core-0.5.3.jar;C:\Users\USER01\.m2\repository\org\apache\commons\commons-math\2.2\commons-math-2.2.jar;C:\Users\USER01\.m2\repository\javax\annotation\javax.annotation-api\1.2\javax.annotation-api-1.2.jar;C:\Users\USER01\.m2\repository\org\codehaus\jettison\jettison\1.5.4\jettison-1.5.4.jar;C:\Users\USER01\.m2\repository\org\springframework\cloud\spring-cloud-starter-loadbalancer\4.2.1\spring-cloud-starter-loadbalancer-4.2.1.jar;C:\Users\USER01\.m2\repository\org\springframework\cloud\spring-cloud-loadbalancer\4.2.1\spring-cloud-loadbalancer-4.2.1.jar;C:\Users\USER01\.m2\repository\io\projectreactor\reactor-core\3.7.3\reactor-core-3.7.3.jar;C:\Users\USER01\.m2\repository\org\reactivestreams\reactive-streams\1.0.4\reactive-streams-1.0.4.jar;C:\Users\USER01\.m2\repository\io\projectreactor\addons\reactor-extra\3.5.2\reactor-extra-3.5.2.jar;C:\Users\USER01\.m2\repository\org\springframework\boot\spring-boot-starter-cache\3.4.3\spring-boot-starter-cache-3.4.3.jar;C:\Users\USER01\.m2\repository\org\springframework\spring-context-support\6.2.3\spring-context-support-6.2.3.jar;C:\Users\USER01\.m2\repository\com\stoyanr\evictor\1.0.0\evictor-1.0.0.jar;C:\Users\USER01\.m2\repository\io\micrometer\micrometer-tracing-bridge-brave\1.4.3\micrometer-tracing-bridge-brave-1.4.3.jar;C:\Users\USER01\.m2\repository\io\micrometer\micrometer-tracing\1.4.3\micrometer-tracing-1.4.3.jar;C:\Users\USER01\.m2\repository\io\micrometer\context-propagation\1.1.2\context-propagation-1.1.2.jar;C:\Users\USER01\.m2\repository\aopalliance\aopalliance\1.0\aopalliance-1.0.jar;C:\Users\USER01\.m2\repository\org\slf4j\slf4j-api\2.0.16\slf4j-api-2.0.16.jar;C:\Users\USER01\.m2\repository\io\zipkin\brave\brave\6.0.3\brave-6.0.3.jar;C:\Users\USER01\.m2\repository\io\zipkin\brave\brave-context-slf4j\6.0.3\brave-context-slf4j-6.0.3.jar;C:\Users\USER01\.m2\repository\io\zipkin\brave\brave-instrumentation-http\6.0.3\brave-instrumentation-http-6.0.3.jar;C:\Users\USER01\.m2\repository\io\zipkin\aws\brave-propagation-aws\1.2.5\brave-propagation-aws-1.2.5.jar;C:\Users\USER01\.m2\repository\io\zipkin\contrib\brave-propagation-w3c\brave-propagation-tracecontext\0.2.0\brave-propagation-tracecontext-0.2.0.jar;C:\Users\USER01\.m2\repository\io\zipkin\reporter2\zipkin-reporter-brave\3.4.3\zipkin-reporter-brave-3.4.3.jar;C:\Users\USER01\.m2\repository\io\zipkin\reporter2\zipkin-reporter\3.4.3\zipkin-reporter-3.4.3.jar;C:\Users\USER01\.m2\repository\io\github\openfeign\feign-micrometer\13.5\feign-micrometer-13.5.jar;C:\Users\USER01\.m2\repository\io\github\openfeign\feign-core\13.5\feign-core-13.5.jar;C:\Users\USER01\.m2\repository\io\micrometer\micrometer-core\1.14.4\micrometer-core-1.14.4.jar;C:\Users\USER01\.m2\repository\org\hdrhistogram\HdrHistogram\2.2.2\HdrHistogram-2.2.2.jar;C:\Users\USER01\.m2\repository\org\latencyutils\LatencyUtils\2.0.3\LatencyUtils-2.0.3.jar;C:\Users\USER01\.m2\repository\org\springdoc\springdoc-openapi-starter-webmvc-ui\2.2.0\springdoc-openapi-starter-webmvc-ui-2.2.0.jar;C:\Users\USER01\.m2\repository\org\springdoc\springdoc-openapi-starter-webmvc-api\2.2.0\springdoc-openapi-starter-webmvc-api-2.2.0.jar;C:\Users\USER01\.m2\repository\org\springdoc\springdoc-openapi-starter-common\2.2.0\springdoc-openapi-starter-common-2.2.0.jar;C:\Users\USER01\.m2\repository\io\swagger\core\v3\swagger-core-jakarta\2.2.15\swagger-core-jakarta-2.2.15.jar;C:\Users\USER01\.m2\repository\org\apache\commons\commons-lang3\3.17.0\commons-lang3-3.17.0.jar;C:\Users\USER01\.m2\repository\io\swagger\core\v3\swagger-annotations-jakarta\2.2.15\swagger-annotations-jakarta-2.2.15.jar;C:\Users\USER01\.m2\repository\io\swagger\core\v3\swagger-models-jakarta\2.2.15\swagger-models-jakarta-2.2.15.jar;C:\Users\USER01\.m2\repository\jakarta\validation\jakarta.validation-api\3.0.2\jakarta.validation-api-3.0.2.jar;C:\Users\USER01\.m2\repository\com\fasterxml\jackson\dataformat\jackson-dataformat-yaml\2.18.2\jackson-dataformat-yaml-2.18.2.jar;C:\Users\USER01\.m2\repository\org\webjars\swagger-ui\5.2.0\swagger-ui-5.2.0.jar;C:\Users\USER01\.m2\repository\com\itextpdf\itextpdf\5.5.13.3\itextpdf-5.5.13.3.jar
Launcher Type: SUN_STANDARD

[Global flags]
     intx CICompilerCount                          = 4                                         {product} {ergonomic}
     uint ConcGCThreads                            = 3                                         {product} {ergonomic}
     uint G1ConcRefinementThreads                  = 10                                        {product} {ergonomic}
   size_t G1HeapRegionSize                         = 2097152                                   {product} {ergonomic}
    uintx GCDrainStackTargetSize                   = 64                                        {product} {ergonomic}
   size_t InitialHeapSize                          = 264241152                                 {product} {ergonomic}
   size_t MarkStackSize                            = 4194304                                   {product} {ergonomic}
   size_t MaxHeapSize                              = 4200595456                                {product} {ergonomic}
   size_t MaxNewSize                               = 2518679552                                {product} {ergonomic}
   size_t MinHeapDeltaBytes                        = 2097152                                   {product} {ergonomic}
   size_t MinHeapSize                              = 8388608                                   {product} {ergonomic}
    uintx NonNMethodCodeHeapSize                   = 5839372                                {pd product} {ergonomic}
    uintx NonProfiledCodeHeapSize                  = 122909434                              {pd product} {ergonomic}
    uintx ProfiledCodeHeapSize                     = 122909434                              {pd product} {ergonomic}
    uintx ReservedCodeCacheSize                    = 251658240                              {pd product} {ergonomic}
     bool SegmentedCodeCache                       = true                                      {product} {ergonomic}
   size_t SoftMaxHeapSize                          = 4200595456                             {manageable} {ergonomic}
     bool UseCompressedOops                        = true                           {product lp64_product} {ergonomic}
     bool UseG1GC                                  = true                                      {product} {ergonomic}
     bool UseLargePagesIndividualAllocation        = false                                  {pd product} {ergonomic}

Logging:
Log output configuration:
 #0: stdout all=warning uptime,level,tags foldmultilines=false
 #1: stderr all=off uptime,level,tags foldmultilines=false

Environment Variables:
JAVA_HOME=C:\Program Files\Java\jdk-21
PATH=E:\app\USER01\product\11.2.0\dbhome_1\bin;E:\app\USER01\product\11.1.0\db_2\bin;C:\Program Files\Common Files\Oracle\Java\javapath;C:\ProgramData\Oracle\Java\javapath;C:\WINDOWS\system32;C:\WINDOWS;C:\WINDOWS\System32\Wbem;C:\WINDOWS\System32\WindowsPowerShell\v1.0\;C:\WINDOWS\System32\OpenSSH\;C:\ProgramData\chocolatey\bin;C:\Program Files\Java\jdk-21\bin;C:\Program Files\TortoiseSVN\bin;C:\Program Files\Microsoft SQL Server\150\Tools\Binn\;C:\Program Files\nodejs\;E:\zenithe\Biometrie\Logiciel_enrolement;E:\MySQL\MySQL Server 5.0\bin;C:\Program Files\Git\cmd;C:\Program Files\Docker\Docker\resources\bin;E:\MongoDB\Server\8.0\bin;;C:\Program Files\Filestar;C:\ProgramData\Filestar\aliases;C:\Users\USER01\AppData\Local\Microsoft\WindowsApps;;C:\Users\USER01\AppData\Local\Programs\Microsoft VS Code\bin;C:\Users\USER01\AppData\Roaming\npm;C:\Users\USER01\AppData\Local\Programs\mongosh\;C:\Users\USER01\AppData\Local\Programs\cursor\resources\app\bin
USERNAME=USER01
OS=Windows_NT
PROCESSOR_IDENTIFIER=Intel64 Family 6 Model 154 Stepping 4, GenuineIntel
TMP=C:\Users\USER01\AppData\Local\Temp
TEMP=C:\Users\USER01\AppData\Local\Temp




Periodic native trim disabled

---------------  S Y S T E M  ---------------

OS:
 Windows 11 , 64 bit Build 22621 (10.0.22621.5415)
OS uptime: 0 days 6:41 hours
Hyper-V role detected

CPU: total 12 (initial active 12) (6 cores per cpu, 2 threads per core) family 6 model 154 stepping 4 microcode 0x437, cx8, cmov, fxsr, ht, mmx, 3dnowpref, sse, sse2, sse3, ssse3, sse4.1, sse4.2, popcnt, lzcnt, tsc, tscinvbit, avx, avx2, aes, erms, clmul, bmi1, bmi2, adx, sha, fma, vzeroupper, clflush, clflushopt, clwb, hv, serialize, rdtscp, rdpid, fsrm, f16c, cet_ibt, cet_ss
Processor Information for all 12 processors :
  Max Mhz: 1800, Current Mhz: 1800, Mhz Limit: 1800

Memory: 4k page, system-wide physical 16016M (117M free)
TotalPageFile size 30685M (AvailPageFile size 7M)
current process WorkingSet (physical memory assigned to process): 769M, peak: 846M
current process commit charge ("private bytes"): 811M, peak: 889M

vm_info: Java HotSpot(TM) 64-Bit Server VM (21.0.1+12-LTS-29) for windows-amd64 JRE (21.0.1+12-LTS-29), built on 2023-10-05T13:27:09Z by "mach5one" with MS VC++ 17.1 (VS2022)

END.
