#
# There is insufficient memory for the Java Runtime Environment to continue.
# Native memory allocation (malloc) failed to allocate 424976 bytes for Chunk::new
# Possible reasons:
#   The system is out of physical RAM or swap space
#   The process is running with CompressedOops enabled, and the Java Heap may be blocking the growth of the native heap
# Possible solutions:
#   Reduce memory load on the system
#   Increase physical memory or swap space
#   Check if swap backing store is full
#   Decrease Java heap size (-Xmx/-Xms)
#   Decrease number of Java threads
#   Decrease Java thread stack sizes (-Xss)
#   Set larger code cache with -XX:ReservedCodeCacheSize=
#   JVM is running with Zero Based Compressed Oops mode in which the Java heap is
#     placed in the first 32GB address space. The Java Heap base address is the
#     maximum limit for the native heap growth. Please use -XX:HeapBaseMinAddress
#     to set the Java Heap base and to place the Java Heap above 32GB virtual address.
# This output file may be truncated or incomplete.
#
#  Out of Memory Error (arena.cpp:168), pid=15104, tid=6540
#
# JRE version: Java(TM) SE Runtime Environment (21.0.1+12) (build 21.0.1+12-LTS-29)
# Java VM: Java HotSpot(TM) 64-Bit Server VM (21.0.1+12-LTS-29, mixed mode, sharing, tiered, compressed oops, compressed class ptrs, g1 gc, windows-amd64)
# No core dump will be written. Minidumps are not enabled by default on client versions of Windows
#

---------------  S U M M A R Y ------------

Command Line: sid.service_admin.ServiceAdminApplication

Host: 12th Gen Intel(R) Core(TM) i7-1265U, 12 cores, 15G,  Windows 11 , 64 bit Build 22621 (10.0.22621.5415)
Time: Wed Aug  6 17:47:15 2025 W. Central Africa Standard Time elapsed time: 6128.835649 seconds (0d 1h 42m 8s)

---------------  T H R E A D  ---------------

Current thread (0x0000019535e05540):  JavaThread "C2 CompilerThread0" daemon [_thread_in_native, id=6540, stack(0x0000001bcc900000,0x0000001bcca00000) (1024K)]


Current CompileTask:
C2:6128835 16224   !   4       com.zaxxer.hikari.pool.HikariProxyResultSet::next (17 bytes)

Stack: [0x0000001bcc900000,0x0000001bcca00000]
Native frames: (J=compiled Java code, j=interpreted, Vv=VM code, C=native code)
V  [jvm.dll+0x6c9029]
V  [jvm.dll+0x854b81]
V  [jvm.dll+0x856e5e]
V  [jvm.dll+0x857543]
V  [jvm.dll+0x280c06]
V  [jvm.dll+0xc3ead]
V  [jvm.dll+0xc43c3]
V  [jvm.dll+0x3b5732]
V  [jvm.dll+0x382475]
V  [jvm.dll+0x3818ea]
V  [jvm.dll+0x249ad0]
V  [jvm.dll+0x2490b1]
V  [jvm.dll+0x1c9ca1]
V  [jvm.dll+0x2586b9]
V  [jvm.dll+0x256c9a]
V  [jvm.dll+0x3ef1b6]
V  [jvm.dll+0x7fd728]
V  [jvm.dll+0x6c777d]
C  [ucrtbase.dll+0x29333]
C  [KERNEL32.DLL+0x1259d]
C  [ntdll.dll+0x5af78]


---------------  P R O C E S S  ---------------

Threads class SMR info:
_java_thread_list=0x000001957c9ff1d0, length=37, elements={
0x0000019535df1df0, 0x0000019535df2d10, 0x0000019535df6a20, 0x0000019535df7480,
0x0000019535df8010, 0x0000019535e03360, 0x0000019535e05540, 0x0000019535e09000,
0x0000019535e039f0, 0x0000019535e04080, 0x000001957e5e7870, 0x000001957e5e7f00,
0x000001957e5eb380, 0x000001957e5e8590, 0x000001957e5e9940, 0x00000195016a6f40,
0x00000195016a82f0, 0x00000195016a47e0, 0x00000195016a8980, 0x00000195016a19f0,
0x00000195016a68b0, 0x00000195016a2710, 0x00000195016a75d0, 0x00000195016a2da0,
0x00000195016a3430, 0x00000195016a5b90, 0x00000195016a7c60, 0x00000195016a3ac0,
0x00000195016a5500, 0x00000195016a2080, 0x00000195016a6220, 0x00000195016a4150,
0x000001957e5e6b50, 0x000001957e5eacf0, 0x000001957e5ecdc0, 0x000001957e5edae0,
0x0000019535e01290
}

Java Threads: ( => current thread )
  0x0000019535df1df0 JavaThread "Reference Handler"          daemon [_thread_blocked, id=8088, stack(0x0000001bcc300000,0x0000001bcc400000) (1024K)]
  0x0000019535df2d10 JavaThread "Finalizer"                  daemon [_thread_blocked, id=17480, stack(0x0000001bcc400000,0x0000001bcc500000) (1024K)]
  0x0000019535df6a20 JavaThread "Signal Dispatcher"          daemon [_thread_blocked, id=12532, stack(0x0000001bcc500000,0x0000001bcc600000) (1024K)]
  0x0000019535df7480 JavaThread "Attach Listener"            daemon [_thread_blocked, id=5232, stack(0x0000001bcc600000,0x0000001bcc700000) (1024K)]
  0x0000019535df8010 JavaThread "Service Thread"             daemon [_thread_blocked, id=20340, stack(0x0000001bcc700000,0x0000001bcc800000) (1024K)]
  0x0000019535e03360 JavaThread "Monitor Deflation Thread"   daemon [_thread_blocked, id=18312, stack(0x0000001bcc800000,0x0000001bcc900000) (1024K)]
=>0x0000019535e05540 JavaThread "C2 CompilerThread0"         daemon [_thread_in_native, id=6540, stack(0x0000001bcc900000,0x0000001bcca00000) (1024K)]
  0x0000019535e09000 JavaThread "C1 CompilerThread0"         daemon [_thread_blocked, id=208, stack(0x0000001bcca00000,0x0000001bccb00000) (1024K)]
  0x0000019535e039f0 JavaThread "Notification Thread"        daemon [_thread_blocked, id=20240, stack(0x0000001bccb00000,0x0000001bccc00000) (1024K)]
  0x0000019535e04080 JavaThread "Common-Cleaner"             daemon [_thread_blocked, id=14392, stack(0x0000001bccc00000,0x0000001bccd00000) (1024K)]
  0x000001957e5e7870 JavaThread "Catalina-utility-1"                [_thread_blocked, id=14024, stack(0x0000001bcdc00000,0x0000001bcdd00000) (1024K)]
  0x000001957e5e7f00 JavaThread "Catalina-utility-2"                [_thread_blocked, id=13332, stack(0x0000001bcdd00000,0x0000001bcde00000) (1024K)]
  0x000001957e5eb380 JavaThread "container-0"                       [_thread_blocked, id=17748, stack(0x0000001bcde00000,0x0000001bcdf00000) (1024K)]
  0x000001957e5e8590 JavaThread "mysql-cj-abandoned-connection-cleanup" daemon [_thread_blocked, id=7916, stack(0x0000001bcdf00000,0x0000001bce000000) (1024K)]
  0x000001957e5e9940 JavaThread "HikariPool-1 housekeeper"   daemon [_thread_blocked, id=9060, stack(0x0000001bce000000,0x0000001bce100000) (1024K)]
  0x00000195016a6f40 JavaThread "spectator-gauge-polling-0"  daemon [_thread_blocked, id=8824, stack(0x0000001bce100000,0x0000001bce200000) (1024K)]
  0x00000195016a82f0 JavaThread "AsyncResolver-bootstrap-%d" daemon [_thread_blocked, id=19372, stack(0x0000001bce300000,0x0000001bce400000) (1024K)]
  0x00000195016a47e0 JavaThread "AsyncReporter{ZipkinRestTemplateSender{http://localhost:9411/api/v2/spans}}" daemon [_thread_blocked, id=11696, stack(0x0000001bce400000,0x0000001bce500000) (1024K)]
  0x00000195016a8980 JavaThread "DiscoveryClient-%d"         daemon [_thread_blocked, id=15740, stack(0x0000001bce500000,0x0000001bce600000) (1024K)]
  0x00000195016a19f0 JavaThread "DiscoveryClient-%d"         daemon [_thread_blocked, id=17452, stack(0x0000001bce600000,0x0000001bce700000) (1024K)]
  0x00000195016a68b0 JavaThread "DiscoveryClient-InstanceInfoReplicator-%d" daemon [_thread_blocked, id=12200, stack(0x0000001bce700000,0x0000001bce800000) (1024K)]
  0x00000195016a2710 JavaThread "http-nio-9002-exec-1"       daemon [_thread_blocked, id=19964, stack(0x0000001bce800000,0x0000001bce900000) (1024K)]
  0x00000195016a75d0 JavaThread "http-nio-9002-exec-2"       daemon [_thread_blocked, id=15204, stack(0x0000001bce900000,0x0000001bcea00000) (1024K)]
  0x00000195016a2da0 JavaThread "http-nio-9002-exec-3"       daemon [_thread_blocked, id=3448, stack(0x0000001bcea00000,0x0000001bceb00000) (1024K)]
  0x00000195016a3430 JavaThread "http-nio-9002-exec-4"       daemon [_thread_blocked, id=16528, stack(0x0000001bceb00000,0x0000001bcec00000) (1024K)]
  0x00000195016a5b90 JavaThread "http-nio-9002-exec-5"       daemon [_thread_blocked, id=5636, stack(0x0000001bcec00000,0x0000001bced00000) (1024K)]
  0x00000195016a7c60 JavaThread "http-nio-9002-exec-6"       daemon [_thread_blocked, id=18708, stack(0x0000001bced00000,0x0000001bcee00000) (1024K)]
  0x00000195016a3ac0 JavaThread "http-nio-9002-exec-7"       daemon [_thread_blocked, id=4128, stack(0x0000001bcee00000,0x0000001bcef00000) (1024K)]
  0x00000195016a5500 JavaThread "http-nio-9002-exec-8"       daemon [_thread_blocked, id=18696, stack(0x0000001bcef00000,0x0000001bcf000000) (1024K)]
  0x00000195016a2080 JavaThread "http-nio-9002-exec-9"       daemon [_thread_blocked, id=5028, stack(0x0000001bcf000000,0x0000001bcf100000) (1024K)]
  0x00000195016a6220 JavaThread "http-nio-9002-exec-10"      daemon [_thread_blocked, id=14960, stack(0x0000001bcf100000,0x0000001bcf200000) (1024K)]
  0x00000195016a4150 JavaThread "http-nio-9002-Poller"       daemon [_thread_in_native, id=15344, stack(0x0000001bcf200000,0x0000001bcf300000) (1024K)]
  0x000001957e5e6b50 JavaThread "http-nio-9002-Acceptor"     daemon [_thread_in_native, id=6760, stack(0x0000001bcf300000,0x0000001bcf400000) (1024K)]
  0x000001957e5eacf0 JavaThread "DestroyJavaVM"                     [_thread_blocked, id=20216, stack(0x0000001bcbb00000,0x0000001bcbc00000) (1024K)]
  0x000001957e5ecdc0 JavaThread "DiscoveryClient-HeartbeatExecutor-%d" daemon [_thread_blocked, id=18812, stack(0x0000001bcf400000,0x0000001bcf500000) (1024K)]
  0x000001957e5edae0 JavaThread "DiscoveryClient-CacheRefreshExecutor-%d" daemon [_thread_blocked, id=19208, stack(0x0000001bcf500000,0x0000001bcf600000) (1024K)]
  0x0000019535e01290 JavaThread "AsyncResolver-bootstrap-executor-%d" daemon [_thread_blocked, id=4000, stack(0x0000001bcb900000,0x0000001bcba00000) (1024K)]
Total: 37

Other Threads:
  0x0000019535dd4110 VMThread "VM Thread"                           [id=19032, stack(0x0000001bcc200000,0x0000001bcc300000) (1024K)]
  0x0000019535dbc0c0 WatcherThread "VM Periodic Task Thread"        [id=5100, stack(0x0000001bcc100000,0x0000001bcc200000) (1024K)]
  0x0000019514a0d750 WorkerThread "GC Thread#0"                     [id=15176, stack(0x0000001bcbc00000,0x0000001bcbd00000) (1024K)]
  0x000001957b93a6d0 WorkerThread "GC Thread#1"                     [id=20184, stack(0x0000001bcce00000,0x0000001bccf00000) (1024K)]
  0x000001957b93aa70 WorkerThread "GC Thread#2"                     [id=5588, stack(0x0000001bccf00000,0x0000001bcd000000) (1024K)]
  0x000001957b93ae10 WorkerThread "GC Thread#3"                     [id=11384, stack(0x0000001bcd000000,0x0000001bcd100000) (1024K)]
  0x000001957b96c3f0 WorkerThread "GC Thread#4"                     [id=15540, stack(0x0000001bcd100000,0x0000001bcd200000) (1024K)]
  0x000001957b96c790 WorkerThread "GC Thread#5"                     [id=2256, stack(0x0000001bcd200000,0x0000001bcd300000) (1024K)]
  0x000001957beb49a0 WorkerThread "GC Thread#6"                     [id=14720, stack(0x0000001bcd400000,0x0000001bcd500000) (1024K)]
  0x000001957c8afda0 WorkerThread "GC Thread#7"                     [id=11168, stack(0x0000001bcd600000,0x0000001bcd700000) (1024K)]
  0x000001957d5aef50 WorkerThread "GC Thread#8"                     [id=12844, stack(0x0000001bcd700000,0x0000001bcd800000) (1024K)]
  0x000001957e30d880 WorkerThread "GC Thread#9"                     [id=12520, stack(0x0000001bcd800000,0x0000001bcd900000) (1024K)]
  0x0000019514a1e8a0 ConcurrentGCThread "G1 Main Marker"            [id=15528, stack(0x0000001bcbd00000,0x0000001bcbe00000) (1024K)]
  0x0000019514a1f460 WorkerThread "G1 Conc#0"                       [id=19164, stack(0x0000001bcbe00000,0x0000001bcbf00000) (1024K)]
  0x000001957e30ca00 WorkerThread "G1 Conc#1"                       [id=20280, stack(0x0000001bcd500000,0x0000001bcd600000) (1024K)]
  0x000001957e30dfc0 WorkerThread "G1 Conc#2"                       [id=11524, stack(0x0000001bcd900000,0x0000001bcda00000) (1024K)]
  0x0000019535c90410 ConcurrentGCThread "G1 Refine#0"               [id=18164, stack(0x0000001bcbf00000,0x0000001bcc000000) (1024K)]
  0x0000019535c90e90 ConcurrentGCThread "G1 Service"                [id=13260, stack(0x0000001bcc000000,0x0000001bcc100000) (1024K)]
Total: 18

Threads with active compile tasks:
C2 CompilerThread0  6128871 16224   !   4       com.zaxxer.hikari.pool.HikariProxyResultSet::next (17 bytes)
Total: 1

VM state: not at safepoint (normal execution)

VM Mutex/Monitor currently owned by a thread: None

Heap address: 0x0000000705a00000, size: 4006 MB, Compressed Oops mode: Zero based, Oop shift amount: 3

CDS archive(s) mapped at: [0x0000019536000000-0x0000019536c90000-0x0000019536c90000), size 13172736, SharedBaseAddress: 0x0000019536000000, ArchiveRelocationMode: 1.
Compressed class space mapped at: 0x0000019537000000-0x0000019577000000, reserved size: 1073741824
Narrow klass base: 0x0000019536000000, Narrow klass shift: 0, Narrow klass range: 0x100000000

GC Precious Log:
 CardTable entry size: 512
 Card Set container configuration: InlinePtr #cards 4 size 8 Array Of Cards #cards 16 size 48 Howl #buckets 8 coarsen threshold 3686 Howl Bitmap #cards 512 size 80 coarsen threshold 460 Card regions per heap region 1 cards per card region 4096
 CPUs: 12 total, 12 available
 Memory: 16016M
 Large Page Support: Disabled
 NUMA Support: Disabled
 Compressed Oops: Enabled (Zero based)
 Heap Region Size: 2M
 Heap Min Capacity: 8M
 Heap Initial Capacity: 252M
 Heap Max Capacity: 4006M
 Pre-touch: Disabled
 Parallel Workers: 10
 Concurrent Workers: 3
 Concurrent Refinement Workers: 10
 Periodic GC: Disabled

Heap:
 garbage-first heap   total 131072K, used 69633K [0x0000000705a00000, 0x0000000800000000)
  region size 2048K, 5 young (10240K), 2 survivors (4096K)
 Metaspace       used 101489K, committed 103040K, reserved 1179648K
  class space    used 13405K, committed 14016K, reserved 1048576K

Heap Regions: E=young(eden), S=young(survivor), O=old, HS=humongous(starts), HC=humongous(continues), CS=collection set, F=free, TAMS=top-at-mark-start, PB=parsable bottom
|   0|0x0000000705a00000, 0x0000000705c00000, 0x0000000705c00000|100%| O|  |TAMS 0x0000000705a00000| PB 0x0000000705a00000| Untracked 
|   1|0x0000000705c00000, 0x0000000705e00000, 0x0000000705e00000|100%| O|  |TAMS 0x0000000705c00000| PB 0x0000000705c00000| Untracked 
|   2|0x0000000705e00000, 0x0000000706000000, 0x0000000706000000|100%| O|Cm|TAMS 0x0000000705e00000| PB 0x0000000705e00000| Complete 
|   3|0x0000000706000000, 0x0000000706200000, 0x0000000706200000|100%| O|  |TAMS 0x0000000706000000| PB 0x0000000706000000| Untracked 
|   4|0x0000000706200000, 0x0000000706400000, 0x0000000706400000|100%| O|  |TAMS 0x0000000706200000| PB 0x0000000706200000| Untracked 
|   5|0x0000000706400000, 0x0000000706600000, 0x0000000706600000|100%| O|Cm|TAMS 0x0000000706400000| PB 0x0000000706400000| Complete 
|   6|0x0000000706600000, 0x0000000706800000, 0x0000000706800000|100%| O|Cm|TAMS 0x0000000706600000| PB 0x0000000706600000| Complete 
|   7|0x0000000706800000, 0x0000000706a00000, 0x0000000706a00000|100%| O|  |TAMS 0x0000000706800000| PB 0x0000000706800000| Untracked 
|   8|0x0000000706a00000, 0x0000000706c00000, 0x0000000706c00000|100%| O|  |TAMS 0x0000000706a00000| PB 0x0000000706a00000| Untracked 
|   9|0x0000000706c00000, 0x0000000706e00000, 0x0000000706e00000|100%| O|  |TAMS 0x0000000706c00000| PB 0x0000000706c00000| Untracked 
|  10|0x0000000706e00000, 0x0000000707000000, 0x0000000707000000|100%| O|  |TAMS 0x0000000706e00000| PB 0x0000000706e00000| Untracked 
|  11|0x0000000707000000, 0x0000000707200000, 0x0000000707200000|100%| O|  |TAMS 0x0000000707000000| PB 0x0000000707000000| Untracked 
|  12|0x0000000707200000, 0x0000000707400000, 0x0000000707400000|100%| O|  |TAMS 0x0000000707200000| PB 0x0000000707200000| Untracked 
|  13|0x0000000707400000, 0x0000000707600000, 0x0000000707600000|100%| O|Cm|TAMS 0x0000000707400000| PB 0x0000000707400000| Complete 
|  14|0x0000000707600000, 0x0000000707800000, 0x0000000707800000|100%| O|  |TAMS 0x0000000707600000| PB 0x0000000707600000| Untracked 
|  15|0x0000000707800000, 0x0000000707a00000, 0x0000000707a00000|100%| O|Cm|TAMS 0x0000000707800000| PB 0x0000000707800000| Complete 
|  16|0x0000000707a00000, 0x0000000707c00000, 0x0000000707c00000|100%| O|  |TAMS 0x0000000707a00000| PB 0x0000000707a00000| Untracked 
|  17|0x0000000707c00000, 0x0000000707e00000, 0x0000000707e00000|100%| O|Cm|TAMS 0x0000000707c00000| PB 0x0000000707c00000| Complete 
|  18|0x0000000707e00000, 0x0000000708000000, 0x0000000708000000|100%| O|Cm|TAMS 0x0000000707e00000| PB 0x0000000707e00000| Complete 
|  19|0x0000000708000000, 0x0000000708200000, 0x0000000708200000|100%| O|  |TAMS 0x0000000708000000| PB 0x0000000708000000| Untracked 
|  20|0x0000000708200000, 0x0000000708400000, 0x0000000708400000|100%| O|  |TAMS 0x0000000708200000| PB 0x0000000708200000| Untracked 
|  21|0x0000000708400000, 0x0000000708600000, 0x0000000708600000|100%| O|  |TAMS 0x0000000708400000| PB 0x0000000708400000| Untracked 
|  22|0x0000000708600000, 0x0000000708800000, 0x0000000708800000|100%| O|  |TAMS 0x0000000708600000| PB 0x0000000708600000| Untracked 
|  23|0x0000000708800000, 0x0000000708a00000, 0x0000000708a00000|100%| O|Cm|TAMS 0x0000000708800000| PB 0x0000000708800000| Complete 
|  24|0x0000000708a00000, 0x0000000708c00000, 0x0000000708c00000|100%| O|Cm|TAMS 0x0000000708a00000| PB 0x0000000708a00000| Complete 
|  25|0x0000000708c00000, 0x0000000708e00000, 0x0000000708e00000|100%| O|  |TAMS 0x0000000708c00000| PB 0x0000000708c00000| Untracked 
|  26|0x0000000708e00000, 0x0000000709000000, 0x0000000709000000|100%| O|Cm|TAMS 0x0000000708e00000| PB 0x0000000708e00000| Complete 
|  27|0x0000000709000000, 0x0000000709200000, 0x0000000709200000|100%| O|Cm|TAMS 0x0000000709000000| PB 0x0000000709000000| Complete 
|  28|0x0000000709200000, 0x0000000709400000, 0x0000000709400000|100%| O|Cm|TAMS 0x0000000709200000| PB 0x0000000709200000| Complete 
|  29|0x0000000709400000, 0x0000000709600000, 0x0000000709600000|100%| O|  |TAMS 0x0000000709400000| PB 0x0000000709400000| Untracked 
|  30|0x0000000709600000, 0x00000007096ae550, 0x0000000709800000| 34%| O|  |TAMS 0x0000000709600000| PB 0x0000000709600000| Untracked 
|  31|0x0000000709800000, 0x0000000709800000, 0x0000000709a00000|  0%| F|  |TAMS 0x0000000709800000| PB 0x0000000709800000| Untracked 
|  32|0x0000000709a00000, 0x0000000709a00000, 0x0000000709c00000|  0%| F|  |TAMS 0x0000000709a00000| PB 0x0000000709a00000| Untracked 
|  33|0x0000000709c00000, 0x0000000709c00000, 0x0000000709e00000|  0%| F|  |TAMS 0x0000000709c00000| PB 0x0000000709c00000| Untracked 
|  34|0x0000000709e00000, 0x0000000709e00000, 0x000000070a000000|  0%| F|  |TAMS 0x0000000709e00000| PB 0x0000000709e00000| Untracked 
|  35|0x000000070a000000, 0x000000070a000000, 0x000000070a200000|  0%| F|  |TAMS 0x000000070a000000| PB 0x000000070a000000| Untracked 
|  36|0x000000070a200000, 0x000000070a352240, 0x000000070a400000| 66%| S|CS|TAMS 0x000000070a200000| PB 0x000000070a200000| Complete 
|  37|0x000000070a400000, 0x000000070a400000, 0x000000070a600000|  0%| F|  |TAMS 0x000000070a400000| PB 0x000000070a400000| Untracked 
|  38|0x000000070a600000, 0x000000070a600000, 0x000000070a800000|  0%| F|  |TAMS 0x000000070a600000| PB 0x000000070a600000| Untracked 
|  39|0x000000070a800000, 0x000000070a800000, 0x000000070aa00000|  0%| F|  |TAMS 0x000000070a800000| PB 0x000000070a800000| Untracked 
|  40|0x000000070aa00000, 0x000000070ac00000, 0x000000070ac00000|100%| S|CS|TAMS 0x000000070aa00000| PB 0x000000070aa00000| Complete 
|  41|0x000000070ac00000, 0x000000070ac00000, 0x000000070ae00000|  0%| F|  |TAMS 0x000000070ac00000| PB 0x000000070ac00000| Untracked 
|  42|0x000000070ae00000, 0x000000070ae00000, 0x000000070b000000|  0%| F|  |TAMS 0x000000070ae00000| PB 0x000000070ae00000| Untracked 
|  43|0x000000070b000000, 0x000000070b000000, 0x000000070b200000|  0%| F|  |TAMS 0x000000070b000000| PB 0x000000070b000000| Untracked 
|  44|0x000000070b200000, 0x000000070b200000, 0x000000070b400000|  0%| F|  |TAMS 0x000000070b200000| PB 0x000000070b200000| Untracked 
|  45|0x000000070b400000, 0x000000070b400000, 0x000000070b600000|  0%| F|  |TAMS 0x000000070b400000| PB 0x000000070b400000| Untracked 
|  46|0x000000070b600000, 0x000000070b600000, 0x000000070b800000|  0%| F|  |TAMS 0x000000070b600000| PB 0x000000070b600000| Untracked 
|  47|0x000000070b800000, 0x000000070b800000, 0x000000070ba00000|  0%| F|  |TAMS 0x000000070b800000| PB 0x000000070b800000| Untracked 
|  48|0x000000070ba00000, 0x000000070ba00000, 0x000000070bc00000|  0%| F|  |TAMS 0x000000070ba00000| PB 0x000000070ba00000| Untracked 
|  49|0x000000070bc00000, 0x000000070bc00000, 0x000000070be00000|  0%| F|  |TAMS 0x000000070bc00000| PB 0x000000070bc00000| Untracked 
|  50|0x000000070be00000, 0x000000070be00000, 0x000000070c000000|  0%| F|  |TAMS 0x000000070be00000| PB 0x000000070be00000| Untracked 
|  51|0x000000070c000000, 0x000000070c000000, 0x000000070c200000|  0%| F|  |TAMS 0x000000070c000000| PB 0x000000070c000000| Untracked 
|  52|0x000000070c200000, 0x000000070c200000, 0x000000070c400000|  0%| F|  |TAMS 0x000000070c200000| PB 0x000000070c200000| Untracked 
|  53|0x000000070c400000, 0x000000070c400000, 0x000000070c600000|  0%| F|  |TAMS 0x000000070c400000| PB 0x000000070c400000| Untracked 
|  54|0x000000070c600000, 0x000000070c600000, 0x000000070c800000|  0%| F|  |TAMS 0x000000070c600000| PB 0x000000070c600000| Untracked 
|  55|0x000000070c800000, 0x000000070c800000, 0x000000070ca00000|  0%| F|  |TAMS 0x000000070c800000| PB 0x000000070c800000| Untracked 
|  56|0x000000070ca00000, 0x000000070ca00000, 0x000000070cc00000|  0%| F|  |TAMS 0x000000070ca00000| PB 0x000000070ca00000| Untracked 
|  57|0x000000070cc00000, 0x000000070cc00000, 0x000000070ce00000|  0%| F|  |TAMS 0x000000070cc00000| PB 0x000000070cc00000| Untracked 
|  58|0x000000070ce00000, 0x000000070ce00000, 0x000000070d000000|  0%| F|  |TAMS 0x000000070ce00000| PB 0x000000070ce00000| Untracked 
| 103|0x0000000712800000, 0x0000000712800000, 0x0000000712a00000|  0%| F|  |TAMS 0x0000000712800000| PB 0x0000000712800000| Untracked 
| 106|0x0000000712e00000, 0x0000000712e00000, 0x0000000713000000|  0%| F|  |TAMS 0x0000000712e00000| PB 0x0000000712e00000| Untracked 
| 107|0x0000000713000000, 0x00000007131be360, 0x0000000713200000| 87%| E|  |TAMS 0x0000000713000000| PB 0x0000000713000000| Complete 
| 108|0x0000000713200000, 0x0000000713400000, 0x0000000713400000|100%| E|CS|TAMS 0x0000000713200000| PB 0x0000000713200000| Complete 
| 125|0x0000000715400000, 0x0000000715600000, 0x0000000715600000|100%| E|CS|TAMS 0x0000000715400000| PB 0x0000000715400000| Complete 

Card table byte_map: [0x000001952ea60000,0x000001952f240000] _byte_map_base: 0x000001952b233000

Marking Bits: (CMBitMap*) 0x0000019514a0e570
 Bits: [0x000001952f240000, 0x00000195330d8000)

Polling page: 0x0000019514a50000

Metaspace:

Usage:
  Non-class:     86.02 MB used.
      Class:     13.09 MB used.
       Both:     99.11 MB used.

Virtual space:
  Non-class space:      128.00 MB reserved,      86.94 MB ( 68%) committed,  2 nodes.
      Class space:        1.00 GB reserved,      13.69 MB (  1%) committed,  1 nodes.
             Both:        1.12 GB reserved,     100.62 MB (  9%) committed. 

Chunk freelists:
   Non-Class:  9.21 MB
       Class:  2.59 MB
        Both:  11.80 MB

MaxMetaspaceSize: unlimited
CompressedClassSpaceSize: 1.00 GB
Initial GC threshold: 21.00 MB
Current GC threshold: 167.75 MB
CDS: on
 - commit_granule_bytes: 65536.
 - commit_granule_words: 8192.
 - virtual_space_node_default_size: 8388608.
 - enlarge_chunks_in_place: 1.
 - use_allocation_guard: 0.


Internal statistics:

num_allocs_failed_limit: 9.
num_arena_births: 1744.
num_arena_deaths: 530.
num_vsnodes_births: 3.
num_vsnodes_deaths: 0.
num_space_committed: 1609.
num_space_uncommitted: 0.
num_chunks_returned_to_freelist: 639.
num_chunks_taken_from_freelist: 5617.
num_chunk_merges: 164.
num_chunk_splits: 3957.
num_chunks_enlarged: 2951.
num_inconsistent_stats: 0.

CodeHeap 'non-profiled nmethods': size=120000Kb used=10030Kb max_used=10598Kb free=109970Kb
 bounds [0x00000195260c0000, 0x0000019526b20000, 0x000001952d5f0000]
CodeHeap 'profiled nmethods': size=120000Kb used=28687Kb max_used=29185Kb free=91313Kb
 bounds [0x000001951e5f0000, 0x0000019520280000, 0x0000019525b20000]
CodeHeap 'non-nmethods': size=5760Kb used=1797Kb max_used=1857Kb free=3962Kb
 bounds [0x0000019525b20000, 0x0000019525d90000, 0x00000195260c0000]
 total_blobs=15024 nmethods=14223 adapters=704
 compilation: enabled
              stopped_count=0, restarted_count=0
 full_count=0

Compilation events (20 events):
Event: 6126.763 Thread 0x0000019535e09000 16216       1       org.hibernate.internal.AbstractSharedSessionContract::getCacheTransactionSynchronization (5 bytes)
Event: 6126.763 Thread 0x0000019535e09000 nmethod 16216 0x0000019526333f90 code [0x0000019526334120, 0x00000195263341f0]
Event: 6126.768 Thread 0x0000019535e05540 nmethod 16213 0x0000019526352410 code [0x0000019526352600, 0x0000019526352d68]
Event: 6126.768 Thread 0x0000019535e05540 16214       4       java.lang.ThreadLocal::remove (8 bytes)
Event: 6126.769 Thread 0x0000019535e09000 16217       1       org.apache.tomcat.util.threads.TaskThread::getCreationTime (5 bytes)
Event: 6126.770 Thread 0x0000019535e09000 nmethod 16217 0x0000019526333b10 code [0x0000019526333ca0, 0x0000019526333d68]
Event: 6126.782 Thread 0x0000019535e05540 nmethod 16214 0x00000195262be790 code [0x00000195262be980, 0x00000195262bf128]
Event: 6126.798 Thread 0x0000019535e05540 16218       4       org.hibernate.type.descriptor.java.LongJavaType::wrap (60 bytes)
Event: 6126.799 Thread 0x0000019535e05540 nmethod 16218 0x00000195261ab190 code [0x00000195261ab320, 0x00000195261ab3e8]
Event: 6126.800 Thread 0x0000019535e05540 16219       4       org.hibernate.type.descriptor.java.LongJavaType::wrap (7 bytes)
Event: 6126.801 Thread 0x0000019535e05540 nmethod 16219 0x00000195261aac90 code [0x00000195261aae20, 0x00000195261aaee8]
Event: 6126.832 Thread 0x0000019535e05540 16220       4       java.util.HashMap::clear (50 bytes)
Event: 6126.838 Thread 0x0000019535e05540 nmethod 16220 0x0000019526351f10 code [0x00000195263520a0, 0x0000019526352360]
Event: 6127.000 Thread 0x0000019535e05540 16221       4       org.hibernate.engine.internal.EntityEntryContext::getAssociatedManagedEntity (108 bytes)
Event: 6127.005 Thread 0x0000019535e05540 nmethod 16221 0x0000019526351610 code [0x00000195263517c0, 0x0000019526351a88]
Event: 6127.264 Thread 0x0000019535e05540 16222   !   4       java.time.format.DateTimeFormatter::formatTo (96 bytes)
Event: 6127.275 Thread 0x0000019535e05540 nmethod 16222 0x00000195262bdb90 code [0x00000195262bdd80, 0x00000195262be3a8]
Event: 6127.362 Thread 0x0000019535e05540 16223       4       org.hibernate.sql.results.graph.internal.AbstractInitializer$$Lambda/0x0000019537d26a30::accept (14 bytes)
Event: 6127.367 Thread 0x0000019535e05540 nmethod 16223 0x000001952676a210 code [0x000001952676a3e0, 0x000001952676a730]
Event: 6128.392 Thread 0x0000019535e05540 16224   !   4       com.zaxxer.hikari.pool.HikariProxyResultSet::next (17 bytes)

GC Heap History (20 events):
Event: 9.644 GC heap before
{Heap before GC invocations=15 (full 0):
 garbage-first heap   total 108544K, used 86974K [0x0000000705a00000, 0x0000000800000000)
  region size 2048K, 26 young (53248K), 4 survivors (8192K)
 Metaspace       used 79237K, committed 80000K, reserved 1179648K
  class space    used 10585K, committed 10944K, reserved 1048576K
}
Event: 9.649 GC heap after
{Heap after GC invocations=16 (full 0):
 garbage-first heap   total 108544K, used 45963K [0x0000000705a00000, 0x0000000800000000)
  region size 2048K, 3 young (6144K), 3 survivors (6144K)
 Metaspace       used 79237K, committed 80000K, reserved 1179648K
  class space    used 10585K, committed 10944K, reserved 1048576K
}
Event: 10.206 GC heap before
{Heap before GC invocations=16 (full 0):
 garbage-first heap   total 108544K, used 93067K [0x0000000705a00000, 0x0000000800000000)
  region size 2048K, 26 young (53248K), 3 survivors (6144K)
 Metaspace       used 82841K, committed 83648K, reserved 1179648K
  class space    used 11233K, committed 11584K, reserved 1048576K
}
Event: 10.212 GC heap after
{Heap after GC invocations=17 (full 0):
 garbage-first heap   total 108544K, used 49248K [0x0000000705a00000, 0x0000000800000000)
  region size 2048K, 3 young (6144K), 3 survivors (6144K)
 Metaspace       used 82841K, committed 83648K, reserved 1179648K
  class space    used 11233K, committed 11584K, reserved 1048576K
}
Event: 10.459 GC heap before
{Heap before GC invocations=18 (full 0):
 garbage-first heap   total 108544K, used 92256K [0x0000000705a00000, 0x0000000800000000)
  region size 2048K, 24 young (49152K), 3 survivors (6144K)
 Metaspace       used 83523K, committed 84352K, reserved 1179648K
  class space    used 11409K, committed 11776K, reserved 1048576K
}
Event: 10.465 GC heap after
{Heap after GC invocations=19 (full 0):
 garbage-first heap   total 108544K, used 52039K [0x0000000705a00000, 0x0000000800000000)
  region size 2048K, 2 young (4096K), 2 survivors (4096K)
 Metaspace       used 83523K, committed 84352K, reserved 1179648K
  class space    used 11409K, committed 11776K, reserved 1048576K
}
Event: 10.575 GC heap before
{Heap before GC invocations=19 (full 0):
 garbage-first heap   total 108544K, used 95047K [0x0000000705a00000, 0x0000000800000000)
  region size 2048K, 23 young (47104K), 2 survivors (4096K)
 Metaspace       used 83585K, committed 84352K, reserved 1179648K
  class space    used 11420K, committed 11776K, reserved 1048576K
}
Event: 10.578 GC heap after
{Heap after GC invocations=20 (full 0):
 garbage-first heap   total 108544K, used 51386K [0x0000000705a00000, 0x0000000800000000)
  region size 2048K, 2 young (4096K), 2 survivors (4096K)
 Metaspace       used 83585K, committed 84352K, reserved 1179648K
  class space    used 11420K, committed 11776K, reserved 1048576K
}
Event: 11.103 GC heap before
{Heap before GC invocations=20 (full 0):
 garbage-first heap   total 108544K, used 94394K [0x0000000705a00000, 0x0000000800000000)
  region size 2048K, 23 young (47104K), 2 survivors (4096K)
 Metaspace       used 85139K, committed 85952K, reserved 1179648K
  class space    used 11590K, committed 11968K, reserved 1048576K
}
Event: 11.107 GC heap after
{Heap after GC invocations=21 (full 0):
 garbage-first heap   total 108544K, used 54427K [0x0000000705a00000, 0x0000000800000000)
  region size 2048K, 3 young (6144K), 3 survivors (6144K)
 Metaspace       used 85139K, committed 85952K, reserved 1179648K
  class space    used 11590K, committed 11968K, reserved 1048576K
}
Event: 11.596 GC heap before
{Heap before GC invocations=22 (full 0):
 garbage-first heap   total 108544K, used 93339K [0x0000000705a00000, 0x0000000800000000)
  region size 2048K, 22 young (45056K), 3 survivors (6144K)
 Metaspace       used 86780K, committed 87680K, reserved 1179648K
  class space    used 11830K, committed 12224K, reserved 1048576K
}
Event: 11.601 GC heap after
{Heap after GC invocations=23 (full 0):
 garbage-first heap   total 108544K, used 57070K [0x0000000705a00000, 0x0000000800000000)
  region size 2048K, 3 young (6144K), 3 survivors (6144K)
 Metaspace       used 86780K, committed 87680K, reserved 1179648K
  class space    used 11830K, committed 12224K, reserved 1048576K
}
Event: 11.990 GC heap before
{Heap before GC invocations=23 (full 0):
 garbage-first heap   total 108544K, used 93934K [0x0000000705a00000, 0x0000000800000000)
  region size 2048K, 21 young (43008K), 3 survivors (6144K)
 Metaspace       used 88491K, committed 89344K, reserved 1179648K
  class space    used 12098K, committed 12480K, reserved 1048576K
}
Event: 11.997 GC heap after
{Heap after GC invocations=24 (full 0):
 garbage-first heap   total 131072K, used 58934K [0x0000000705a00000, 0x0000000800000000)
  region size 2048K, 3 young (6144K), 3 survivors (6144K)
 Metaspace       used 88491K, committed 89344K, reserved 1179648K
  class space    used 12098K, committed 12480K, reserved 1048576K
}
Event: 167.811 GC heap before
{Heap before GC invocations=24 (full 0):
 garbage-first heap   total 131072K, used 112182K [0x0000000705a00000, 0x0000000800000000)
  region size 2048K, 30 young (61440K), 3 survivors (6144K)
 Metaspace       used 97043K, committed 98112K, reserved 1179648K
  class space    used 13235K, committed 13696K, reserved 1048576K
}
Event: 167.839 GC heap after
{Heap after GC invocations=25 (full 0):
 garbage-first heap   total 131072K, used 62628K [0x0000000705a00000, 0x0000000800000000)
  region size 2048K, 4 young (8192K), 4 survivors (8192K)
 Metaspace       used 97043K, committed 98112K, reserved 1179648K
  class space    used 13235K, committed 13696K, reserved 1048576K
}
Event: 2677.797 GC heap before
{Heap before GC invocations=25 (full 0):
 garbage-first heap   total 131072K, used 109732K [0x0000000705a00000, 0x0000000800000000)
  region size 2048K, 28 young (57344K), 4 survivors (8192K)
 Metaspace       used 100798K, committed 101888K, reserved 1179648K
  class space    used 13527K, committed 14016K, reserved 1048576K
}
Event: 2677.814 GC heap after
{Heap after GC invocations=26 (full 0):
 garbage-first heap   total 131072K, used 65005K [0x0000000705a00000, 0x0000000800000000)
  region size 2048K, 4 young (8192K), 4 survivors (8192K)
 Metaspace       used 100798K, committed 101888K, reserved 1179648K
  class space    used 13527K, committed 14016K, reserved 1048576K
}
Event: 6083.126 GC heap before
{Heap before GC invocations=26 (full 0):
 garbage-first heap   total 131072K, used 110061K [0x0000000705a00000, 0x0000000800000000)
  region size 2048K, 27 young (55296K), 4 survivors (8192K)
 Metaspace       used 101969K, committed 103040K, reserved 1179648K
  class space    used 13537K, committed 14016K, reserved 1048576K
}
Event: 6083.168 GC heap after
{Heap after GC invocations=27 (full 0):
 garbage-first heap   total 131072K, used 65537K [0x0000000705a00000, 0x0000000800000000)
  region size 2048K, 2 young (4096K), 2 survivors (4096K)
 Metaspace       used 101969K, committed 103040K, reserved 1179648K
  class space    used 13537K, committed 14016K, reserved 1048576K
}

Dll operation events (11 events):
Event: 0.006 Loaded shared library C:\Program Files\Java\jdk-21\bin\java.dll
Event: 0.027 Loaded shared library C:\Program Files\Java\jdk-21\bin\jsvml.dll
Event: 0.080 Loaded shared library C:\Program Files\Java\jdk-21\bin\net.dll
Event: 0.081 Loaded shared library C:\Program Files\Java\jdk-21\bin\nio.dll
Event: 0.085 Loaded shared library C:\Program Files\Java\jdk-21\bin\zip.dll
Event: 0.209 Loaded shared library C:\Program Files\Java\jdk-21\bin\jimage.dll
Event: 1.682 Loaded shared library C:\Program Files\Java\jdk-21\bin\sunmscapi.dll
Event: 2.230 Loaded shared library C:\Program Files\Java\jdk-21\bin\extnet.dll
Event: 5.172 Loaded shared library C:\Program Files\Java\jdk-21\bin\management.dll
Event: 5.174 Loaded shared library C:\Program Files\Java\jdk-21\bin\management_ext.dll
Event: 6.654 Loaded shared library C:\Program Files\Java\jdk-21\bin\verify.dll

Deoptimization events (20 events):
Event: 6083.461 Thread 0x00000195016a5500 Uncommon trap: trap_request=0xffffff45 fr.pc=0x000001952616f43c relative=0x00000000000000fc
Event: 6083.461 Thread 0x00000195016a5500 Uncommon trap: reason=unstable_if action=reinterpret pc=0x000001952616f43c method=java.lang.ref.ReferenceQueue.poll()Ljava/lang/ref/Reference; @ 4 c2
Event: 6083.461 Thread 0x00000195016a5500 DEOPT PACKING pc=0x000001952616f43c sp=0x0000001bceffcfe0
Event: 6083.461 Thread 0x00000195016a5500 DEOPT UNPACKING pc=0x0000019525b746a2 sp=0x0000001bceffcea8 mode 2
Event: 6083.462 Thread 0x00000195016a5500 Uncommon trap: trap_request=0xffffff54 fr.pc=0x00000195268fa584 relative=0x00000000000010c4
Event: 6083.462 Thread 0x00000195016a5500 Uncommon trap: reason=speculate_null_assert action=make_not_entrant pc=0x00000195268fa584 method=org.springframework.util.ConcurrentReferenceHashMap$Segment.restructureIfNecessary(Z)V @ 41 c2
Event: 6083.462 Thread 0x00000195016a5500 DEOPT PACKING pc=0x00000195268fa584 sp=0x0000001bceffcde0
Event: 6083.462 Thread 0x00000195016a5500 DEOPT UNPACKING pc=0x0000019525b746a2 sp=0x0000001bceffcaa0 mode 2
Event: 6126.704 Thread 0x00000195016a2710 Uncommon trap: trap_request=0xffffff45 fr.pc=0x000001952622e124 relative=0x00000000000004a4
Event: 6126.704 Thread 0x00000195016a2710 Uncommon trap: reason=unstable_if action=reinterpret pc=0x000001952622e124 method=java.lang.ref.ReferenceQueue.poll()Ljava/lang/ref/Reference; @ 4 c2
Event: 6126.704 Thread 0x00000195016a2710 DEOPT PACKING pc=0x000001952622e124 sp=0x0000001bce8fc7f0
Event: 6126.704 Thread 0x00000195016a2710 DEOPT UNPACKING pc=0x0000019525b746a2 sp=0x0000001bce8fc558 mode 2
Event: 6126.738 Thread 0x00000195016a2710 Uncommon trap: trap_request=0xffffff45 fr.pc=0x000001952623b458 relative=0x0000000000000458
Event: 6126.738 Thread 0x00000195016a2710 Uncommon trap: reason=unstable_if action=reinterpret pc=0x000001952623b458 method=java.lang.ref.ReferenceQueue.poll()Ljava/lang/ref/Reference; @ 4 c2
Event: 6126.738 Thread 0x00000195016a2710 DEOPT PACKING pc=0x000001952623b458 sp=0x0000001bce8fcae0
Event: 6126.738 Thread 0x00000195016a2710 DEOPT UNPACKING pc=0x0000019525b746a2 sp=0x0000001bce8fc8d8 mode 2
Event: 6126.766 Thread 0x00000195016a2710 Uncommon trap: trap_request=0xffffff54 fr.pc=0x0000019526903c6c relative=0x00000000000010cc
Event: 6126.766 Thread 0x00000195016a2710 Uncommon trap: reason=speculate_null_assert action=make_not_entrant pc=0x0000019526903c6c method=org.springframework.util.ConcurrentReferenceHashMap$Segment.restructureIfNecessary(Z)V @ 41 c2
Event: 6126.766 Thread 0x00000195016a2710 DEOPT PACKING pc=0x0000019526903c6c sp=0x0000001bce8fd2b0
Event: 6126.766 Thread 0x00000195016a2710 DEOPT UNPACKING pc=0x0000019525b746a2 sp=0x0000001bce8fd008 mode 2

Classes loaded (20 events):
Event: 168.078 Loading class sun/security/provider/SHA5 done
Event: 168.078 Loading class sun/security/provider/SHA5$SHA512 done
Event: 168.146 Loading class jdk/internal/reflect/MethodHandleLongFieldAccessorImpl
Event: 168.146 Loading class jdk/internal/reflect/MethodHandleLongFieldAccessorImpl done
Event: 168.303 Loading class java/util/concurrent/locks/ReentrantReadWriteLock$Sync$HoldCounter
Event: 168.303 Loading class java/util/concurrent/locks/ReentrantReadWriteLock$Sync$HoldCounter done
Event: 168.956 Loading class java/util/zip/GZIPOutputStream
Event: 168.957 Loading class java/util/zip/DeflaterOutputStream
Event: 168.957 Loading class java/util/zip/DeflaterOutputStream done
Event: 168.957 Loading class java/util/zip/GZIPOutputStream done
Event: 168.957 Loading class java/util/zip/Deflater
Event: 168.957 Loading class java/util/zip/Deflater done
Event: 168.958 Loading class java/util/zip/Deflater$DeflaterZStreamRef
Event: 168.958 Loading class java/util/zip/Deflater$DeflaterZStreamRef done
Event: 1765.322 Loading class javax/crypto/NoSuchPaddingException
Event: 1765.322 Loading class javax/crypto/NoSuchPaddingException done
Event: 1765.322 Loading class javax/crypto/IllegalBlockSizeException
Event: 1765.322 Loading class javax/crypto/IllegalBlockSizeException done
Event: 1765.322 Loading class javax/crypto/BadPaddingException
Event: 1765.322 Loading class javax/crypto/BadPaddingException done

Classes unloaded (20 events):
Event: 6083.279 Thread 0x0000019535dd4110 Unloading class 0x00000195370dd800 'java/lang/invoke/LambdaForm$MH+0x00000195370dd800'
Event: 6083.279 Thread 0x0000019535dd4110 Unloading class 0x00000195370dd400 'java/lang/invoke/LambdaForm$MH+0x00000195370dd400'
Event: 6083.279 Thread 0x0000019535dd4110 Unloading class 0x00000195370dd000 'java/lang/invoke/LambdaForm$MH+0x00000195370dd000'
Event: 6083.279 Thread 0x0000019535dd4110 Unloading class 0x00000195370dc800 'java/lang/invoke/LambdaForm$MH+0x00000195370dc800'
Event: 6083.279 Thread 0x0000019535dd4110 Unloading class 0x00000195370dc000 'java/lang/invoke/LambdaForm$MH+0x00000195370dc000'
Event: 6083.279 Thread 0x0000019535dd4110 Unloading class 0x00000195370d1400 'java/lang/invoke/LambdaForm$MH+0x00000195370d1400'
Event: 6083.279 Thread 0x0000019535dd4110 Unloading class 0x000001953701b400 'java/lang/invoke/LambdaForm$MH+0x000001953701b400'
Event: 6083.279 Thread 0x0000019535dd4110 Unloading class 0x000001953701ac00 'java/lang/invoke/LambdaForm$MH+0x000001953701ac00'
Event: 6083.279 Thread 0x0000019535dd4110 Unloading class 0x000001953701a400 'java/lang/invoke/LambdaForm$MH+0x000001953701a400'
Event: 6083.279 Thread 0x0000019535dd4110 Unloading class 0x000001953701a000 'java/lang/invoke/LambdaForm$MH+0x000001953701a000'
Event: 6083.279 Thread 0x0000019535dd4110 Unloading class 0x0000019537019000 'java/lang/invoke/LambdaForm$MH+0x0000019537019000'
Event: 6083.279 Thread 0x0000019535dd4110 Unloading class 0x0000019537018400 'java/lang/invoke/LambdaForm$MH+0x0000019537018400'
Event: 6083.279 Thread 0x0000019535dd4110 Unloading class 0x0000019537018000 'java/lang/invoke/LambdaForm$MH+0x0000019537018000'
Event: 6083.279 Thread 0x0000019535dd4110 Unloading class 0x0000019537017800 'java/lang/invoke/LambdaForm$MH+0x0000019537017800'
Event: 6083.279 Thread 0x0000019535dd4110 Unloading class 0x0000019537017400 'java/lang/invoke/LambdaForm$MH+0x0000019537017400'
Event: 6083.279 Thread 0x0000019535dd4110 Unloading class 0x0000019537017000 'java/lang/invoke/LambdaForm$MH+0x0000019537017000'
Event: 6083.279 Thread 0x0000019535dd4110 Unloading class 0x0000019537016400 'java/lang/invoke/LambdaForm$MH+0x0000019537016400'
Event: 6083.279 Thread 0x0000019535dd4110 Unloading class 0x0000019537015400 'java/lang/invoke/LambdaForm$MH+0x0000019537015400'
Event: 6083.280 Thread 0x0000019535dd4110 Unloading class 0x0000019537014800 'java/lang/invoke/LambdaForm$MH+0x0000019537014800'
Event: 6083.280 Thread 0x0000019535dd4110 Unloading class 0x0000019537014000 'java/lang/invoke/LambdaForm$MH+0x0000019537014000'

Classes redefined (0 events):
No events

Internal exceptions (20 events):
Event: 5958.366 Thread 0x00000195016a47e0 Exception <a 'java/net/ConnectException'{0x000000070ae5d690}: Connection refused: no further information> (0x000000070ae5d690) 
thrown [s\open\src\hotspot\share\prims\jni.cpp, line 539]
Event: 5958.367 Thread 0x00000195016a47e0 Exception <a 'java/net/ConnectException'{0x000000070ae5e208}: Connection refused: no further information> (0x000000070ae5e208) 
thrown [s\open\src\hotspot\share\prims\jni.cpp, line 539]
Event: 5969.438 Thread 0x00000195016a47e0 Exception <a 'java/net/ConnectException'{0x000000070ae6a670}: Connection refused: no further information> (0x000000070ae6a670) 
thrown [s\open\src\hotspot\share\prims\jni.cpp, line 539]
Event: 5969.438 Thread 0x00000195016a47e0 Exception <a 'java/net/ConnectException'{0x000000070ae6b1e8}: Connection refused: no further information> (0x000000070ae6b1e8) 
thrown [s\open\src\hotspot\share\prims\jni.cpp, line 539]
Event: 5988.612 Thread 0x00000195016a47e0 Exception <a 'java/net/ConnectException'{0x000000070ae73940}: Connection refused: no further information> (0x000000070ae73940) 
thrown [s\open\src\hotspot\share\prims\jni.cpp, line 539]
Event: 5988.613 Thread 0x00000195016a47e0 Exception <a 'java/net/ConnectException'{0x000000070ae744b8}: Connection refused: no further information> (0x000000070ae744b8) 
thrown [s\open\src\hotspot\share\prims\jni.cpp, line 539]
Event: 6018.846 Thread 0x00000195016a47e0 Exception <a 'java/net/ConnectException'{0x000000070ad0b350}: Connection refused: no further information> (0x000000070ad0b350) 
thrown [s\open\src\hotspot\share\prims\jni.cpp, line 539]
Event: 6018.846 Thread 0x00000195016a47e0 Exception <a 'java/net/ConnectException'{0x000000070ad0bec8}: Connection refused: no further information> (0x000000070ad0bec8) 
thrown [s\open\src\hotspot\share\prims\jni.cpp, line 539]
Event: 6048.085 Thread 0x00000195016a47e0 Exception <a 'java/net/ConnectException'{0x000000070ad18568}: Connection refused: no further information> (0x000000070ad18568) 
thrown [s\open\src\hotspot\share\prims\jni.cpp, line 539]
Event: 6048.085 Thread 0x00000195016a47e0 Exception <a 'java/net/ConnectException'{0x000000070ad190e0}: Connection refused: no further information> (0x000000070ad190e0) 
thrown [s\open\src\hotspot\share\prims\jni.cpp, line 539]
Event: 6078.371 Thread 0x00000195016a47e0 Exception <a 'java/net/ConnectException'{0x000000070ad47920}: Connection refused: no further information> (0x000000070ad47920) 
thrown [s\open\src\hotspot\share\prims\jni.cpp, line 539]
Event: 6078.371 Thread 0x00000195016a47e0 Exception <a 'java/net/ConnectException'{0x000000070ad48498}: Connection refused: no further information> (0x000000070ad48498) 
thrown [s\open\src\hotspot\share\prims\jni.cpp, line 539]
Event: 6083.479 Thread 0x00000195016a47e0 Exception <a 'java/net/ConnectException'{0x00000007154c0e28}: Connection refused: no further information> (0x00000007154c0e28) 
thrown [s\open\src\hotspot\share\prims\jni.cpp, line 539]
Event: 6083.495 Thread 0x00000195016a47e0 Exception <a 'java/net/ConnectException'{0x00000007154c19a0}: Connection refused: no further information> (0x00000007154c19a0) 
thrown [s\open\src\hotspot\share\prims\jni.cpp, line 539]
Event: 6084.501 Thread 0x00000195016a47e0 Exception <a 'java/net/ConnectException'{0x00000007154cdb00}: Connection refused: no further information> (0x00000007154cdb00) 
thrown [s\open\src\hotspot\share\prims\jni.cpp, line 539]
Event: 6084.502 Thread 0x00000195016a47e0 Exception <a 'java/net/ConnectException'{0x00000007154ce678}: Connection refused: no further information> (0x00000007154ce678) 
thrown [s\open\src\hotspot\share\prims\jni.cpp, line 539]
Event: 6108.665 Thread 0x00000195016a47e0 Exception <a 'java/net/ConnectException'{0x00000007154dae80}: Connection refused: no further information> (0x00000007154dae80) 
thrown [s\open\src\hotspot\share\prims\jni.cpp, line 539]
Event: 6108.666 Thread 0x00000195016a47e0 Exception <a 'java/net/ConnectException'{0x00000007154db9f8}: Connection refused: no further information> (0x00000007154db9f8) 
thrown [s\open\src\hotspot\share\prims\jni.cpp, line 539]
Event: 6126.849 Thread 0x00000195016a47e0 Exception <a 'java/net/ConnectException'{0x0000000713306438}: Connection refused: no further information> (0x0000000713306438) 
thrown [s\open\src\hotspot\share\prims\jni.cpp, line 539]
Event: 6126.951 Thread 0x00000195016a47e0 Exception <a 'java/net/ConnectException'{0x0000000713306fb0}: Connection refused: no further information> (0x0000000713306fb0) 
thrown [s\open\src\hotspot\share\prims\jni.cpp, line 539]

ZGC Phase Switch (0 events):
No events

VM Operations (20 events):
Event: 6072.545 Executing VM operation: RendezvousGCThreads
Event: 6072.545 Executing VM operation: RendezvousGCThreads done
Event: 6078.619 Executing VM operation: Cleanup
Event: 6078.619 Executing VM operation: Cleanup done
Event: 6083.126 Executing VM operation: G1CollectForAllocation (G1 Evacuation Pause)
Event: 6083.168 Executing VM operation: G1CollectForAllocation (G1 Evacuation Pause) done
Event: 6083.254 Executing VM operation: G1PauseRemark
Event: 6083.459 Executing VM operation: G1PauseRemark done
Event: 6083.494 Executing VM operation: G1PauseCleanup
Event: 6083.494 Executing VM operation: G1PauseCleanup done
Event: 6084.499 Executing VM operation: Cleanup
Event: 6084.499 Executing VM operation: Cleanup done
Event: 6091.543 Executing VM operation: Cleanup
Event: 6091.543 Executing VM operation: Cleanup done
Event: 6108.663 Executing VM operation: Cleanup
Event: 6108.663 Executing VM operation: Cleanup done
Event: 6126.800 Executing VM operation: Cleanup
Event: 6126.800 Executing VM operation: Cleanup done
Event: 6127.922 Executing VM operation: Cleanup
Event: 6127.942 Executing VM operation: Cleanup done

Events (20 events):
Event: 6083.441 Thread 0x0000019535dd4110 flushing nmethod 0x00000195263c0f10
Event: 6083.442 Thread 0x0000019535dd4110 flushing nmethod 0x000001952650f310
Event: 6083.442 Thread 0x0000019535dd4110 flushing nmethod 0x0000019526399c90
Event: 6083.442 Thread 0x0000019535dd4110 flushing nmethod 0x00000195264cda90
Event: 6083.442 Thread 0x0000019535dd4110 flushing nmethod 0x00000195264b1c90
Event: 6083.442 Thread 0x0000019535dd4110 flushing nmethod 0x0000019526456610
Event: 6083.442 Thread 0x0000019535dd4110 flushing nmethod 0x0000019526373810
Event: 6083.443 Thread 0x0000019535dd4110 flushing nmethod 0x0000019526351610
Event: 6083.443 Thread 0x0000019535dd4110 flushing nmethod 0x000001952637b910
Event: 6083.443 Thread 0x0000019535dd4110 flushing nmethod 0x0000019526386610
Event: 6083.443 Thread 0x0000019535dd4110 flushing nmethod 0x0000019526152d10
Event: 6083.443 Thread 0x0000019535dd4110 flushing nmethod 0x0000019526333b10
Event: 6083.443 Thread 0x0000019535dd4110 flushing nmethod 0x00000195262d3510
Event: 6083.443 Thread 0x0000019535dd4110 flushing nmethod 0x00000195262bd810
Event: 6083.443 Thread 0x0000019535dd4110 flushing nmethod 0x00000195262b3290
Event: 6083.443 Thread 0x0000019535dd4110 flushing nmethod 0x0000019526270890
Event: 6083.443 Thread 0x0000019535dd4110 flushing nmethod 0x00000195261aac90
Event: 6083.443 Thread 0x0000019535dd4110 flushing nmethod 0x000001952617d210
Event: 6083.443 Thread 0x0000019535dd4110 flushing nmethod 0x000001952612db90
Event: 6083.443 Thread 0x0000019535dd4110 flushing nmethod 0x000001952612d410


Dynamic libraries:
0x00007ff7f3c00000 - 0x00007ff7f3c10000 	C:\Program Files\Java\jdk-21\bin\java.exe
0x00007ffaa0490000 - 0x00007ffaa06a7000 	C:\WINDOWS\SYSTEM32\ntdll.dll
0x00007ffa9f640000 - 0x00007ffa9f704000 	C:\WINDOWS\System32\KERNEL32.DLL
0x00007ffa9d940000 - 0x00007ffa9dd12000 	C:\WINDOWS\System32\KERNELBASE.dll
0x00007ffa9dd20000 - 0x00007ffa9de31000 	C:\WINDOWS\System32\ucrtbase.dll
0x00007ffa7ca80000 - 0x00007ffa7ca99000 	C:\Program Files\Java\jdk-21\bin\jli.dll
0x00007ff9ef760000 - 0x00007ff9ef77b000 	C:\Program Files\Java\jdk-21\bin\VCRUNTIME140.dll
0x00007ffa9eb90000 - 0x00007ffa9ec41000 	C:\WINDOWS\System32\ADVAPI32.dll
0x00007ffa9e5e0000 - 0x00007ffa9e687000 	C:\WINDOWS\System32\msvcrt.dll
0x00007ffa9f590000 - 0x00007ffa9f638000 	C:\WINDOWS\System32\sechost.dll
0x00007ffa9d910000 - 0x00007ffa9d938000 	C:\WINDOWS\System32\bcrypt.dll
0x00007ffa9e450000 - 0x00007ffa9e564000 	C:\WINDOWS\System32\RPCRT4.dll
0x00007ffa9f710000 - 0x00007ffa9f8c1000 	C:\WINDOWS\System32\USER32.dll
0x00007ffa9df80000 - 0x00007ffa9dfa6000 	C:\WINDOWS\System32\win32u.dll
0x00007ffa7d710000 - 0x00007ffa7d9ab000 	C:\WINDOWS\WinSxS\amd64_microsoft.windows.common-controls_6595b64144ccf1df_6.0.22621.5547_none_27104afb73855772\COMCTL32.dll
0x00007ffa9e7a0000 - 0x00007ffa9e7c9000 	C:\WINDOWS\System32\GDI32.dll
0x00007ffa9d580000 - 0x00007ffa9d6a3000 	C:\WINDOWS\System32\gdi32full.dll
0x00007ffa9d770000 - 0x00007ffa9d80a000 	C:\WINDOWS\System32\msvcp_win.dll
0x00007ffa91670000 - 0x00007ffa9167a000 	C:\WINDOWS\SYSTEM32\VERSION.dll
0x00007ffa9fc90000 - 0x00007ffa9fcc1000 	C:\WINDOWS\System32\IMM32.DLL
0x00007ffa3fd00000 - 0x00007ffa3fd0c000 	C:\Program Files\Java\jdk-21\bin\vcruntime140_1.dll
0x00007ff9ef3b0000 - 0x00007ff9ef43e000 	C:\Program Files\Java\jdk-21\bin\msvcp140.dll
0x00007ff9ef780000 - 0x00007ff9f0495000 	C:\Program Files\Java\jdk-21\bin\server\jvm.dll
0x00007ffa9f510000 - 0x00007ffa9f581000 	C:\WINDOWS\System32\WS2_32.dll
0x00007ffa9d3a0000 - 0x00007ffa9d3ed000 	C:\WINDOWS\SYSTEM32\POWRPROF.dll
0x00007ffa98100000 - 0x00007ffa98134000 	C:\WINDOWS\SYSTEM32\WINMM.dll
0x00007ffa9d380000 - 0x00007ffa9d393000 	C:\WINDOWS\SYSTEM32\UMPDC.dll
0x00007ffa9c570000 - 0x00007ffa9c588000 	C:\WINDOWS\SYSTEM32\kernel.appcore.dll
0x00007ffa3c520000 - 0x00007ffa3c52a000 	C:\Program Files\Java\jdk-21\bin\jimage.dll
0x00007ffa9aa10000 - 0x00007ffa9ac43000 	C:\WINDOWS\SYSTEM32\DBGHELP.DLL
0x00007ffa9e7d0000 - 0x00007ffa9eb63000 	C:\WINDOWS\System32\combase.dll
0x00007ffa9fbb0000 - 0x00007ffa9fc87000 	C:\WINDOWS\System32\OLEAUT32.dll
0x00007ffa77e90000 - 0x00007ffa77ec2000 	C:\WINDOWS\SYSTEM32\dbgcore.DLL
0x00007ffa9d810000 - 0x00007ffa9d88b000 	C:\WINDOWS\System32\bcryptPrimitives.dll
0x00007ff9ef700000 - 0x00007ff9ef71f000 	C:\Program Files\Java\jdk-21\bin\java.dll
0x00007ffa9ec50000 - 0x00007ffa9f4f2000 	C:\WINDOWS\System32\SHELL32.dll
0x00007ffa9de40000 - 0x00007ffa9df7f000 	C:\WINDOWS\System32\wintypes.dll
0x00007ffa9b390000 - 0x00007ffa9bcad000 	C:\WINDOWS\SYSTEM32\windows.storage.dll
0x00007ffa9e690000 - 0x00007ffa9e79c000 	C:\WINDOWS\System32\SHCORE.dll
0x00007ffa9e570000 - 0x00007ffa9e5d9000 	C:\WINDOWS\System32\shlwapi.dll
0x00007ffa9d4b0000 - 0x00007ffa9d4db000 	C:\WINDOWS\SYSTEM32\profapi.dll
0x00007ff9ef620000 - 0x00007ff9ef6f7000 	C:\Program Files\Java\jdk-21\bin\jsvml.dll
0x00007ffa02830000 - 0x00007ffa02840000 	C:\Program Files\Java\jdk-21\bin\net.dll
0x00007ffa99830000 - 0x00007ffa9995c000 	C:\WINDOWS\SYSTEM32\WINHTTP.dll
0x00007ffa9c9e0000 - 0x00007ffa9ca49000 	C:\WINDOWS\system32\mswsock.dll
0x00007ff9ef600000 - 0x00007ff9ef616000 	C:\Program Files\Java\jdk-21\bin\nio.dll
0x00007ff9ef5e0000 - 0x00007ff9ef5f8000 	C:\Program Files\Java\jdk-21\bin\zip.dll
0x00007ffa9be00000 - 0x00007ffa9be2d000 	C:\WINDOWS\SYSTEM32\IPHLPAPI.DLL
0x00007ffa9f500000 - 0x00007ffa9f509000 	C:\WINDOWS\System32\NSI.dll
0x00007ffa9be30000 - 0x00007ffa9bf28000 	C:\WINDOWS\SYSTEM32\DNSAPI.dll
0x00007ffa97ab0000 - 0x00007ffa97aba000 	C:\Windows\System32\rasadhlp.dll
0x00007ffa995a0000 - 0x00007ffa99624000 	C:\WINDOWS\System32\fwpuclnt.dll
0x00007ffa98ba0000 - 0x00007ffa98bae000 	C:\Program Files\Java\jdk-21\bin\sunmscapi.dll
0x00007ffa9dfb0000 - 0x00007ffa9e117000 	C:\WINDOWS\System32\CRYPT32.dll
0x00007ffa9cdc0000 - 0x00007ffa9cded000 	C:\WINDOWS\SYSTEM32\ncrypt.dll
0x00007ffa9cd80000 - 0x00007ffa9cdb7000 	C:\WINDOWS\SYSTEM32\NTASN1.dll
0x00007ff9ef5d0000 - 0x00007ff9ef5d7000 	C:\Program Files\Java\jdk-21\bin\extnet.dll
0x00007ffa9ccd0000 - 0x00007ffa9cceb000 	C:\WINDOWS\SYSTEM32\CRYPTSP.dll
0x00007ffa9c4d0000 - 0x00007ffa9c507000 	C:\WINDOWS\system32\rsaenh.dll
0x00007ffa9ca80000 - 0x00007ffa9caa8000 	C:\WINDOWS\SYSTEM32\USERENV.dll
0x00007ffa9ccb0000 - 0x00007ffa9ccbc000 	C:\WINDOWS\SYSTEM32\CRYPTBASE.dll
0x00007ff9eefb0000 - 0x00007ff9eefba000 	C:\Program Files\Java\jdk-21\bin\management.dll
0x00007ff9eefa0000 - 0x00007ff9eefab000 	C:\Program Files\Java\jdk-21\bin\management_ext.dll
0x00007ffa9f9e0000 - 0x00007ffa9f9e8000 	C:\WINDOWS\System32\PSAPI.DLL
0x00007ffa01ef0000 - 0x00007ffa01f00000 	C:\Program Files\Java\jdk-21\bin\verify.dll
0x00007ffa77d90000 - 0x00007ffa77d98000 	C:\WINDOWS\system32\wshunix.dll

dbghelp: loaded successfully - version: 4.0.5 - missing functions: none
symbol engine: initialized successfully - sym options: 0x614 - pdb path: .;C:\Program Files\Java\jdk-21\bin;C:\WINDOWS\SYSTEM32;C:\WINDOWS\WinSxS\amd64_microsoft.windows.common-controls_6595b64144ccf1df_6.0.22621.5547_none_27104afb73855772;C:\Program Files\Java\jdk-21\bin\server

VM Arguments:
java_command: sid.service_admin.ServiceAdminApplication
java_class_path (initial): E:\ProjetSpringBoot\spring-cloud-gescom-api\microservice-administration\target\classes;C:\Users\USER01\.m2\repository\org\springframework\boot\spring-boot-starter-data-jpa\3.4.3\spring-boot-starter-data-jpa-3.4.3.jar;C:\Users\USER01\.m2\repository\org\springframework\boot\spring-boot-starter\3.4.3\spring-boot-starter-3.4.3.jar;C:\Users\USER01\.m2\repository\org\springframework\boot\spring-boot\3.4.3\spring-boot-3.4.3.jar;C:\Users\USER01\.m2\repository\org\springframework\boot\spring-boot-autoconfigure\3.4.3\spring-boot-autoconfigure-3.4.3.jar;C:\Users\USER01\.m2\repository\org\springframework\boot\spring-boot-starter-logging\3.4.3\spring-boot-starter-logging-3.4.3.jar;C:\Users\USER01\.m2\repository\ch\qos\logback\logback-classic\1.5.16\logback-classic-1.5.16.jar;C:\Users\USER01\.m2\repository\ch\qos\logback\logback-core\1.5.16\logback-core-1.5.16.jar;C:\Users\USER01\.m2\repository\org\apache\logging\log4j\log4j-to-slf4j\2.24.3\log4j-to-slf4j-2.24.3.jar;C:\Users\USER01\.m2\repository\org\apache\logging\log4j\log4j-api\2.24.3\log4j-api-2.24.3.jar;C:\Users\USER01\.m2\repository\org\slf4j\jul-to-slf4j\2.0.16\jul-to-slf4j-2.0.16.jar;C:\Users\USER01\.m2\repository\jakarta\annotation\jakarta.annotation-api\2.1.1\jakarta.annotation-api-2.1.1.jar;C:\Users\USER01\.m2\repository\org\yaml\snakeyaml\2.3\snakeyaml-2.3.jar;C:\Users\USER01\.m2\repository\org\springframework\boot\spring-boot-starter-jdbc\3.4.3\spring-boot-starter-jdbc-3.4.3.jar;C:\Users\USER01\.m2\repository\com\zaxxer\HikariCP\5.1.0\HikariCP-5.1.0.jar;C:\Users\USER01\.m2\repository\org\springframework\spring-jdbc\6.2.3\spring-jdbc-6.2.3.jar;C:\Users\USER01\.m2\repository\org\hibernate\orm\hibernate-core\6.6.8.Final\hibernate-core-6.6.8.Final.jar;C:\Users\USER01\.m2\repository\jakarta\persistence\jakarta.persistence-api\3.1.0\jakarta.persistence-api-3.1.0.jar;C:\Users\USER01\.m2\repository\jakarta\transaction\jakarta.transaction-api\2.0.1\jakarta.transaction-api-2.0.1.jar;C:\Users\USER01\.m2\repository\org\jboss\logging\jboss-logging\3.6.1.Final\jboss-logging-3.6.1.Final.jar;C:\Users\USER01\.m2\repository\org\hibernate\common\hibernate-commons-annotations\7.0.3.Final\hibernate-commons-annotations-7.0.3.Final.jar;C:\Users\USER01\.m2\repository\io\smallrye\jandex\3.2.0\jandex-3.2.0.jar;C:\Users\USER01\.m2\repository\com\fasterxml\classmate\1.7.0\classmate-1.7.0.jar;C:\Users\USER01\.m2\repository\net\bytebuddy\byte-buddy\1.15.11\byte-buddy-1.15.11.jar;C:\Users\USER01\.m2\repository\org\glassfish\jaxb\jaxb-runtime\4.0.5\jaxb-runtime-4.0.5.jar;C:\Users\USER01\.m2\repository\org\glassfish\jaxb\jaxb-core\4.0.5\jaxb-core-4.0.5.jar;C:\Users\USER01\.m2\repository\org\eclipse\angus\angus-activation\2.0.2\angus-activation-2.0.2.jar;C:\Users\USER01\.m2\repository\org\glassfish\jaxb\txw2\4.0.5\txw2-4.0.5.jar;C:\Users\USER01\.m2\repository\com\sun\istack\istack-commons-runtime\4.1.2\istack-commons-runtime-4.1.2.jar;C:\Users\USER01\.m2\repository\jakarta\inject\jakarta.inject-api\2.0.1\jakarta.inject-api-2.0.1.jar;C:\Users\USER01\.m2\repository\org\antlr\antlr4-runtime\4.13.0\antlr4-runtime-4.13.0.jar;C:\Users\USER01\.m2\repository\org\springframework\data\spring-data-jpa\3.4.3\spring-data-jpa-3.4.3.jar;C:\Users\USER01\.m2\repository\org\springframework\data\spring-data-commons\3.4.3\spring-data-commons-3.4.3.jar;C:\Users\USER01\.m2\repository\org\springframework\spring-orm\6.2.3\spring-orm-6.2.3.jar;C:\Users\USER01\.m2\repository\org\springframework\spring-context\6.2.3\spring-context-6.2.3.jar;C:\Users\USER01\.m2\repository\org\springframework\spring-aop\6.2.3\spring-aop-6.2.3.jar;C:\Users\USER01\.m2\repository\org\springframework\spring-tx\6.2.3\spring-tx-6.2.3.jar;C:\Users\USER01\.m2\repository\org\springframework\spring-beans\6.2.3\spring-beans-6.2.3.jar;C:\Users\USER01\.m2\repository\org\springframework\spring-aspects\6.2.3\spring-aspects-6.2.3.jar;C:\Users\USER01\.m2\repository\org\aspectj\aspectjweaver\1.9.22.1\aspectjweaver-1.9.22.1.jar;C:\Users\USER01\.m2\repository\org\springframework\boot\spring-boot-starter-web\3.4.3\spring-boot-starter-web-3.4.3.jar;C:\Users\USER01\.m2\repository\org\springframework\boot\spring-boot-starter-json\3.4.3\spring-boot-starter-json-3.4.3.jar;C:\Users\USER01\.m2\repository\com\fasterxml\jackson\datatype\jackson-datatype-jdk8\2.18.2\jackson-datatype-jdk8-2.18.2.jar;C:\Users\USER01\.m2\repository\com\fasterxml\jackson\datatype\jackson-datatype-jsr310\2.18.2\jackson-datatype-jsr310-2.18.2.jar;C:\Users\USER01\.m2\repository\com\fasterxml\jackson\module\jackson-module-parameter-names\2.18.2\jackson-module-parameter-names-2.18.2.jar;C:\Users\USER01\.m2\repository\org\springframework\boot\spring-boot-starter-tomcat\3.4.3\spring-boot-starter-tomcat-3.4.3.jar;C:\Users\USER01\.m2\repository\org\apache\tomcat\embed\tomcat-embed-core\10.1.36\tomcat-embed-core-10.1.36.jar;C:\Users\USER01\.m2\repository\org\apache\tomcat\embed\tomcat-embed-el\10.1.36\tomcat-embed-el-10.1.36.jar;C:\Users\USER01\.m2\repository\org\apache\tomcat\embed\tomcat-embed-websocket\10.1.36\tomcat-embed-websocket-10.1.36.jar;C:\Users\USER01\.m2\repository\org\springframework\spring-web\6.2.3\spring-web-6.2.3.jar;C:\Users\USER01\.m2\repository\org\springframework\spring-webmvc\6.2.3\spring-webmvc-6.2.3.jar;C:\Users\USER01\.m2\repository\org\springframework\spring-expression\6.2.3\spring-expression-6.2.3.jar;C:\Users\USER01\.m2\repository\com\mysql\mysql-connector-j\9.1.0\mysql-connector-j-9.1.0.jar;C:\Users\USER01\.m2\repository\org\projectlombok\lombok\1.18.36\lombok-1.18.36.jar;C:\Users\USER01\.m2\repository\jakarta\xml\bind\jakarta.xml.bind-api\4.0.2\jakarta.xml.bind-api-4.0.2.jar;C:\Users\USER01\.m2\repository\jakarta\activation\jakarta.activation-api\2.1.3\jakarta.activation-api-2.1.3.jar;C:\Users\USER01\.m2\repository\org\springframework\spring-core\6.2.3\spring-core-6.2.3.jar;C:\Users\USER01\.m2\repository\org\springframework\spring-jcl\6.2.3\spring-jcl-6.2.3.jar;C:\Users\USER01\.m2\repository\org\springframework\cloud\spring-cloud-starter-config\4.2.1\spring-cloud-starter-config-4.2.1.jar;C:\Users\USER01\.m2\repository\org\springframework\cloud\spring-cloud-starter\4.2.1\spring-cloud-starter-4.2.1.jar;C:\Users\USER01\.m2\repository\org\springframework\cloud\spring-cloud-context\4.2.1\spring-cloud-context-4.2.1.jar;C:\Users\USER01\.m2\repository\org\springframework\security\spring-security-crypto\6.4.3\spring-security-crypto-6.4.3.jar;C:\Users\USER01\.m2\repository\org\springframework\cloud\spring-cloud-commons\4.2.1\spring-cloud-commons-4.2.1.jar;C:\Users\USER01\.m2\repository\org\bouncycastle\bcprov-jdk18on\1.78.1\bcprov-jdk18on-1.78.1.jar;C:\Users\USER01\.m2\repository\org\springframework\cloud\spring-cloud-config-client\4.2.1\spring-cloud-config-client-4.2.1.jar;C:\Users\USER01\.m2\repository\com\fasterxml\jackson\core\jackson-annotations\2.18.2\jackson-annotations-2.18.2.jar;C:\Users\USER01\.m2\repository\org\apache\httpcomponents\client5\httpclient5\5.4.2\httpclient5-5.4.2.jar;C:\Users\USER01\.m2\repository\org\apache\httpcomponents\core5\httpcore5\5.3.3\httpcore5-5.3.3.jar;C:\Users\USER01\.m2\repository\org\apache\httpcomponents\core5\httpcore5-h2\5.3.3\httpcore5-h2-5.3.3.jar;C:\Users\USER01\.m2\repository\com\fasterxml\jackson\core\jackson-databind\2.18.2\jackson-databind-2.18.2.jar;C:\Users\USER01\.m2\repository\com\fasterxml\jackson\core\jackson-core\2.18.2\jackson-core-2.18.2.jar;C:\Users\USER01\.m2\repository\org\springframework\cloud\spring-cloud-starter-bootstrap\4.2.1\spring-cloud-starter-bootstrap-4.2.1.jar;C:\Users\USER01\.m2\repository\org\springframework\boot\spring-boot-starter-actuator\3.4.3\spring-boot-starter-actuator-3.4.3.jar;C:\Users\USER01\.m2\repository\org\springframework\boot\spring-boot-actuator-autoconfigure\3.4.3\spring-boot-actuator-autoconfigure-3.4.3.jar;C:\Users\USER01\.m2\repository\org\springframework\boot\spring-boot-actuator\3.4.3\spring-boot-actuator-3.4.3.jar;C:\Users\USER01\.m2\repository\io\micrometer\micrometer-observation\1.14.4\micrometer-observation-1.14.4.jar;C:\Users\USER01\.m2\repository\io\micrometer\micrometer-commons\1.14.4\micrometer-commons-1.14.4.jar;C:\Users\USER01\.m2\repository\io\micrometer\micrometer-jakarta9\1.14.4\micrometer-jakarta9-1.14.4.jar;C:\Users\USER01\.m2\repository\org\springframework\cloud\spring-cloud-starter-netflix-eureka-client\4.2.1\spring-cloud-starter-netflix-eureka-client-4.2.1.jar;C:\Users\USER01\.m2\repository\org\springframework\cloud\spring-cloud-netflix-eureka-client\4.2.1\spring-cloud-netflix-eureka-client-4.2.1.jar;C:\Users\USER01\.m2\repository\com\netflix\eureka\eureka-client\2.0.4\eureka-client-2.0.4.jar;C:\Users\USER01\.m2\repository\com\thoughtworks\xstream\xstream\1.4.20\xstream-1.4.20.jar;C:\Users\USER01\.m2\repository\io\github\x-stream\mxparser\1.2.2\mxparser-1.2.2.jar;C:\Users\USER01\.m2\repository\xmlpull\xmlpull\1.1.3.1\xmlpull-1.1.3.1.jar;C:\Users\USER01\.m2\repository\jakarta\ws\rs\jakarta.ws.rs-api\3.1.0\jakarta.ws.rs-api-3.1.0.jar;C:\Users\USER01\.m2\repository\com\netflix\spectator\spectator-api\1.7.3\spectator-api-1.7.3.jar;C:\Users\USER01\.m2\repository\org\apache\httpcomponents\httpclient\4.5.3\httpclient-4.5.3.jar;C:\Users\USER01\.m2\repository\org\apache\httpcomponents\httpcore\4.4.16\httpcore-4.4.16.jar;C:\Users\USER01\.m2\repository\commons-codec\commons-codec\1.17.2\commons-codec-1.17.2.jar;C:\Users\USER01\.m2\repository\commons-configuration\commons-configuration\1.10\commons-configuration-1.10.jar;C:\Users\USER01\.m2\repository\commons-lang\commons-lang\2.6\commons-lang-2.6.jar;C:\Users\USER01\.m2\repository\com\netflix\netflix-commons\netflix-eventbus\0.3.0\netflix-eventbus-0.3.0.jar;C:\Users\USER01\.m2\repository\com\netflix\netflix-commons\netflix-infix\0.3.0\netflix-infix-0.3.0.jar;C:\Users\USER01\.m2\repository\commons-jxpath\commons-jxpath\1.3\commons-jxpath-1.3.jar;C:\Users\USER01\.m2\repository\joda-time\joda-time\2.3\joda-time-2.3.jar;C:\Users\USER01\.m2\repository\org\antlr\antlr-runtime\3.4\antlr-runtime-3.4.jar;C:\Users\USER01\.m2\repository\org\antlr\stringtemplate\3.2.1\stringtemplate-3.2.1.jar;C:\Users\USER01\.m2\repository\antlr\antlr\2.7.7\antlr-2.7.7.jar;C:\Users\USER01\.m2\repository\com\google\guava\guava\14.0.1\guava-14.0.1.jar;C:\Users\USER01\.m2\repository\com\google\code\gson\gson\2.11.0\gson-2.11.0.jar;C:\Users\USER01\.m2\repository\com\google\errorprone\error_prone_annotations\2.27.0\error_prone_annotations-2.27.0.jar;C:\Users\USER01\.m2\repository\com\netflix\servo\servo-core\0.5.3\servo-core-0.5.3.jar;C:\Users\USER01\.m2\repository\org\apache\commons\commons-math\2.2\commons-math-2.2.jar;C:\Users\USER01\.m2\repository\javax\annotation\javax.annotation-api\1.2\javax.annotation-api-1.2.jar;C:\Users\USER01\.m2\repository\org\codehaus\jettison\jettison\1.5.4\jettison-1.5.4.jar;C:\Users\USER01\.m2\repository\org\springframework\cloud\spring-cloud-starter-loadbalancer\4.2.1\spring-cloud-starter-loadbalancer-4.2.1.jar;C:\Users\USER01\.m2\repository\org\springframework\cloud\spring-cloud-loadbalancer\4.2.1\spring-cloud-loadbalancer-4.2.1.jar;C:\Users\USER01\.m2\repository\io\projectreactor\reactor-core\3.7.3\reactor-core-3.7.3.jar;C:\Users\USER01\.m2\repository\org\reactivestreams\reactive-streams\1.0.4\reactive-streams-1.0.4.jar;C:\Users\USER01\.m2\repository\io\projectreactor\addons\reactor-extra\3.5.2\reactor-extra-3.5.2.jar;C:\Users\USER01\.m2\repository\org\springframework\boot\spring-boot-starter-cache\3.4.3\spring-boot-starter-cache-3.4.3.jar;C:\Users\USER01\.m2\repository\org\springframework\spring-context-support\6.2.3\spring-context-support-6.2.3.jar;C:\Users\USER01\.m2\repository\com\stoyanr\evictor\1.0.0\evictor-1.0.0.jar;C:\Users\USER01\.m2\repository\io\micrometer\micrometer-tracing-bridge-brave\1.4.3\micrometer-tracing-bridge-brave-1.4.3.jar;C:\Users\USER01\.m2\repository\io\micrometer\micrometer-tracing\1.4.3\micrometer-tracing-1.4.3.jar;C:\Users\USER01\.m2\repository\io\micrometer\context-propagation\1.1.2\context-propagation-1.1.2.jar;C:\Users\USER01\.m2\repository\aopalliance\aopalliance\1.0\aopalliance-1.0.jar;C:\Users\USER01\.m2\repository\org\slf4j\slf4j-api\2.0.16\slf4j-api-2.0.16.jar;C:\Users\USER01\.m2\repository\io\zipkin\brave\brave\6.0.3\brave-6.0.3.jar;C:\Users\USER01\.m2\repository\io\zipkin\brave\brave-context-slf4j\6.0.3\brave-context-slf4j-6.0.3.jar;C:\Users\USER01\.m2\repository\io\zipkin\brave\brave-instrumentation-http\6.0.3\brave-instrumentation-http-6.0.3.jar;C:\Users\USER01\.m2\repository\io\zipkin\aws\brave-propagation-aws\1.2.5\brave-propagation-aws-1.2.5.jar;C:\Users\USER01\.m2\repository\io\zipkin\contrib\brave-propagation-w3c\brave-propagation-tracecontext\0.2.0\brave-propagation-tracecontext-0.2.0.jar;C:\Users\USER01\.m2\repository\io\zipkin\reporter2\zipkin-reporter-brave\3.4.3\zipkin-reporter-brave-3.4.3.jar;C:\Users\USER01\.m2\repository\io\zipkin\reporter2\zipkin-reporter\3.4.3\zipkin-reporter-3.4.3.jar;C:\Users\USER01\.m2\repository\io\github\openfeign\feign-micrometer\13.5\feign-micrometer-13.5.jar;C:\Users\USER01\.m2\repository\io\github\openfeign\feign-core\13.5\feign-core-13.5.jar;C:\Users\USER01\.m2\repository\io\micrometer\micrometer-core\1.14.4\micrometer-core-1.14.4.jar;C:\Users\USER01\.m2\repository\org\hdrhistogram\HdrHistogram\2.2.2\HdrHistogram-2.2.2.jar;C:\Users\USER01\.m2\repository\org\latencyutils\LatencyUtils\2.0.3\LatencyUtils-2.0.3.jar;C:\Users\USER01\.m2\repository\io\jsonwebtoken\jjwt-api\0.11.5\jjwt-api-0.11.5.jar;C:\Users\USER01\.m2\repository\io\jsonwebtoken\jjwt-impl\0.11.5\jjwt-impl-0.11.5.jar;C:\Users\USER01\.m2\repository\io\jsonwebtoken\jjwt-jackson\0.11.5\jjwt-jackson-0.11.5.jar
Launcher Type: SUN_STANDARD

[Global flags]
     intx CICompilerCount                          = 4                                         {product} {ergonomic}
     uint ConcGCThreads                            = 3                                         {product} {ergonomic}
     uint G1ConcRefinementThreads                  = 10                                        {product} {ergonomic}
   size_t G1HeapRegionSize                         = 2097152                                   {product} {ergonomic}
    uintx GCDrainStackTargetSize                   = 64                                        {product} {ergonomic}
   size_t InitialHeapSize                          = 264241152                                 {product} {ergonomic}
   size_t MarkStackSize                            = 4194304                                   {product} {ergonomic}
   size_t MaxHeapSize                              = 4200595456                                {product} {ergonomic}
   size_t MaxNewSize                               = 2518679552                                {product} {ergonomic}
   size_t MinHeapDeltaBytes                        = 2097152                                   {product} {ergonomic}
   size_t MinHeapSize                              = 8388608                                   {product} {ergonomic}
    uintx NonNMethodCodeHeapSize                   = 5839372                                {pd product} {ergonomic}
    uintx NonProfiledCodeHeapSize                  = 122909434                              {pd product} {ergonomic}
    uintx ProfiledCodeHeapSize                     = 122909434                              {pd product} {ergonomic}
    uintx ReservedCodeCacheSize                    = 251658240                              {pd product} {ergonomic}
     bool SegmentedCodeCache                       = true                                      {product} {ergonomic}
   size_t SoftMaxHeapSize                          = 4200595456                             {manageable} {ergonomic}
     bool UseCompressedOops                        = true                           {product lp64_product} {ergonomic}
     bool UseG1GC                                  = true                                      {product} {ergonomic}
     bool UseLargePagesIndividualAllocation        = false                                  {pd product} {ergonomic}

Logging:
Log output configuration:
 #0: stdout all=warning uptime,level,tags foldmultilines=false
 #1: stderr all=off uptime,level,tags foldmultilines=false

Environment Variables:
JAVA_HOME=C:\Program Files\Java\jdk-21
PATH=E:\app\USER01\product\11.2.0\dbhome_1\bin;E:\app\USER01\product\11.1.0\db_2\bin;C:\Program Files\Common Files\Oracle\Java\javapath;C:\ProgramData\Oracle\Java\javapath;C:\WINDOWS\system32;C:\WINDOWS;C:\WINDOWS\System32\Wbem;C:\WINDOWS\System32\WindowsPowerShell\v1.0\;C:\WINDOWS\System32\OpenSSH\;C:\ProgramData\chocolatey\bin;C:\Program Files\Java\jdk-21\bin;C:\Program Files\TortoiseSVN\bin;C:\Program Files\Microsoft SQL Server\150\Tools\Binn\;C:\Program Files\nodejs\;E:\zenithe\Biometrie\Logiciel_enrolement;E:\MySQL\MySQL Server 5.0\bin;C:\Program Files\Git\cmd;C:\Program Files\Docker\Docker\resources\bin;E:\MongoDB\Server\8.0\bin;;C:\Program Files\Filestar;C:\ProgramData\Filestar\aliases;C:\Users\USER01\AppData\Local\Microsoft\WindowsApps;;C:\Users\USER01\AppData\Local\Programs\Microsoft VS Code\bin;C:\Users\USER01\AppData\Roaming\npm;C:\Users\USER01\AppData\Local\Programs\mongosh\;C:\Users\USER01\AppData\Local\Programs\cursor\resources\app\bin
USERNAME=USER01
OS=Windows_NT
PROCESSOR_IDENTIFIER=Intel64 Family 6 Model 154 Stepping 4, GenuineIntel
TMP=C:\Users\USER01\AppData\Local\Temp
TEMP=C:\Users\USER01\AppData\Local\Temp




Periodic native trim disabled

---------------  S Y S T E M  ---------------

OS:
 Windows 11 , 64 bit Build 22621 (10.0.22621.5415)
OS uptime: 0 days 6:41 hours
Hyper-V role detected

CPU: total 12 (initial active 12) (6 cores per cpu, 2 threads per core) family 6 model 154 stepping 4 microcode 0x437, cx8, cmov, fxsr, ht, mmx, 3dnowpref, sse, sse2, sse3, ssse3, sse4.1, sse4.2, popcnt, lzcnt, tsc, tscinvbit, avx, avx2, aes, erms, clmul, bmi1, bmi2, adx, sha, fma, vzeroupper, clflush, clflushopt, clwb, hv, serialize, rdtscp, rdpid, fsrm, f16c, cet_ibt, cet_ss
Processor Information for all 12 processors :
  Max Mhz: 1800, Current Mhz: 1800, Mhz Limit: 1800

Memory: 4k page, system-wide physical 16016M (320M free)
TotalPageFile size 30685M (AvailPageFile size 257M)
current process WorkingSet (physical memory assigned to process): 322M, peak: 401M
current process commit charge ("private bytes"): 423M, peak: 449M

vm_info: Java HotSpot(TM) 64-Bit Server VM (21.0.1+12-LTS-29) for windows-amd64 JRE (21.0.1+12-LTS-29), built on 2023-10-05T13:27:09Z by "mach5one" with MS VC++ 17.1 (VS2022)

END.
