#
# There is insufficient memory for the Java Runtime Environment to continue.
# Native memory allocation (malloc) failed to allocate 345056 bytes for Chunk::new
# Possible reasons:
#   The system is out of physical RAM or swap space
#   The process is running with CompressedOops enabled, and the Java Heap may be blocking the growth of the native heap
# Possible solutions:
#   Reduce memory load on the system
#   Increase physical memory or swap space
#   Check if swap backing store is full
#   Decrease Java heap size (-Xmx/-Xms)
#   Decrease number of Java threads
#   Decrease Java thread stack sizes (-Xss)
#   Set larger code cache with -XX:ReservedCodeCacheSize=
#   JVM is running with Zero Based Compressed Oops mode in which the Java heap is
#     placed in the first 32GB address space. The Java Heap base address is the
#     maximum limit for the native heap growth. Please use -XX:HeapBaseMinAddress
#     to set the Java Heap base and to place the Java Heap above 32GB virtual address.
# This output file may be truncated or incomplete.
#
#  Out of Memory Error (arena.cpp:168), pid=30700, tid=29944
#
# JRE version: Java(TM) SE Runtime Environment (21.0.1+12) (build 21.0.1+12-LTS-29)
# Java VM: Java HotSpot(TM) 64-Bit Server VM (21.0.1+12-LTS-29, mixed mode, sharing, tiered, compressed oops, compressed class ptrs, g1 gc, windows-amd64)
# No core dump will be written. Minidumps are not enabled by default on client versions of Windows
#

---------------  S U M M A R Y ------------

Command Line: sid.service_admin.ServiceAdminApplication

Host: 12th Gen Intel(R) Core(TM) i7-1265U, 12 cores, 15G,  Windows 11 , 64 bit Build 22621 (10.0.22621.5415)
Time: Sat Aug  9 11:28:25 2025 W. Central Africa Standard Time elapsed time: 1.943796 seconds (0d 0h 0m 1s)

---------------  T H R E A D  ---------------

Current thread (0x0000029f90020090):  JavaThread "C2 CompilerThread0" daemon [_thread_in_native, id=29944, stack(0x000000d347b00000,0x000000d347c00000) (1024K)]


Current CompileTask:
C2:   1943 1779       4       org.springframework.boot.context.properties.source.ConfigurationPropertyName$ElementsParser::add (220 bytes)

Stack: [0x000000d347b00000,0x000000d347c00000]
Native frames: (J=compiled Java code, j=interpreted, Vv=VM code, C=native code)
V  [jvm.dll+0x6c9029]
V  [jvm.dll+0x854b81]
V  [jvm.dll+0x856e5e]
V  [jvm.dll+0x857543]
V  [jvm.dll+0x280c06]
V  [jvm.dll+0xc3ead]
V  [jvm.dll+0xc43c3]
V  [jvm.dll+0x2f3f3f]
V  [jvm.dll+0x5f40a6]
V  [jvm.dll+0x252bef]
V  [jvm.dll+0x24b323]
V  [jvm.dll+0x248fa3]
V  [jvm.dll+0x1c9ca1]
V  [jvm.dll+0x2586b9]
V  [jvm.dll+0x256c9a]
V  [jvm.dll+0x3ef1b6]
V  [jvm.dll+0x7fd728]
V  [jvm.dll+0x6c777d]
C  [ucrtbase.dll+0x29333]
C  [KERNEL32.DLL+0x1259d]
C  [ntdll.dll+0x5af78]


---------------  P R O C E S S  ---------------

Threads class SMR info:
_java_thread_list=0x0000029f9117d9e0, length=12, elements={
0x0000029f29603160, 0x0000029f4ad40520, 0x0000029f4ad41240, 0x0000029f4ad43550,
0x0000029f4ad440e0, 0x0000029f4ad459c0, 0x0000029f4ad4e430, 0x0000029f90020090,
0x0000029f4ad56a60, 0x0000029f90173640, 0x0000029f90190770, 0x0000029f4ad555f0
}

Java Threads: ( => current thread )
  0x0000029f29603160 JavaThread "main"                              [_thread_in_vm, id=22256, stack(0x000000d346d00000,0x000000d346e00000) (1024K)]
  0x0000029f4ad40520 JavaThread "Reference Handler"          daemon [_thread_blocked, id=20520, stack(0x000000d347500000,0x000000d347600000) (1024K)]
  0x0000029f4ad41240 JavaThread "Finalizer"                  daemon [_thread_blocked, id=8572, stack(0x000000d347600000,0x000000d347700000) (1024K)]
  0x0000029f4ad43550 JavaThread "Signal Dispatcher"          daemon [_thread_blocked, id=16588, stack(0x000000d347700000,0x000000d347800000) (1024K)]
  0x0000029f4ad440e0 JavaThread "Attach Listener"            daemon [_thread_blocked, id=27364, stack(0x000000d347800000,0x000000d347900000) (1024K)]
  0x0000029f4ad459c0 JavaThread "Service Thread"             daemon [_thread_blocked, id=26132, stack(0x000000d347900000,0x000000d347a00000) (1024K)]
  0x0000029f4ad4e430 JavaThread "Monitor Deflation Thread"   daemon [_thread_blocked, id=11532, stack(0x000000d347a00000,0x000000d347b00000) (1024K)]
=>0x0000029f90020090 JavaThread "C2 CompilerThread0"         daemon [_thread_in_native, id=29944, stack(0x000000d347b00000,0x000000d347c00000) (1024K)]
  0x0000029f4ad56a60 JavaThread "C1 CompilerThread0"         daemon [_thread_in_native, id=5176, stack(0x000000d347c00000,0x000000d347d00000) (1024K)]
  0x0000029f90173640 JavaThread "Notification Thread"        daemon [_thread_blocked, id=5596, stack(0x000000d347d00000,0x000000d347e00000) (1024K)]
  0x0000029f90190770 JavaThread "Common-Cleaner"             daemon [_thread_blocked, id=21824, stack(0x000000d347e00000,0x000000d347f00000) (1024K)]
  0x0000029f4ad555f0 JavaThread "C2 CompilerThread1"         daemon [_thread_in_native, id=7092, stack(0x000000d347f00000,0x000000d348000000) (1024K)]
Total: 12

Other Threads:
  0x0000029f4ad20930 VMThread "VM Thread"                           [id=13952, stack(0x000000d347400000,0x000000d347500000) (1024K)]
  0x0000029f4ad07160 WatcherThread "VM Periodic Task Thread"        [id=10928, stack(0x000000d347300000,0x000000d347400000) (1024K)]
  0x0000029f2b94b390 WorkerThread "GC Thread#0"                     [id=25548, stack(0x000000d346e00000,0x000000d346f00000) (1024K)]
  0x0000029f90ec08f0 WorkerThread "GC Thread#1"                     [id=13096, stack(0x000000d348000000,0x000000d348100000) (1024K)]
  0x0000029f90ec0c90 WorkerThread "GC Thread#2"                     [id=29312, stack(0x000000d348100000,0x000000d348200000) (1024K)]
  0x0000029f90910200 WorkerThread "GC Thread#3"                     [id=23852, stack(0x000000d348200000,0x000000d348300000) (1024K)]
  0x0000029f90b59550 WorkerThread "GC Thread#4"                     [id=29884, stack(0x000000d348300000,0x000000d348400000) (1024K)]
  0x0000029f90b59cf0 WorkerThread "GC Thread#5"                     [id=18104, stack(0x000000d348400000,0x000000d348500000) (1024K)]
  0x0000029f90dd4d10 WorkerThread "GC Thread#6"                     [id=424, stack(0x000000d348500000,0x000000d348600000) (1024K)]
  0x0000029f2b95bcc0 ConcurrentGCThread "G1 Main Marker"            [id=27956, stack(0x000000d346f00000,0x000000d347000000) (1024K)]
  0x0000029f2b95c870 WorkerThread "G1 Conc#0"                       [id=22600, stack(0x000000d347000000,0x000000d347100000) (1024K)]
  0x0000029f4abdb4f0 ConcurrentGCThread "G1 Refine#0"               [id=6912, stack(0x000000d347100000,0x000000d347200000) (1024K)]
  0x0000029f4abdbd10 ConcurrentGCThread "G1 Service"                [id=18444, stack(0x000000d347200000,0x000000d347300000) (1024K)]
Total: 13

Threads with active compile tasks:
C2 CompilerThread0     1967 1779       4       org.springframework.boot.context.properties.source.ConfigurationPropertyName$ElementsParser::add (220 bytes)
C2 CompilerThread1     1967 1684       4       org.springframework.boot.context.properties.source.ConfigurationPropertyName$ElementsParser::parse (234 bytes)
Total: 2

VM state: not at safepoint (normal execution)

VM Mutex/Monitor currently owned by a thread: None

Heap address: 0x0000000705a00000, size: 4006 MB, Compressed Oops mode: Zero based, Oop shift amount: 3

CDS archive(s) mapped at: [0x0000029f4b000000-0x0000029f4bc90000-0x0000029f4bc90000), size 13172736, SharedBaseAddress: 0x0000029f4b000000, ArchiveRelocationMode: 1.
Compressed class space mapped at: 0x0000029f4c000000-0x0000029f8c000000, reserved size: 1073741824
Narrow klass base: 0x0000029f4b000000, Narrow klass shift: 0, Narrow klass range: 0x100000000

GC Precious Log:
 CardTable entry size: 512
 Card Set container configuration: InlinePtr #cards 4 size 8 Array Of Cards #cards 16 size 48 Howl #buckets 8 coarsen threshold 3686 Howl Bitmap #cards 512 size 80 coarsen threshold 460 Card regions per heap region 1 cards per card region 4096
 CPUs: 12 total, 12 available
 Memory: 16016M
 Large Page Support: Disabled
 NUMA Support: Disabled
 Compressed Oops: Enabled (Zero based)
 Heap Region Size: 2M
 Heap Min Capacity: 8M
 Heap Initial Capacity: 252M
 Heap Max Capacity: 4006M
 Pre-touch: Disabled
 Parallel Workers: 10
 Concurrent Workers: 3
 Concurrent Refinement Workers: 10
 Periodic GC: Disabled

Heap:
 garbage-first heap   total 258048K, used 29014K [0x0000000705a00000, 0x0000000800000000)
  region size 2048K, 11 young (22528K), 2 survivors (4096K)
 Metaspace       used 10032K, committed 10240K, reserved 1114112K
  class space    used 1187K, committed 1280K, reserved 1048576K

Heap Regions: E=young(eden), S=young(survivor), O=old, HS=humongous(starts), HC=humongous(continues), CS=collection set, F=free, TAMS=top-at-mark-start, PB=parsable bottom
|   0|0x0000000705a00000, 0x0000000705c00000, 0x0000000705c00000|100%| O|  |TAMS 0x0000000705a00000| PB 0x0000000705a00000| Untracked 
|   1|0x0000000705c00000, 0x0000000705e00000, 0x0000000705e00000|100%| O|  |TAMS 0x0000000705c00000| PB 0x0000000705c00000| Untracked 
|   2|0x0000000705e00000, 0x0000000706000000, 0x0000000706000000|100%| O|  |TAMS 0x0000000705e00000| PB 0x0000000705e00000| Untracked 
|   3|0x0000000706000000, 0x0000000706200000, 0x0000000706200000|100%| O|  |TAMS 0x0000000706000000| PB 0x0000000706000000| Untracked 
|   4|0x0000000706200000, 0x00000007063a5da8, 0x0000000706400000| 82%| O|  |TAMS 0x0000000706200000| PB 0x0000000706200000| Untracked 
|   5|0x0000000706400000, 0x0000000706400000, 0x0000000706600000|  0%| F|  |TAMS 0x0000000706400000| PB 0x0000000706400000| Untracked 
|   6|0x0000000706600000, 0x0000000706600000, 0x0000000706800000|  0%| F|  |TAMS 0x0000000706600000| PB 0x0000000706600000| Untracked 
|   7|0x0000000706800000, 0x0000000706800000, 0x0000000706a00000|  0%| F|  |TAMS 0x0000000706800000| PB 0x0000000706800000| Untracked 
|   8|0x0000000706a00000, 0x0000000706a00000, 0x0000000706c00000|  0%| F|  |TAMS 0x0000000706a00000| PB 0x0000000706a00000| Untracked 
|   9|0x0000000706c00000, 0x0000000706c00000, 0x0000000706e00000|  0%| F|  |TAMS 0x0000000706c00000| PB 0x0000000706c00000| Untracked 
|  10|0x0000000706e00000, 0x0000000706e00000, 0x0000000707000000|  0%| F|  |TAMS 0x0000000706e00000| PB 0x0000000706e00000| Untracked 
|  11|0x0000000707000000, 0x0000000707000000, 0x0000000707200000|  0%| F|  |TAMS 0x0000000707000000| PB 0x0000000707000000| Untracked 
|  12|0x0000000707200000, 0x0000000707200000, 0x0000000707400000|  0%| F|  |TAMS 0x0000000707200000| PB 0x0000000707200000| Untracked 
|  13|0x0000000707400000, 0x0000000707400000, 0x0000000707600000|  0%| F|  |TAMS 0x0000000707400000| PB 0x0000000707400000| Untracked 
|  14|0x0000000707600000, 0x0000000707600000, 0x0000000707800000|  0%| F|  |TAMS 0x0000000707600000| PB 0x0000000707600000| Untracked 
|  15|0x0000000707800000, 0x0000000707800000, 0x0000000707a00000|  0%| F|  |TAMS 0x0000000707800000| PB 0x0000000707800000| Untracked 
|  16|0x0000000707a00000, 0x0000000707a00000, 0x0000000707c00000|  0%| F|  |TAMS 0x0000000707a00000| PB 0x0000000707a00000| Untracked 
|  17|0x0000000707c00000, 0x0000000707c00000, 0x0000000707e00000|  0%| F|  |TAMS 0x0000000707c00000| PB 0x0000000707c00000| Untracked 
|  18|0x0000000707e00000, 0x0000000707e00000, 0x0000000708000000|  0%| F|  |TAMS 0x0000000707e00000| PB 0x0000000707e00000| Untracked 
|  19|0x0000000708000000, 0x0000000708000000, 0x0000000708200000|  0%| F|  |TAMS 0x0000000708000000| PB 0x0000000708000000| Untracked 
|  20|0x0000000708200000, 0x0000000708200000, 0x0000000708400000|  0%| F|  |TAMS 0x0000000708200000| PB 0x0000000708200000| Untracked 
|  21|0x0000000708400000, 0x0000000708400000, 0x0000000708600000|  0%| F|  |TAMS 0x0000000708400000| PB 0x0000000708400000| Untracked 
|  22|0x0000000708600000, 0x0000000708600000, 0x0000000708800000|  0%| F|  |TAMS 0x0000000708600000| PB 0x0000000708600000| Untracked 
|  23|0x0000000708800000, 0x0000000708800000, 0x0000000708a00000|  0%| F|  |TAMS 0x0000000708800000| PB 0x0000000708800000| Untracked 
|  24|0x0000000708a00000, 0x0000000708a00000, 0x0000000708c00000|  0%| F|  |TAMS 0x0000000708a00000| PB 0x0000000708a00000| Untracked 
|  25|0x0000000708c00000, 0x0000000708c00000, 0x0000000708e00000|  0%| F|  |TAMS 0x0000000708c00000| PB 0x0000000708c00000| Untracked 
|  26|0x0000000708e00000, 0x0000000708e00000, 0x0000000709000000|  0%| F|  |TAMS 0x0000000708e00000| PB 0x0000000708e00000| Untracked 
|  27|0x0000000709000000, 0x0000000709000000, 0x0000000709200000|  0%| F|  |TAMS 0x0000000709000000| PB 0x0000000709000000| Untracked 
|  28|0x0000000709200000, 0x0000000709200000, 0x0000000709400000|  0%| F|  |TAMS 0x0000000709200000| PB 0x0000000709200000| Untracked 
|  29|0x0000000709400000, 0x0000000709400000, 0x0000000709600000|  0%| F|  |TAMS 0x0000000709400000| PB 0x0000000709400000| Untracked 
|  30|0x0000000709600000, 0x0000000709600000, 0x0000000709800000|  0%| F|  |TAMS 0x0000000709600000| PB 0x0000000709600000| Untracked 
|  31|0x0000000709800000, 0x0000000709800000, 0x0000000709a00000|  0%| F|  |TAMS 0x0000000709800000| PB 0x0000000709800000| Untracked 
|  32|0x0000000709a00000, 0x0000000709a00000, 0x0000000709c00000|  0%| F|  |TAMS 0x0000000709a00000| PB 0x0000000709a00000| Untracked 
|  33|0x0000000709c00000, 0x0000000709c00000, 0x0000000709e00000|  0%| F|  |TAMS 0x0000000709c00000| PB 0x0000000709c00000| Untracked 
|  34|0x0000000709e00000, 0x0000000709e00000, 0x000000070a000000|  0%| F|  |TAMS 0x0000000709e00000| PB 0x0000000709e00000| Untracked 
|  35|0x000000070a000000, 0x000000070a000000, 0x000000070a200000|  0%| F|  |TAMS 0x000000070a000000| PB 0x000000070a000000| Untracked 
|  36|0x000000070a200000, 0x000000070a200000, 0x000000070a400000|  0%| F|  |TAMS 0x000000070a200000| PB 0x000000070a200000| Untracked 
|  37|0x000000070a400000, 0x000000070a400000, 0x000000070a600000|  0%| F|  |TAMS 0x000000070a400000| PB 0x000000070a400000| Untracked 
|  38|0x000000070a600000, 0x000000070a600000, 0x000000070a800000|  0%| F|  |TAMS 0x000000070a600000| PB 0x000000070a600000| Untracked 
|  39|0x000000070a800000, 0x000000070a800000, 0x000000070aa00000|  0%| F|  |TAMS 0x000000070a800000| PB 0x000000070a800000| Untracked 
|  40|0x000000070aa00000, 0x000000070aa00000, 0x000000070ac00000|  0%| F|  |TAMS 0x000000070aa00000| PB 0x000000070aa00000| Untracked 
|  41|0x000000070ac00000, 0x000000070ac00000, 0x000000070ae00000|  0%| F|  |TAMS 0x000000070ac00000| PB 0x000000070ac00000| Untracked 
|  42|0x000000070ae00000, 0x000000070ae00000, 0x000000070b000000|  0%| F|  |TAMS 0x000000070ae00000| PB 0x000000070ae00000| Untracked 
|  43|0x000000070b000000, 0x000000070b000000, 0x000000070b200000|  0%| F|  |TAMS 0x000000070b000000| PB 0x000000070b000000| Untracked 
|  44|0x000000070b200000, 0x000000070b200000, 0x000000070b400000|  0%| F|  |TAMS 0x000000070b200000| PB 0x000000070b200000| Untracked 
|  45|0x000000070b400000, 0x000000070b400000, 0x000000070b600000|  0%| F|  |TAMS 0x000000070b400000| PB 0x000000070b400000| Untracked 
|  46|0x000000070b600000, 0x000000070b600000, 0x000000070b800000|  0%| F|  |TAMS 0x000000070b600000| PB 0x000000070b600000| Untracked 
|  47|0x000000070b800000, 0x000000070b800000, 0x000000070ba00000|  0%| F|  |TAMS 0x000000070b800000| PB 0x000000070b800000| Untracked 
|  48|0x000000070ba00000, 0x000000070ba00000, 0x000000070bc00000|  0%| F|  |TAMS 0x000000070ba00000| PB 0x000000070ba00000| Untracked 
|  49|0x000000070bc00000, 0x000000070bc00000, 0x000000070be00000|  0%| F|  |TAMS 0x000000070bc00000| PB 0x000000070bc00000| Untracked 
|  50|0x000000070be00000, 0x000000070be00000, 0x000000070c000000|  0%| F|  |TAMS 0x000000070be00000| PB 0x000000070be00000| Untracked 
|  51|0x000000070c000000, 0x000000070c000000, 0x000000070c200000|  0%| F|  |TAMS 0x000000070c000000| PB 0x000000070c000000| Untracked 
|  52|0x000000070c200000, 0x000000070c200000, 0x000000070c400000|  0%| F|  |TAMS 0x000000070c200000| PB 0x000000070c200000| Untracked 
|  53|0x000000070c400000, 0x000000070c400000, 0x000000070c600000|  0%| F|  |TAMS 0x000000070c400000| PB 0x000000070c400000| Untracked 
|  54|0x000000070c600000, 0x000000070c600000, 0x000000070c800000|  0%| F|  |TAMS 0x000000070c600000| PB 0x000000070c600000| Untracked 
|  55|0x000000070c800000, 0x000000070c800000, 0x000000070ca00000|  0%| F|  |TAMS 0x000000070c800000| PB 0x000000070c800000| Untracked 
|  56|0x000000070ca00000, 0x000000070ca00000, 0x000000070cc00000|  0%| F|  |TAMS 0x000000070ca00000| PB 0x000000070ca00000| Untracked 
|  57|0x000000070cc00000, 0x000000070cc00000, 0x000000070ce00000|  0%| F|  |TAMS 0x000000070cc00000| PB 0x000000070cc00000| Untracked 
|  58|0x000000070ce00000, 0x000000070ce00000, 0x000000070d000000|  0%| F|  |TAMS 0x000000070ce00000| PB 0x000000070ce00000| Untracked 
|  59|0x000000070d000000, 0x000000070d000000, 0x000000070d200000|  0%| F|  |TAMS 0x000000070d000000| PB 0x000000070d000000| Untracked 
|  60|0x000000070d200000, 0x000000070d200000, 0x000000070d400000|  0%| F|  |TAMS 0x000000070d200000| PB 0x000000070d200000| Untracked 
|  61|0x000000070d400000, 0x000000070d400000, 0x000000070d600000|  0%| F|  |TAMS 0x000000070d400000| PB 0x000000070d400000| Untracked 
|  62|0x000000070d600000, 0x000000070d600000, 0x000000070d800000|  0%| F|  |TAMS 0x000000070d600000| PB 0x000000070d600000| Untracked 
|  63|0x000000070d800000, 0x000000070d800000, 0x000000070da00000|  0%| F|  |TAMS 0x000000070d800000| PB 0x000000070d800000| Untracked 
|  64|0x000000070da00000, 0x000000070da00000, 0x000000070dc00000|  0%| F|  |TAMS 0x000000070da00000| PB 0x000000070da00000| Untracked 
|  65|0x000000070dc00000, 0x000000070dc00000, 0x000000070de00000|  0%| F|  |TAMS 0x000000070dc00000| PB 0x000000070dc00000| Untracked 
|  66|0x000000070de00000, 0x000000070de00000, 0x000000070e000000|  0%| F|  |TAMS 0x000000070de00000| PB 0x000000070de00000| Untracked 
|  67|0x000000070e000000, 0x000000070e000000, 0x000000070e200000|  0%| F|  |TAMS 0x000000070e000000| PB 0x000000070e000000| Untracked 
|  68|0x000000070e200000, 0x000000070e200000, 0x000000070e400000|  0%| F|  |TAMS 0x000000070e200000| PB 0x000000070e200000| Untracked 
|  69|0x000000070e400000, 0x000000070e400000, 0x000000070e600000|  0%| F|  |TAMS 0x000000070e400000| PB 0x000000070e400000| Untracked 
|  70|0x000000070e600000, 0x000000070e600000, 0x000000070e800000|  0%| F|  |TAMS 0x000000070e600000| PB 0x000000070e600000| Untracked 
|  71|0x000000070e800000, 0x000000070e800000, 0x000000070ea00000|  0%| F|  |TAMS 0x000000070e800000| PB 0x000000070e800000| Untracked 
|  72|0x000000070ea00000, 0x000000070ea00000, 0x000000070ec00000|  0%| F|  |TAMS 0x000000070ea00000| PB 0x000000070ea00000| Untracked 
|  73|0x000000070ec00000, 0x000000070ec00000, 0x000000070ee00000|  0%| F|  |TAMS 0x000000070ec00000| PB 0x000000070ec00000| Untracked 
|  74|0x000000070ee00000, 0x000000070ee00000, 0x000000070f000000|  0%| F|  |TAMS 0x000000070ee00000| PB 0x000000070ee00000| Untracked 
|  75|0x000000070f000000, 0x000000070f000000, 0x000000070f200000|  0%| F|  |TAMS 0x000000070f000000| PB 0x000000070f000000| Untracked 
|  76|0x000000070f200000, 0x000000070f200000, 0x000000070f400000|  0%| F|  |TAMS 0x000000070f200000| PB 0x000000070f200000| Untracked 
|  77|0x000000070f400000, 0x000000070f400000, 0x000000070f600000|  0%| F|  |TAMS 0x000000070f400000| PB 0x000000070f400000| Untracked 
|  78|0x000000070f600000, 0x000000070f600000, 0x000000070f800000|  0%| F|  |TAMS 0x000000070f600000| PB 0x000000070f600000| Untracked 
|  79|0x000000070f800000, 0x000000070f800000, 0x000000070fa00000|  0%| F|  |TAMS 0x000000070f800000| PB 0x000000070f800000| Untracked 
|  80|0x000000070fa00000, 0x000000070fa00000, 0x000000070fc00000|  0%| F|  |TAMS 0x000000070fa00000| PB 0x000000070fa00000| Untracked 
|  81|0x000000070fc00000, 0x000000070fc00000, 0x000000070fe00000|  0%| F|  |TAMS 0x000000070fc00000| PB 0x000000070fc00000| Untracked 
|  82|0x000000070fe00000, 0x000000070fe00000, 0x0000000710000000|  0%| F|  |TAMS 0x000000070fe00000| PB 0x000000070fe00000| Untracked 
|  83|0x0000000710000000, 0x0000000710000000, 0x0000000710200000|  0%| F|  |TAMS 0x0000000710000000| PB 0x0000000710000000| Untracked 
|  84|0x0000000710200000, 0x0000000710200000, 0x0000000710400000|  0%| F|  |TAMS 0x0000000710200000| PB 0x0000000710200000| Untracked 
|  85|0x0000000710400000, 0x0000000710400000, 0x0000000710600000|  0%| F|  |TAMS 0x0000000710400000| PB 0x0000000710400000| Untracked 
|  86|0x0000000710600000, 0x0000000710600000, 0x0000000710800000|  0%| F|  |TAMS 0x0000000710600000| PB 0x0000000710600000| Untracked 
|  87|0x0000000710800000, 0x0000000710800000, 0x0000000710a00000|  0%| F|  |TAMS 0x0000000710800000| PB 0x0000000710800000| Untracked 
|  88|0x0000000710a00000, 0x0000000710a00000, 0x0000000710c00000|  0%| F|  |TAMS 0x0000000710a00000| PB 0x0000000710a00000| Untracked 
|  89|0x0000000710c00000, 0x0000000710c00000, 0x0000000710e00000|  0%| F|  |TAMS 0x0000000710c00000| PB 0x0000000710c00000| Untracked 
|  90|0x0000000710e00000, 0x0000000710e00000, 0x0000000711000000|  0%| F|  |TAMS 0x0000000710e00000| PB 0x0000000710e00000| Untracked 
|  91|0x0000000711000000, 0x0000000711000000, 0x0000000711200000|  0%| F|  |TAMS 0x0000000711000000| PB 0x0000000711000000| Untracked 
|  92|0x0000000711200000, 0x0000000711200000, 0x0000000711400000|  0%| F|  |TAMS 0x0000000711200000| PB 0x0000000711200000| Untracked 
|  93|0x0000000711400000, 0x0000000711400000, 0x0000000711600000|  0%| F|  |TAMS 0x0000000711400000| PB 0x0000000711400000| Untracked 
|  94|0x0000000711600000, 0x0000000711600000, 0x0000000711800000|  0%| F|  |TAMS 0x0000000711600000| PB 0x0000000711600000| Untracked 
|  95|0x0000000711800000, 0x0000000711800000, 0x0000000711a00000|  0%| F|  |TAMS 0x0000000711800000| PB 0x0000000711800000| Untracked 
|  96|0x0000000711a00000, 0x0000000711a00000, 0x0000000711c00000|  0%| F|  |TAMS 0x0000000711a00000| PB 0x0000000711a00000| Untracked 
|  97|0x0000000711c00000, 0x0000000711c00000, 0x0000000711e00000|  0%| F|  |TAMS 0x0000000711c00000| PB 0x0000000711c00000| Untracked 
|  98|0x0000000711e00000, 0x0000000711e00000, 0x0000000712000000|  0%| F|  |TAMS 0x0000000711e00000| PB 0x0000000711e00000| Untracked 
|  99|0x0000000712000000, 0x0000000712000000, 0x0000000712200000|  0%| F|  |TAMS 0x0000000712000000| PB 0x0000000712000000| Untracked 
| 100|0x0000000712200000, 0x0000000712200000, 0x0000000712400000|  0%| F|  |TAMS 0x0000000712200000| PB 0x0000000712200000| Untracked 
| 101|0x0000000712400000, 0x0000000712400000, 0x0000000712600000|  0%| F|  |TAMS 0x0000000712400000| PB 0x0000000712400000| Untracked 
| 102|0x0000000712600000, 0x0000000712600000, 0x0000000712800000|  0%| F|  |TAMS 0x0000000712600000| PB 0x0000000712600000| Untracked 
| 103|0x0000000712800000, 0x0000000712800000, 0x0000000712a00000|  0%| F|  |TAMS 0x0000000712800000| PB 0x0000000712800000| Untracked 
| 104|0x0000000712a00000, 0x0000000712a00000, 0x0000000712c00000|  0%| F|  |TAMS 0x0000000712a00000| PB 0x0000000712a00000| Untracked 
| 105|0x0000000712c00000, 0x0000000712c00000, 0x0000000712e00000|  0%| F|  |TAMS 0x0000000712c00000| PB 0x0000000712c00000| Untracked 
| 106|0x0000000712e00000, 0x0000000712e00000, 0x0000000713000000|  0%| F|  |TAMS 0x0000000712e00000| PB 0x0000000712e00000| Untracked 
| 107|0x0000000713000000, 0x0000000713000000, 0x0000000713200000|  0%| F|  |TAMS 0x0000000713000000| PB 0x0000000713000000| Untracked 
| 108|0x0000000713200000, 0x0000000713200000, 0x0000000713400000|  0%| F|  |TAMS 0x0000000713200000| PB 0x0000000713200000| Untracked 
| 109|0x0000000713400000, 0x0000000713400000, 0x0000000713600000|  0%| F|  |TAMS 0x0000000713400000| PB 0x0000000713400000| Untracked 
| 110|0x0000000713600000, 0x0000000713600000, 0x0000000713800000|  0%| F|  |TAMS 0x0000000713600000| PB 0x0000000713600000| Untracked 
| 111|0x0000000713800000, 0x0000000713800000, 0x0000000713a00000|  0%| F|  |TAMS 0x0000000713800000| PB 0x0000000713800000| Untracked 
| 112|0x0000000713a00000, 0x0000000713a00000, 0x0000000713c00000|  0%| F|  |TAMS 0x0000000713a00000| PB 0x0000000713a00000| Untracked 
| 113|0x0000000713c00000, 0x0000000713c00000, 0x0000000713e00000|  0%| F|  |TAMS 0x0000000713c00000| PB 0x0000000713c00000| Untracked 
| 114|0x0000000713e00000, 0x0000000713e00000, 0x0000000714000000|  0%| F|  |TAMS 0x0000000713e00000| PB 0x0000000713e00000| Untracked 
| 115|0x0000000714000000, 0x000000071404f0d8, 0x0000000714200000| 15%| E|  |TAMS 0x0000000714000000| PB 0x0000000714000000| Complete 
| 116|0x0000000714200000, 0x00000007142afbd0, 0x0000000714400000| 34%| S|CS|TAMS 0x0000000714200000| PB 0x0000000714200000| Complete 
| 117|0x0000000714400000, 0x0000000714600000, 0x0000000714600000|100%| S|CS|TAMS 0x0000000714400000| PB 0x0000000714400000| Complete 
| 118|0x0000000714600000, 0x0000000714800000, 0x0000000714800000|100%| E|CS|TAMS 0x0000000714600000| PB 0x0000000714600000| Complete 
| 119|0x0000000714800000, 0x0000000714a00000, 0x0000000714a00000|100%| E|CS|TAMS 0x0000000714800000| PB 0x0000000714800000| Complete 
| 120|0x0000000714a00000, 0x0000000714c00000, 0x0000000714c00000|100%| E|CS|TAMS 0x0000000714a00000| PB 0x0000000714a00000| Complete 
| 121|0x0000000714c00000, 0x0000000714e00000, 0x0000000714e00000|100%| E|CS|TAMS 0x0000000714c00000| PB 0x0000000714c00000| Complete 
| 122|0x0000000714e00000, 0x0000000715000000, 0x0000000715000000|100%| E|CS|TAMS 0x0000000714e00000| PB 0x0000000714e00000| Complete 
| 123|0x0000000715000000, 0x0000000715200000, 0x0000000715200000|100%| E|CS|TAMS 0x0000000715000000| PB 0x0000000715000000| Complete 
| 124|0x0000000715200000, 0x0000000715400000, 0x0000000715400000|100%| E|CS|TAMS 0x0000000715200000| PB 0x0000000715200000| Complete 
| 125|0x0000000715400000, 0x0000000715600000, 0x0000000715600000|100%| E|CS|TAMS 0x0000000715400000| PB 0x0000000715400000| Complete 

Card table byte_map: [0x0000029f43a50000,0x0000029f44230000] _byte_map_base: 0x0000029f40223000

Marking Bits: (CMBitMap*) 0x0000029f2b94b990
 Bits: [0x0000029f44230000, 0x0000029f480c8000)

Polling page: 0x0000029f29860000

Metaspace:

Usage:
  Non-class:      8.64 MB used.
      Class:      1.16 MB used.
       Both:      9.81 MB used.

Virtual space:
  Non-class space:       64.00 MB reserved,       8.75 MB ( 14%) committed,  1 nodes.
      Class space:        1.00 GB reserved,       1.25 MB ( <1%) committed,  1 nodes.
             Both:        1.06 GB reserved,      10.00 MB ( <1%) committed. 

Chunk freelists:
   Non-Class:  6.88 MB
       Class:  14.69 MB
        Both:  21.57 MB

MaxMetaspaceSize: unlimited
CompressedClassSpaceSize: 1.00 GB
Initial GC threshold: 21.00 MB
Current GC threshold: 21.00 MB
CDS: on
 - commit_granule_bytes: 65536.
 - commit_granule_words: 8192.
 - virtual_space_node_default_size: 8388608.
 - enlarge_chunks_in_place: 1.
 - use_allocation_guard: 0.


Internal statistics:

num_allocs_failed_limit: 0.
num_arena_births: 264.
num_arena_deaths: 0.
num_vsnodes_births: 2.
num_vsnodes_deaths: 0.
num_space_committed: 160.
num_space_uncommitted: 0.
num_chunks_returned_to_freelist: 0.
num_chunks_taken_from_freelist: 594.
num_chunk_merges: 0.
num_chunk_splits: 332.
num_chunks_enlarged: 172.
num_inconsistent_stats: 0.

CodeHeap 'non-profiled nmethods': size=120000Kb used=787Kb max_used=787Kb free=119212Kb
 bounds [0x0000029f3b7f0000, 0x0000029f3ba60000, 0x0000029f42d20000]
CodeHeap 'profiled nmethods': size=120000Kb used=3418Kb max_used=3418Kb free=116581Kb
 bounds [0x0000029f33d20000, 0x0000029f34080000, 0x0000029f3b250000]
CodeHeap 'non-nmethods': size=5760Kb used=1399Kb max_used=1414Kb free=4360Kb
 bounds [0x0000029f3b250000, 0x0000029f3b4c0000, 0x0000029f3b7f0000]
 total_blobs=2350 nmethods=1857 adapters=397
 compilation: enabled
              stopped_count=0, restarted_count=0
 full_count=0

Compilation events (20 events):
Event: 1.934 Thread 0x0000029f4ad56a60 nmethod 1820 0x0000029f3405e790 code [0x0000029f3405e940, 0x0000029f3405eb48]
Event: 1.934 Thread 0x0000029f4ad56a60 1816       3       java.time.Instant::<init> (15 bytes)
Event: 1.934 Thread 0x0000029f4ad56a60 nmethod 1816 0x0000029f3405ec90 code [0x0000029f3405ee40, 0x0000029f3405efb0]
Event: 1.934 Thread 0x0000029f4ad56a60 1817       3       java.time.Instant::ofEpochSecond (31 bytes)
Event: 1.934 Thread 0x0000029f4ad56a60 nmethod 1817 0x0000029f3405f090 code [0x0000029f3405f260, 0x0000029f3405f450]
Event: 1.935 Thread 0x0000029f4ad56a60 1823       3       org.springframework.boot.context.properties.source.SpringIterableConfigurationPropertySource$Mappings::updateMappings (261 bytes)
Event: 1.938 Thread 0x0000029f4ad56a60 nmethod 1823 0x0000029f3405f590 code [0x0000029f3405f9c0, 0x0000029f34061aa8]
Event: 1.938 Thread 0x0000029f4ad56a60 1825       3       org.springframework.boot.context.properties.source.ConfigurationPropertyName$ElementsParser::isNumeric (18 bytes)
Event: 1.938 Thread 0x0000029f4ad56a60 nmethod 1825 0x0000029f34062610 code [0x0000029f340627a0, 0x0000029f34062920]
Event: 1.938 Thread 0x0000029f4ad56a60 1821       3       java.util.AbstractCollection::isEmpty (13 bytes)
Event: 1.939 Thread 0x0000029f4ad56a60 nmethod 1821 0x0000029f34062990 code [0x0000029f34062b40, 0x0000029f34062d68]
Event: 1.939 Thread 0x0000029f4ad56a60 1824       3       org.springframework.boot.context.properties.source.ConfigurationPropertyName::equals (86 bytes)
Event: 1.940 Thread 0x0000029f4ad56a60 nmethod 1824 0x0000029f34062e10 code [0x0000029f340630a0, 0x0000029f34063ac8]
Event: 1.940 Thread 0x0000029f4ad56a60 1818       3       java.time.Instant::create (49 bytes)
Event: 1.941 Thread 0x0000029f4ad56a60 nmethod 1818 0x0000029f34063e10 code [0x0000029f34063fe0, 0x0000029f340643d8]
Event: 1.941 Thread 0x0000029f4ad56a60 1826       3       org.springframework.util.StringUtils::toStringArray (26 bytes)
Event: 1.941 Thread 0x0000029f4ad56a60 nmethod 1826 0x0000029f34064510 code [0x0000029f34064700, 0x0000029f34064c00]
Event: 1.942 Thread 0x0000029f4ad56a60 1822       3       org.springframework.boot.context.properties.source.SpringIterableConfigurationPropertySource$$Lambda/0x0000029f4c106f18::get (8 bytes)
Event: 1.942 Thread 0x0000029f4ad56a60 nmethod 1822 0x0000029f34064d90 code [0x0000029f34064f40, 0x0000029f34065120]
Event: 1.942 Thread 0x0000029f4ad56a60 1827       1       java.lang.invoke.MethodHandleImpl$IntrinsicMethodHandle::getTarget (5 bytes)

GC Heap History (4 events):
Event: 0.683 GC heap before
{Heap before GC invocations=0 (full 0):
 garbage-first heap   total 258048K, used 20480K [0x0000000705a00000, 0x0000000800000000)
  region size 2048K, 11 young (22528K), 0 survivors (0K)
 Metaspace       used 3068K, committed 3264K, reserved 1114112K
  class space    used 303K, committed 448K, reserved 1048576K
}
Event: 0.692 GC heap after
{Heap after GC invocations=1 (full 0):
 garbage-first heap   total 258048K, used 10447K [0x0000000705a00000, 0x0000000800000000)
  region size 2048K, 2 young (4096K), 2 survivors (4096K)
 Metaspace       used 3068K, committed 3264K, reserved 1114112K
  class space    used 303K, committed 448K, reserved 1048576K
}
Event: 1.118 GC heap before
{Heap before GC invocations=1 (full 0):
 garbage-first heap   total 258048K, used 24783K [0x0000000705a00000, 0x0000000800000000)
  region size 2048K, 10 young (20480K), 2 survivors (4096K)
 Metaspace       used 6003K, committed 6208K, reserved 1114112K
  class space    used 645K, committed 768K, reserved 1048576K
}
Event: 1.125 GC heap after
{Heap after GC invocations=2 (full 0):
 garbage-first heap   total 258048K, used 12630K [0x0000000705a00000, 0x0000000800000000)
  region size 2048K, 2 young (4096K), 2 survivors (4096K)
 Metaspace       used 6003K, committed 6208K, reserved 1114112K
  class space    used 645K, committed 768K, reserved 1048576K
}

Dll operation events (6 events):
Event: 0.011 Loaded shared library C:\Program Files\Java\jdk-21\bin\java.dll
Event: 0.058 Loaded shared library C:\Program Files\Java\jdk-21\bin\jsvml.dll
Event: 0.193 Loaded shared library C:\Program Files\Java\jdk-21\bin\net.dll
Event: 0.196 Loaded shared library C:\Program Files\Java\jdk-21\bin\nio.dll
Event: 0.201 Loaded shared library C:\Program Files\Java\jdk-21\bin\zip.dll
Event: 0.403 Loaded shared library C:\Program Files\Java\jdk-21\bin\jimage.dll

Deoptimization events (20 events):
Event: 1.734 Thread 0x0000029f29603160 Uncommon trap: trap_request=0xffffffc6 fr.pc=0x0000029f3b887500 relative=0x0000000000000a20
Event: 1.734 Thread 0x0000029f29603160 Uncommon trap: reason=bimorphic_or_optimized_type_check action=maybe_recompile pc=0x0000029f3b887500 method=java.util.HashMap.putVal(ILjava/lang/Object;Ljava/lang/Object;ZZ)Ljava/lang/Object; @ 91 c2
Event: 1.734 Thread 0x0000029f29603160 DEOPT PACKING pc=0x0000029f3b887500 sp=0x000000d346dfda00
Event: 1.734 Thread 0x0000029f29603160 DEOPT UNPACKING pc=0x0000029f3b2a46a2 sp=0x000000d346dfd9a0 mode 2
Event: 1.921 Thread 0x0000029f29603160 Uncommon trap: trap_request=0xffffffd6 fr.pc=0x0000029f3b8b07dc relative=0x0000000000000d1c
Event: 1.921 Thread 0x0000029f29603160 Uncommon trap: reason=array_check action=maybe_recompile pc=0x0000029f3b8b07dc method=org.springframework.boot.context.properties.source.ConfigurationPropertyName.getElement(ILorg/springframework/boot/context/properties/source/ConfigurationPropertyName$Fo
Event: 1.921 Thread 0x0000029f29603160 DEOPT PACKING pc=0x0000029f3b8b07dc sp=0x000000d346dfdc60
Event: 1.922 Thread 0x0000029f29603160 DEOPT UNPACKING pc=0x0000029f3b2a46a2 sp=0x000000d346dfdc28 mode 2
Event: 1.922 Thread 0x0000029f29603160 Uncommon trap: trap_request=0xffffffd6 fr.pc=0x0000029f3b8b07dc relative=0x0000000000000d1c
Event: 1.922 Thread 0x0000029f29603160 Uncommon trap: reason=array_check action=maybe_recompile pc=0x0000029f3b8b07dc method=org.springframework.boot.context.properties.source.ConfigurationPropertyName.getElement(ILorg/springframework/boot/context/properties/source/ConfigurationPropertyName$Fo
Event: 1.922 Thread 0x0000029f29603160 DEOPT PACKING pc=0x0000029f3b8b07dc sp=0x000000d346dfdc60
Event: 1.922 Thread 0x0000029f29603160 DEOPT UNPACKING pc=0x0000029f3b2a46a2 sp=0x000000d346dfdc28 mode 2
Event: 1.922 Thread 0x0000029f29603160 Uncommon trap: trap_request=0xffffffd6 fr.pc=0x0000029f3b8b07dc relative=0x0000000000000d1c
Event: 1.922 Thread 0x0000029f29603160 Uncommon trap: reason=array_check action=maybe_recompile pc=0x0000029f3b8b07dc method=org.springframework.boot.context.properties.source.ConfigurationPropertyName.getElement(ILorg/springframework/boot/context/properties/source/ConfigurationPropertyName$Fo
Event: 1.922 Thread 0x0000029f29603160 DEOPT PACKING pc=0x0000029f3b8b07dc sp=0x000000d346dfdc60
Event: 1.922 Thread 0x0000029f29603160 DEOPT UNPACKING pc=0x0000029f3b2a46a2 sp=0x000000d346dfdc28 mode 2
Event: 1.922 Thread 0x0000029f29603160 Uncommon trap: trap_request=0xffffffd6 fr.pc=0x0000029f3b8b07dc relative=0x0000000000000d1c
Event: 1.922 Thread 0x0000029f29603160 Uncommon trap: reason=array_check action=maybe_recompile pc=0x0000029f3b8b07dc method=org.springframework.boot.context.properties.source.ConfigurationPropertyName.getElement(ILorg/springframework/boot/context/properties/source/ConfigurationPropertyName$Fo
Event: 1.922 Thread 0x0000029f29603160 DEOPT PACKING pc=0x0000029f3b8b07dc sp=0x000000d346dfdc60
Event: 1.922 Thread 0x0000029f29603160 DEOPT UNPACKING pc=0x0000029f3b2a46a2 sp=0x000000d346dfdc28 mode 2

Classes loaded (20 events):
Event: 1.905 Loading class java/net/spi/InetAddressResolverProvider
Event: 1.905 Loading class java/net/spi/InetAddressResolverProvider done
Event: 1.913 Loading class java/util/concurrent/ConcurrentSkipListMap$KeySet
Event: 1.913 Loading class java/util/concurrent/ConcurrentSkipListMap$KeySet done
Event: 1.913 Loading class java/util/concurrent/ConcurrentSkipListMap$KeyIterator
Event: 1.913 Loading class java/util/concurrent/ConcurrentSkipListMap$Iter
Event: 1.913 Loading class java/util/concurrent/ConcurrentSkipListMap$Iter done
Event: 1.913 Loading class java/util/concurrent/ConcurrentSkipListMap$KeyIterator done
Event: 1.913 Loading class java/net/InetAddress$NameServiceAddresses
Event: 1.913 Loading class java/net/InetAddress$Addresses
Event: 1.913 Loading class java/net/InetAddress$Addresses done
Event: 1.913 Loading class java/net/InetAddress$NameServiceAddresses done
Event: 1.919 Loading class sun/net/InetAddressCachePolicy
Event: 1.919 Loading class sun/net/InetAddressCachePolicy done
Event: 1.919 Loading class sun/net/InetAddressCachePolicy$1
Event: 1.919 Loading class sun/net/InetAddressCachePolicy$1 done
Event: 1.920 Loading class java/net/InetAddress$CachedLookup
Event: 1.920 Loading class java/net/InetAddress$CachedLookup done
Event: 1.920 Loading class java/util/concurrent/atomic/Striped64$1
Event: 1.920 Loading class java/util/concurrent/atomic/Striped64$1 done

Classes unloaded (0 events):
No events

Classes redefined (0 events):
No events

Internal exceptions (20 events):
Event: 1.466 Thread 0x0000029f29603160 Exception <a 'java/lang/NoSuchMethodError'{0x0000000714ea87a0}: 'int java.lang.invoke.DirectMethodHandle$Holder.invokeStatic(java.lang.Object, java.lang.Object, java.lang.Object, java.lang.Object)'> (0x0000000714ea87a0) 
thrown [s\open\src\hotspot\share\interpreter\linkResolver.cpp, line 773]
Event: 1.532 Thread 0x0000029f29603160 Exception <a 'java/lang/NoSuchMethodError'{0x0000000714c55868}: 'java.lang.Object java.lang.invoke.DirectMethodHandle$Holder.newInvokeSpecial(java.lang.Object, java.lang.Object, java.lang.Object, java.lang.Object, java.lang.Object, java.lang.Object, java.lang.Object)'> (0x0000000714c55868) 
thrown [s\open\src\hotspot\share\interpreter\linkResolver.cpp, line 773]
Event: 1.536 Thread 0x0000029f29603160 Exception <a 'java/lang/NoSuchMethodError'{0x0000000714c6eba8}: 'void java.lang.invoke.DirectMethodHandle$Holder.invokeStaticInit(java.lang.Object, java.lang.Object)'> (0x0000000714c6eba8) 
thrown [s\open\src\hotspot\share\interpreter\linkResolver.cpp, line 773]
Event: 1.557 Thread 0x0000029f29603160 Exception <a 'java/lang/NoSuchMethodError'{0x0000000714cd7e28}: 'java.lang.Object java.lang.invoke.Invokers$Holder.invokeExact_MT(java.lang.Object, java.lang.Object, java.lang.Object, java.lang.Object, java.lang.Object)'> (0x0000000714cd7e28) 
thrown [s\open\src\hotspot\share\interpreter\linkResolver.cpp, line 773]
Event: 1.687 Thread 0x0000029f29603160 Exception <a 'java/lang/NoSuchMethodError'{0x0000000714a910d8}: 'java.lang.Object java.lang.invoke.DirectMethodHandle$Holder.invokeSpecial(java.lang.Object, java.lang.Object, java.lang.Object, java.lang.Object, java.lang.Object, java.lang.Object, int)'> (0x0000000714a910d8) 
thrown [s\open\src\hotspot\share\interpreter\linkResolver.cpp, line 773]
Event: 1.690 Thread 0x0000029f29603160 Exception <a 'java/lang/NoSuchMethodError'{0x0000000714a9a5e0}: 'java.lang.Object java.lang.invoke.DirectMethodHandle$Holder.newInvokeSpecial(java.lang.Object, java.lang.Object, java.lang.Object, java.lang.Object, java.lang.Object, java.lang.Object, int)'> (0x0000000714a9a5e0) 
thrown [s\open\src\hotspot\share\interpreter\linkResolver.cpp, line 773]
Event: 1.691 Thread 0x0000029f29603160 Exception <a 'java/lang/NoSuchMethodError'{0x0000000714a9eb90}: 'java.lang.Object java.lang.invoke.DirectMethodHandle$Holder.invokeSpecial(java.lang.Object, java.lang.Object, java.lang.Object, java.lang.Object, java.lang.Object, java.lang.Object, java.lang.Object, int)'> (0x0000000714a9eb90) 
thrown [s\open\src\hotspot\share\interpreter\linkResolver.cpp, line 773]
Event: 1.735 Thread 0x0000029f29603160 Exception <a 'java/lang/NoSuchMethodError'{0x0000000714b6fa88}: 'int java.lang.invoke.DirectMethodHandle$Holder.invokeInterface(java.lang.Object, java.lang.Object)'> (0x0000000714b6fa88) 
thrown [s\open\src\hotspot\share\interpreter\linkResolver.cpp, line 773]
Event: 1.743 Thread 0x0000029f29603160 Exception <a 'java/lang/NoSuchMethodError'{0x0000000714b90860}: 'void java.lang.invoke.DirectMethodHandle$Holder.invokeSpecial(java.lang.Object, java.lang.Object, java.lang.Object, java.lang.Object, java.lang.Object)'> (0x0000000714b90860) 
thrown [s\open\src\hotspot\share\interpreter\linkResolver.cpp, line 773]
Event: 1.760 Thread 0x0000029f29603160 Exception <a 'java/lang/NoSuchMethodError'{0x0000000714bd9710}: 'int java.lang.invoke.DirectMethodHandle$Holder.invokeVirtual(java.lang.Object, java.lang.Object)'> (0x0000000714bd9710) 
thrown [s\open\src\hotspot\share\interpreter\linkResolver.cpp, line 773]
Event: 1.799 Thread 0x0000029f29603160 Exception <a 'java/lang/NoSuchMethodError'{0x00000007148751f8}: 'java.lang.Object java.lang.invoke.DirectMethodHandle$Holder.invokeSpecial(java.lang.Object, java.lang.Object, java.lang.Object, int, java.lang.Object)'> (0x00000007148751f8) 
thrown [s\open\src\hotspot\share\interpreter\linkResolver.cpp, line 773]
Event: 1.800 Thread 0x0000029f29603160 Exception <a 'java/lang/NoSuchMethodError'{0x000000071487cae8}: 'java.lang.Object java.lang.invoke.DirectMethodHandle$Holder.newInvokeSpecial(java.lang.Object, java.lang.Object, java.lang.Object, int, java.lang.Object)'> (0x000000071487cae8) 
thrown [s\open\src\hotspot\share\interpreter\linkResolver.cpp, line 773]
Event: 1.801 Thread 0x0000029f29603160 Exception <a 'java/lang/NoSuchMethodError'{0x0000000714883fa0}: 'java.lang.Object java.lang.invoke.Invokers$Holder.linkToTargetMethod(java.lang.Object, java.lang.Object, int, java.lang.Object, java.lang.Object)'> (0x0000000714883fa0) 
thrown [s\open\src\hotspot\share\interpreter\linkResolver.cpp, line 773]
Event: 1.804 Thread 0x0000029f29603160 Exception <a 'java/lang/NoSuchMethodError'{0x00000007148915d8}: 'java.lang.Object java.lang.invoke.DirectMethodHandle$Holder.newInvokeSpecial(java.lang.Object, int, java.lang.Object)'> (0x00000007148915d8) 
thrown [s\open\src\hotspot\share\interpreter\linkResolver.cpp, line 773]
Event: 1.804 Thread 0x0000029f29603160 Exception <a 'java/lang/NoSuchMethodError'{0x0000000714896238}: 'int java.lang.invoke.DirectMethodHandle$Holder.invokeSpecialIFC(java.lang.Object, java.lang.Object, java.lang.Object, java.lang.Object)'> (0x0000000714896238) 
thrown [s\open\src\hotspot\share\interpreter\linkResolver.cpp, line 773]
Event: 1.831 Thread 0x0000029f29603160 Exception <a 'java/lang/NoSuchMethodError'{0x0000000714995570}: 'void java.lang.invoke.DirectMethodHandle$Holder.invokeInterface(java.lang.Object, java.lang.Object, java.lang.Object)'> (0x0000000714995570) 
thrown [s\open\src\hotspot\share\interpreter\linkResolver.cpp, line 773]
Event: 1.864 Thread 0x0000029f29603160 Exception <a 'java/lang/NoSuchMethodError'{0x000000071462b438}: 'java.lang.reflect.Field[] java.lang.Class.getDeclaredFields(java.lang.Class)'> (0x000000071462b438) 
thrown [s\open\src\hotspot\share\interpreter\linkResolver.cpp, line 773]
Event: 1.866 Thread 0x0000029f29603160 Exception <a 'java/lang/NoSuchMethodError'{0x000000071462ffe8}: 'java.lang.Object java.lang.invoke.DirectMethodHandle$Holder.invokeStatic(java.lang.Object, java.lang.Object, int)'> (0x000000071462ffe8) 
thrown [s\open\src\hotspot\share\interpreter\linkResolver.cpp, line 773]
Event: 1.868 Thread 0x0000029f29603160 Exception <a 'java/lang/NoSuchMethodError'{0x000000071463b168}: 'void java.lang.invoke.DelegatingMethodHandle$Holder.delegate(java.lang.Object, java.lang.Object, int, java.lang.Object)'> (0x000000071463b168) 
thrown [s\open\src\hotspot\share\interpreter\linkResolver.cpp, line 773]
Event: 1.925 Thread 0x0000029f29603160 Exception <a 'java/lang/NoSuchMethodError'{0x0000000714736738}: 'void java.lang.invoke.DirectMethodHandle$Holder.invokeSpecial(java.lang.Object, java.lang.Object, java.lang.Object)'> (0x0000000714736738) 
thrown [s\open\src\hotspot\share\interpreter\linkResolver.cpp, line 773]

ZGC Phase Switch (0 events):
No events

VM Operations (20 events):
Event: 0.682 Executing VM operation: G1CollectForAllocation (G1 Evacuation Pause)
Event: 0.692 Executing VM operation: G1CollectForAllocation (G1 Evacuation Pause) done
Event: 0.798 Executing VM operation: HandshakeAllThreads (Deoptimize)
Event: 0.798 Executing VM operation: HandshakeAllThreads (Deoptimize) done
Event: 1.073 Executing VM operation: HandshakeAllThreads (Deoptimize)
Event: 1.073 Executing VM operation: HandshakeAllThreads (Deoptimize) done
Event: 1.073 Executing VM operation: HandshakeAllThreads (Deoptimize)
Event: 1.073 Executing VM operation: HandshakeAllThreads (Deoptimize) done
Event: 1.118 Executing VM operation: G1CollectForAllocation (G1 Evacuation Pause)
Event: 1.125 Executing VM operation: G1CollectForAllocation (G1 Evacuation Pause) done
Event: 1.242 Executing VM operation: HandshakeAllThreads (Deoptimize)
Event: 1.242 Executing VM operation: HandshakeAllThreads (Deoptimize) done
Event: 1.755 Executing VM operation: HandshakeAllThreads (Deoptimize)
Event: 1.755 Executing VM operation: HandshakeAllThreads (Deoptimize) done
Event: 1.865 Executing VM operation: HandshakeAllThreads (Deoptimize)
Event: 1.865 Executing VM operation: HandshakeAllThreads (Deoptimize) done
Event: 1.879 Executing VM operation: ICBufferFull
Event: 1.879 Executing VM operation: ICBufferFull done
Event: 1.892 Executing VM operation: HandshakeAllThreads (Deoptimize)
Event: 1.892 Executing VM operation: HandshakeAllThreads (Deoptimize) done

Events (14 events):
Event: 0.037 Thread 0x0000029f29603160 Thread added: 0x0000029f29603160
Event: 0.055 Thread 0x0000029f4ad40520 Thread added: 0x0000029f4ad40520
Event: 0.055 Thread 0x0000029f4ad41240 Thread added: 0x0000029f4ad41240
Event: 0.055 Thread 0x0000029f4ad43550 Thread added: 0x0000029f4ad43550
Event: 0.055 Thread 0x0000029f4ad440e0 Thread added: 0x0000029f4ad440e0
Event: 0.055 Thread 0x0000029f4ad459c0 Thread added: 0x0000029f4ad459c0
Event: 0.056 Thread 0x0000029f4ad4e430 Thread added: 0x0000029f4ad4e430
Event: 0.056 Thread 0x0000029f90020090 Thread added: 0x0000029f90020090
Event: 0.056 Thread 0x0000029f4ad56a60 Thread added: 0x0000029f4ad56a60
Event: 0.182 Thread 0x0000029f90173640 Thread added: 0x0000029f90173640
Event: 0.186 Thread 0x0000029f90190770 Thread added: 0x0000029f90190770
Event: 0.236 Thread 0x0000029f4ad555f0 Thread added: 0x0000029f4ad555f0
Event: 1.905 Thread 0x0000029f9117eeb0 Thread added: 0x0000029f9117eeb0
Event: 1.921 Thread 0x0000029f9117eeb0 Thread exited: 0x0000029f9117eeb0


Dynamic libraries:
0x00007ff6059e0000 - 0x00007ff6059f0000 	C:\Program Files\Java\jdk-21\bin\java.exe
0x00007ffd79cf0000 - 0x00007ffd79f07000 	C:\WINDOWS\SYSTEM32\ntdll.dll
0x00007ffd77fe0000 - 0x00007ffd780a4000 	C:\WINDOWS\System32\KERNEL32.DLL
0x00007ffd77450000 - 0x00007ffd77822000 	C:\WINDOWS\System32\KERNELBASE.dll
0x00007ffd76fd0000 - 0x00007ffd770e1000 	C:\WINDOWS\System32\ucrtbase.dll
0x00007ffd5a4b0000 - 0x00007ffd5a4c9000 	C:\Program Files\Java\jdk-21\bin\jli.dll
0x00007ffcdaf20000 - 0x00007ffcdaf3b000 	C:\Program Files\Java\jdk-21\bin\VCRUNTIME140.dll
0x00007ffd77a10000 - 0x00007ffd77ac1000 	C:\WINDOWS\System32\ADVAPI32.dll
0x00007ffd780b0000 - 0x00007ffd78157000 	C:\WINDOWS\System32\msvcrt.dll
0x00007ffd79220000 - 0x00007ffd792c8000 	C:\WINDOWS\System32\sechost.dll
0x00007ffd770f0000 - 0x00007ffd77118000 	C:\WINDOWS\System32\bcrypt.dll
0x00007ffd77ae0000 - 0x00007ffd77bf4000 	C:\WINDOWS\System32\RPCRT4.dll
0x00007ffd79040000 - 0x00007ffd791f1000 	C:\WINDOWS\System32\USER32.dll
0x00007ffd565e0000 - 0x00007ffd5687b000 	C:\WINDOWS\WinSxS\amd64_microsoft.windows.common-controls_6595b64144ccf1df_6.0.22621.5547_none_27104afb73855772\COMCTL32.dll
0x00007ffd77830000 - 0x00007ffd77856000 	C:\WINDOWS\System32\win32u.dll
0x00007ffd79430000 - 0x00007ffd79459000 	C:\WINDOWS\System32\GDI32.dll
0x00007ffd76de0000 - 0x00007ffd76f03000 	C:\WINDOWS\System32\gdi32full.dll
0x00007ffd77860000 - 0x00007ffd778fa000 	C:\WINDOWS\System32\msvcp_win.dll
0x00007ffd6ab00000 - 0x00007ffd6ab0a000 	C:\WINDOWS\SYSTEM32\VERSION.dll
0x00007ffd77980000 - 0x00007ffd779b1000 	C:\WINDOWS\System32\IMM32.DLL
0x00007ffcdaf10000 - 0x00007ffcdaf1c000 	C:\Program Files\Java\jdk-21\bin\vcruntime140_1.dll
0x00007ffcc6db0000 - 0x00007ffcc6e3e000 	C:\Program Files\Java\jdk-21\bin\msvcp140.dll
0x00007ffcc5350000 - 0x00007ffcc6065000 	C:\Program Files\Java\jdk-21\bin\server\jvm.dll
0x00007ffd78f50000 - 0x00007ffd78fc1000 	C:\WINDOWS\System32\WS2_32.dll
0x00007ffd73210000 - 0x00007ffd73244000 	C:\WINDOWS\SYSTEM32\WINMM.dll
0x00007ffd76c00000 - 0x00007ffd76c4d000 	C:\WINDOWS\SYSTEM32\POWRPROF.dll
0x00007ffd76ae0000 - 0x00007ffd76af3000 	C:\WINDOWS\SYSTEM32\UMPDC.dll
0x00007ffd75dd0000 - 0x00007ffd75de8000 	C:\WINDOWS\SYSTEM32\kernel.appcore.dll
0x00007ffcdaea0000 - 0x00007ffcdaeaa000 	C:\Program Files\Java\jdk-21\bin\jimage.dll
0x00007ffd74360000 - 0x00007ffd74593000 	C:\WINDOWS\SYSTEM32\DBGHELP.DLL
0x00007ffd781e0000 - 0x00007ffd78573000 	C:\WINDOWS\System32\combase.dll
0x00007ffd77e70000 - 0x00007ffd77f47000 	C:\WINDOWS\System32\OLEAUT32.dll
0x00007ffd51910000 - 0x00007ffd51942000 	C:\WINDOWS\SYSTEM32\dbgcore.DLL
0x00007ffd773d0000 - 0x00007ffd7744b000 	C:\WINDOWS\System32\bcryptPrimitives.dll
0x00007ffcdaeb0000 - 0x00007ffcdaecf000 	C:\Program Files\Java\jdk-21\bin\java.dll
0x00007ffd78690000 - 0x00007ffd78f32000 	C:\WINDOWS\System32\SHELL32.dll
0x00007ffd77290000 - 0x00007ffd773cf000 	C:\WINDOWS\System32\wintypes.dll
0x00007ffd74bf0000 - 0x00007ffd7550d000 	C:\WINDOWS\SYSTEM32\windows.storage.dll
0x00007ffd78580000 - 0x00007ffd7868c000 	C:\WINDOWS\System32\SHCORE.dll
0x00007ffd78fd0000 - 0x00007ffd79039000 	C:\WINDOWS\System32\shlwapi.dll
0x00007ffd76d10000 - 0x00007ffd76d3b000 	C:\WINDOWS\SYSTEM32\profapi.dll
0x00007ffcdadc0000 - 0x00007ffcdae97000 	C:\Program Files\Java\jdk-21\bin\jsvml.dll
0x00007ffcdadb0000 - 0x00007ffcdadc0000 	C:\Program Files\Java\jdk-21\bin\net.dll
0x00007ffd72d10000 - 0x00007ffd72e3c000 	C:\WINDOWS\SYSTEM32\WINHTTP.dll
0x00007ffd76240000 - 0x00007ffd762a9000 	C:\WINDOWS\system32\mswsock.dll
0x00007ffcdad90000 - 0x00007ffcdada6000 	C:\Program Files\Java\jdk-21\bin\nio.dll
0x00007ffcdad70000 - 0x00007ffcdad88000 	C:\Program Files\Java\jdk-21\bin\zip.dll
0x00007ffd75660000 - 0x00007ffd7568d000 	C:\WINDOWS\SYSTEM32\IPHLPAPI.DLL
0x00007ffd78f40000 - 0x00007ffd78f49000 	C:\WINDOWS\System32\NSI.dll
0x00007ffd75690000 - 0x00007ffd75788000 	C:\WINDOWS\SYSTEM32\DNSAPI.dll
0x00007ffd71c00000 - 0x00007ffd71c0a000 	C:\Windows\System32\rasadhlp.dll
0x00007ffd72a60000 - 0x00007ffd72ae4000 	C:\WINDOWS\System32\fwpuclnt.dll

dbghelp: loaded successfully - version: 4.0.5 - missing functions: none
symbol engine: initialized successfully - sym options: 0x614 - pdb path: .;C:\Program Files\Java\jdk-21\bin;C:\WINDOWS\SYSTEM32;C:\WINDOWS\WinSxS\amd64_microsoft.windows.common-controls_6595b64144ccf1df_6.0.22621.5547_none_27104afb73855772;C:\Program Files\Java\jdk-21\bin\server

VM Arguments:
java_command: sid.service_admin.ServiceAdminApplication
java_class_path (initial): E:\ProjetSpringBoot\spring-cloud-gescom-api\microservice-administration\target\classes;C:\Users\USER01\.m2\repository\org\springframework\boot\spring-boot-starter-data-jpa\3.4.3\spring-boot-starter-data-jpa-3.4.3.jar;C:\Users\USER01\.m2\repository\org\springframework\boot\spring-boot-starter\3.4.3\spring-boot-starter-3.4.3.jar;C:\Users\USER01\.m2\repository\org\springframework\boot\spring-boot\3.4.3\spring-boot-3.4.3.jar;C:\Users\USER01\.m2\repository\org\springframework\boot\spring-boot-autoconfigure\3.4.3\spring-boot-autoconfigure-3.4.3.jar;C:\Users\USER01\.m2\repository\org\springframework\boot\spring-boot-starter-logging\3.4.3\spring-boot-starter-logging-3.4.3.jar;C:\Users\USER01\.m2\repository\ch\qos\logback\logback-classic\1.5.16\logback-classic-1.5.16.jar;C:\Users\USER01\.m2\repository\ch\qos\logback\logback-core\1.5.16\logback-core-1.5.16.jar;C:\Users\USER01\.m2\repository\org\apache\logging\log4j\log4j-to-slf4j\2.24.3\log4j-to-slf4j-2.24.3.jar;C:\Users\USER01\.m2\repository\org\apache\logging\log4j\log4j-api\2.24.3\log4j-api-2.24.3.jar;C:\Users\USER01\.m2\repository\org\slf4j\jul-to-slf4j\2.0.16\jul-to-slf4j-2.0.16.jar;C:\Users\USER01\.m2\repository\jakarta\annotation\jakarta.annotation-api\2.1.1\jakarta.annotation-api-2.1.1.jar;C:\Users\USER01\.m2\repository\org\yaml\snakeyaml\2.3\snakeyaml-2.3.jar;C:\Users\USER01\.m2\repository\org\springframework\boot\spring-boot-starter-jdbc\3.4.3\spring-boot-starter-jdbc-3.4.3.jar;C:\Users\USER01\.m2\repository\com\zaxxer\HikariCP\5.1.0\HikariCP-5.1.0.jar;C:\Users\USER01\.m2\repository\org\springframework\spring-jdbc\6.2.3\spring-jdbc-6.2.3.jar;C:\Users\USER01\.m2\repository\org\hibernate\orm\hibernate-core\6.6.8.Final\hibernate-core-6.6.8.Final.jar;C:\Users\USER01\.m2\repository\jakarta\persistence\jakarta.persistence-api\3.1.0\jakarta.persistence-api-3.1.0.jar;C:\Users\USER01\.m2\repository\jakarta\transaction\jakarta.transaction-api\2.0.1\jakarta.transaction-api-2.0.1.jar;C:\Users\USER01\.m2\repository\org\jboss\logging\jboss-logging\3.6.1.Final\jboss-logging-3.6.1.Final.jar;C:\Users\USER01\.m2\repository\org\hibernate\common\hibernate-commons-annotations\7.0.3.Final\hibernate-commons-annotations-7.0.3.Final.jar;C:\Users\USER01\.m2\repository\io\smallrye\jandex\3.2.0\jandex-3.2.0.jar;C:\Users\USER01\.m2\repository\com\fasterxml\classmate\1.7.0\classmate-1.7.0.jar;C:\Users\USER01\.m2\repository\net\bytebuddy\byte-buddy\1.15.11\byte-buddy-1.15.11.jar;C:\Users\USER01\.m2\repository\org\glassfish\jaxb\jaxb-runtime\4.0.5\jaxb-runtime-4.0.5.jar;C:\Users\USER01\.m2\repository\org\glassfish\jaxb\jaxb-core\4.0.5\jaxb-core-4.0.5.jar;C:\Users\USER01\.m2\repository\org\eclipse\angus\angus-activation\2.0.2\angus-activation-2.0.2.jar;C:\Users\USER01\.m2\repository\org\glassfish\jaxb\txw2\4.0.5\txw2-4.0.5.jar;C:\Users\USER01\.m2\repository\com\sun\istack\istack-commons-runtime\4.1.2\istack-commons-runtime-4.1.2.jar;C:\Users\USER01\.m2\repository\jakarta\inject\jakarta.inject-api\2.0.1\jakarta.inject-api-2.0.1.jar;C:\Users\USER01\.m2\repository\org\antlr\antlr4-runtime\4.13.0\antlr4-runtime-4.13.0.jar;C:\Users\USER01\.m2\repository\org\springframework\data\spring-data-jpa\3.4.3\spring-data-jpa-3.4.3.jar;C:\Users\USER01\.m2\repository\org\springframework\data\spring-data-commons\3.4.3\spring-data-commons-3.4.3.jar;C:\Users\USER01\.m2\repository\org\springframework\spring-orm\6.2.3\spring-orm-6.2.3.jar;C:\Users\USER01\.m2\repository\org\springframework\spring-context\6.2.3\spring-context-6.2.3.jar;C:\Users\USER01\.m2\repository\org\springframework\spring-aop\6.2.3\spring-aop-6.2.3.jar;C:\Users\USER01\.m2\repository\org\springframework\spring-tx\6.2.3\spring-tx-6.2.3.jar;C:\Users\USER01\.m2\repository\org\springframework\spring-beans\6.2.3\spring-beans-6.2.3.jar;C:\Users\USER01\.m2\repository\org\springframework\spring-aspects\6.2.3\spring-aspects-6.2.3.jar;C:\Users\USER01\.m2\repository\org\aspectj\aspectjweaver\1.9.22.1\aspectjweaver-1.9.22.1.jar;C:\Users\USER01\.m2\repository\org\springframework\boot\spring-boot-starter-web\3.4.3\spring-boot-starter-web-3.4.3.jar;C:\Users\USER01\.m2\repository\org\springframework\boot\spring-boot-starter-json\3.4.3\spring-boot-starter-json-3.4.3.jar;C:\Users\USER01\.m2\repository\com\fasterxml\jackson\datatype\jackson-datatype-jdk8\2.18.2\jackson-datatype-jdk8-2.18.2.jar;C:\Users\USER01\.m2\repository\com\fasterxml\jackson\datatype\jackson-datatype-jsr310\2.18.2\jackson-datatype-jsr310-2.18.2.jar;C:\Users\USER01\.m2\repository\com\fasterxml\jackson\module\jackson-module-parameter-names\2.18.2\jackson-module-parameter-names-2.18.2.jar;C:\Users\USER01\.m2\repository\org\springframework\boot\spring-boot-starter-tomcat\3.4.3\spring-boot-starter-tomcat-3.4.3.jar;C:\Users\USER01\.m2\repository\org\apache\tomcat\embed\tomcat-embed-core\10.1.36\tomcat-embed-core-10.1.36.jar;C:\Users\USER01\.m2\repository\org\apache\tomcat\embed\tomcat-embed-el\10.1.36\tomcat-embed-el-10.1.36.jar;C:\Users\USER01\.m2\repository\org\apache\tomcat\embed\tomcat-embed-websocket\10.1.36\tomcat-embed-websocket-10.1.36.jar;C:\Users\USER01\.m2\repository\org\springframework\spring-web\6.2.3\spring-web-6.2.3.jar;C:\Users\USER01\.m2\repository\org\springframework\spring-webmvc\6.2.3\spring-webmvc-6.2.3.jar;C:\Users\USER01\.m2\repository\org\springframework\spring-expression\6.2.3\spring-expression-6.2.3.jar;C:\Users\USER01\.m2\repository\com\mysql\mysql-connector-j\9.1.0\mysql-connector-j-9.1.0.jar;C:\Users\USER01\.m2\repository\org\projectlombok\lombok\1.18.36\lombok-1.18.36.jar;C:\Users\USER01\.m2\repository\jakarta\xml\bind\jakarta.xml.bind-api\4.0.2\jakarta.xml.bind-api-4.0.2.jar;C:\Users\USER01\.m2\repository\jakarta\activation\jakarta.activation-api\2.1.3\jakarta.activation-api-2.1.3.jar;C:\Users\USER01\.m2\repository\org\springframework\spring-core\6.2.3\spring-core-6.2.3.jar;C:\Users\USER01\.m2\repository\org\springframework\spring-jcl\6.2.3\spring-jcl-6.2.3.jar;C:\Users\USER01\.m2\repository\org\springframework\cloud\spring-cloud-starter-config\4.2.1\spring-cloud-starter-config-4.2.1.jar;C:\Users\USER01\.m2\repository\org\springframework\cloud\spring-cloud-starter\4.2.1\spring-cloud-starter-4.2.1.jar;C:\Users\USER01\.m2\repository\org\springframework\cloud\spring-cloud-context\4.2.1\spring-cloud-context-4.2.1.jar;C:\Users\USER01\.m2\repository\org\springframework\security\spring-security-crypto\6.4.3\spring-security-crypto-6.4.3.jar;C:\Users\USER01\.m2\repository\org\springframework\cloud\spring-cloud-commons\4.2.1\spring-cloud-commons-4.2.1.jar;C:\Users\USER01\.m2\repository\org\bouncycastle\bcprov-jdk18on\1.78.1\bcprov-jdk18on-1.78.1.jar;C:\Users\USER01\.m2\repository\org\springframework\cloud\spring-cloud-config-client\4.2.1\spring-cloud-config-client-4.2.1.jar;C:\Users\USER01\.m2\repository\com\fasterxml\jackson\core\jackson-annotations\2.18.2\jackson-annotations-2.18.2.jar;C:\Users\USER01\.m2\repository\org\apache\httpcomponents\client5\httpclient5\5.4.2\httpclient5-5.4.2.jar;C:\Users\USER01\.m2\repository\org\apache\httpcomponents\core5\httpcore5\5.3.3\httpcore5-5.3.3.jar;C:\Users\USER01\.m2\repository\org\apache\httpcomponents\core5\httpcore5-h2\5.3.3\httpcore5-h2-5.3.3.jar;C:\Users\USER01\.m2\repository\com\fasterxml\jackson\core\jackson-databind\2.18.2\jackson-databind-2.18.2.jar;C:\Users\USER01\.m2\repository\com\fasterxml\jackson\core\jackson-core\2.18.2\jackson-core-2.18.2.jar;C:\Users\USER01\.m2\repository\org\springframework\cloud\spring-cloud-starter-bootstrap\4.2.1\spring-cloud-starter-bootstrap-4.2.1.jar;C:\Users\USER01\.m2\repository\org\springframework\boot\spring-boot-starter-actuator\3.4.3\spring-boot-starter-actuator-3.4.3.jar;C:\Users\USER01\.m2\repository\org\springframework\boot\spring-boot-actuator-autoconfigure\3.4.3\spring-boot-actuator-autoconfigure-3.4.3.jar;C:\Users\USER01\.m2\repository\org\springframework\boot\spring-boot-actuator\3.4.3\spring-boot-actuator-3.4.3.jar;C:\Users\USER01\.m2\repository\io\micrometer\micrometer-observation\1.14.4\micrometer-observation-1.14.4.jar;C:\Users\USER01\.m2\repository\io\micrometer\micrometer-commons\1.14.4\micrometer-commons-1.14.4.jar;C:\Users\USER01\.m2\repository\io\micrometer\micrometer-jakarta9\1.14.4\micrometer-jakarta9-1.14.4.jar;C:\Users\USER01\.m2\repository\org\springframework\cloud\spring-cloud-starter-netflix-eureka-client\4.2.1\spring-cloud-starter-netflix-eureka-client-4.2.1.jar;C:\Users\USER01\.m2\repository\org\springframework\cloud\spring-cloud-netflix-eureka-client\4.2.1\spring-cloud-netflix-eureka-client-4.2.1.jar;C:\Users\USER01\.m2\repository\com\netflix\eureka\eureka-client\2.0.4\eureka-client-2.0.4.jar;C:\Users\USER01\.m2\repository\com\thoughtworks\xstream\xstream\1.4.20\xstream-1.4.20.jar;C:\Users\USER01\.m2\repository\io\github\x-stream\mxparser\1.2.2\mxparser-1.2.2.jar;C:\Users\USER01\.m2\repository\xmlpull\xmlpull\1.1.3.1\xmlpull-1.1.3.1.jar;C:\Users\USER01\.m2\repository\jakarta\ws\rs\jakarta.ws.rs-api\3.1.0\jakarta.ws.rs-api-3.1.0.jar;C:\Users\USER01\.m2\repository\com\netflix\spectator\spectator-api\1.7.3\spectator-api-1.7.3.jar;C:\Users\USER01\.m2\repository\org\apache\httpcomponents\httpclient\4.5.3\httpclient-4.5.3.jar;C:\Users\USER01\.m2\repository\org\apache\httpcomponents\httpcore\4.4.16\httpcore-4.4.16.jar;C:\Users\USER01\.m2\repository\commons-codec\commons-codec\1.17.2\commons-codec-1.17.2.jar;C:\Users\USER01\.m2\repository\commons-configuration\commons-configuration\1.10\commons-configuration-1.10.jar;C:\Users\USER01\.m2\repository\commons-lang\commons-lang\2.6\commons-lang-2.6.jar;C:\Users\USER01\.m2\repository\com\netflix\netflix-commons\netflix-eventbus\0.3.0\netflix-eventbus-0.3.0.jar;C:\Users\USER01\.m2\repository\com\netflix\netflix-commons\netflix-infix\0.3.0\netflix-infix-0.3.0.jar;C:\Users\USER01\.m2\repository\commons-jxpath\commons-jxpath\1.3\commons-jxpath-1.3.jar;C:\Users\USER01\.m2\repository\joda-time\joda-time\2.3\joda-time-2.3.jar;C:\Users\USER01\.m2\repository\org\antlr\antlr-runtime\3.4\antlr-runtime-3.4.jar;C:\Users\USER01\.m2\repository\org\antlr\stringtemplate\3.2.1\stringtemplate-3.2.1.jar;C:\Users\USER01\.m2\repository\antlr\antlr\2.7.7\antlr-2.7.7.jar;C:\Users\USER01\.m2\repository\com\google\guava\guava\14.0.1\guava-14.0.1.jar;C:\Users\USER01\.m2\repository\com\google\code\gson\gson\2.11.0\gson-2.11.0.jar;C:\Users\USER01\.m2\repository\com\google\errorprone\error_prone_annotations\2.27.0\error_prone_annotations-2.27.0.jar;C:\Users\USER01\.m2\repository\com\netflix\servo\servo-core\0.5.3\servo-core-0.5.3.jar;C:\Users\USER01\.m2\repository\org\apache\commons\commons-math\2.2\commons-math-2.2.jar;C:\Users\USER01\.m2\repository\javax\annotation\javax.annotation-api\1.2\javax.annotation-api-1.2.jar;C:\Users\USER01\.m2\repository\org\codehaus\jettison\jettison\1.5.4\jettison-1.5.4.jar;C:\Users\USER01\.m2\repository\org\springframework\cloud\spring-cloud-starter-loadbalancer\4.2.1\spring-cloud-starter-loadbalancer-4.2.1.jar;C:\Users\USER01\.m2\repository\org\springframework\cloud\spring-cloud-loadbalancer\4.2.1\spring-cloud-loadbalancer-4.2.1.jar;C:\Users\USER01\.m2\repository\io\projectreactor\reactor-core\3.7.3\reactor-core-3.7.3.jar;C:\Users\USER01\.m2\repository\org\reactivestreams\reactive-streams\1.0.4\reactive-streams-1.0.4.jar;C:\Users\USER01\.m2\repository\io\projectreactor\addons\reactor-extra\3.5.2\reactor-extra-3.5.2.jar;C:\Users\USER01\.m2\repository\org\springframework\boot\spring-boot-starter-cache\3.4.3\spring-boot-starter-cache-3.4.3.jar;C:\Users\USER01\.m2\repository\org\springframework\spring-context-support\6.2.3\spring-context-support-6.2.3.jar;C:\Users\USER01\.m2\repository\com\stoyanr\evictor\1.0.0\evictor-1.0.0.jar;C:\Users\USER01\.m2\repository\io\micrometer\micrometer-tracing-bridge-brave\1.4.3\micrometer-tracing-bridge-brave-1.4.3.jar;C:\Users\USER01\.m2\repository\io\micrometer\micrometer-tracing\1.4.3\micrometer-tracing-1.4.3.jar;C:\Users\USER01\.m2\repository\io\micrometer\context-propagation\1.1.2\context-propagation-1.1.2.jar;C:\Users\USER01\.m2\repository\aopalliance\aopalliance\1.0\aopalliance-1.0.jar;C:\Users\USER01\.m2\repository\org\slf4j\slf4j-api\2.0.16\slf4j-api-2.0.16.jar;C:\Users\USER01\.m2\repository\io\zipkin\brave\brave\6.0.3\brave-6.0.3.jar;C:\Users\USER01\.m2\repository\io\zipkin\brave\brave-context-slf4j\6.0.3\brave-context-slf4j-6.0.3.jar;C:\Users\USER01\.m2\repository\io\zipkin\brave\brave-instrumentation-http\6.0.3\brave-instrumentation-http-6.0.3.jar;C:\Users\USER01\.m2\repository\io\zipkin\aws\brave-propagation-aws\1.2.5\brave-propagation-aws-1.2.5.jar;C:\Users\USER01\.m2\repository\io\zipkin\contrib\brave-propagation-w3c\brave-propagation-tracecontext\0.2.0\brave-propagation-tracecontext-0.2.0.jar;C:\Users\USER01\.m2\repository\io\zipkin\reporter2\zipkin-reporter-brave\3.4.3\zipkin-reporter-brave-3.4.3.jar;C:\Users\USER01\.m2\repository\io\zipkin\reporter2\zipkin-reporter\3.4.3\zipkin-reporter-3.4.3.jar;C:\Users\USER01\.m2\repository\io\github\openfeign\feign-micrometer\13.5\feign-micrometer-13.5.jar;C:\Users\USER01\.m2\repository\io\github\openfeign\feign-core\13.5\feign-core-13.5.jar;C:\Users\USER01\.m2\repository\io\micrometer\micrometer-core\1.14.4\micrometer-core-1.14.4.jar;C:\Users\USER01\.m2\repository\org\hdrhistogram\HdrHistogram\2.2.2\HdrHistogram-2.2.2.jar;C:\Users\USER01\.m2\repository\org\latencyutils\LatencyUtils\2.0.3\LatencyUtils-2.0.3.jar;C:\Users\USER01\.m2\repository\io\jsonwebtoken\jjwt-api\0.11.5\jjwt-api-0.11.5.jar;C:\Users\USER01\.m2\repository\io\jsonwebtoken\jjwt-impl\0.11.5\jjwt-impl-0.11.5.jar;C:\Users\USER01\.m2\repository\io\jsonwebtoken\jjwt-jackson\0.11.5\jjwt-jackson-0.11.5.jar
Launcher Type: SUN_STANDARD

[Global flags]
     intx CICompilerCount                          = 4                                         {product} {ergonomic}
     uint ConcGCThreads                            = 3                                         {product} {ergonomic}
     uint G1ConcRefinementThreads                  = 10                                        {product} {ergonomic}
   size_t G1HeapRegionSize                         = 2097152                                   {product} {ergonomic}
    uintx GCDrainStackTargetSize                   = 64                                        {product} {ergonomic}
   size_t InitialHeapSize                          = 264241152                                 {product} {ergonomic}
   size_t MarkStackSize                            = 4194304                                   {product} {ergonomic}
   size_t MaxHeapSize                              = 4200595456                                {product} {ergonomic}
   size_t MaxNewSize                               = 2518679552                                {product} {ergonomic}
   size_t MinHeapDeltaBytes                        = 2097152                                   {product} {ergonomic}
   size_t MinHeapSize                              = 8388608                                   {product} {ergonomic}
    uintx NonNMethodCodeHeapSize                   = 5839372                                {pd product} {ergonomic}
    uintx NonProfiledCodeHeapSize                  = 122909434                              {pd product} {ergonomic}
    uintx ProfiledCodeHeapSize                     = 122909434                              {pd product} {ergonomic}
    uintx ReservedCodeCacheSize                    = 251658240                              {pd product} {ergonomic}
     bool SegmentedCodeCache                       = true                                      {product} {ergonomic}
   size_t SoftMaxHeapSize                          = 4200595456                             {manageable} {ergonomic}
     bool UseCompressedOops                        = true                           {product lp64_product} {ergonomic}
     bool UseG1GC                                  = true                                      {product} {ergonomic}
     bool UseLargePagesIndividualAllocation        = false                                  {pd product} {ergonomic}

Logging:
Log output configuration:
 #0: stdout all=warning uptime,level,tags foldmultilines=false
 #1: stderr all=off uptime,level,tags foldmultilines=false

Environment Variables:
JAVA_HOME=C:\Program Files\Java\jdk-21
PATH=E:\app\USER01\product\11.2.0\dbhome_1\bin;E:\app\USER01\product\11.1.0\db_2\bin;C:\Program Files\Common Files\Oracle\Java\javapath;C:\ProgramData\Oracle\Java\javapath;C:\WINDOWS\system32;C:\WINDOWS;C:\WINDOWS\System32\Wbem;C:\WINDOWS\System32\WindowsPowerShell\v1.0\;C:\WINDOWS\System32\OpenSSH\;C:\ProgramData\chocolatey\bin;C:\Program Files\Java\jdk-21\bin;C:\Program Files\TortoiseSVN\bin;C:\Program Files\Microsoft SQL Server\150\Tools\Binn\;C:\Program Files\nodejs\;E:\zenithe\Biometrie\Logiciel_enrolement;E:\MySQL\MySQL Server 5.0\bin;C:\Program Files\Git\cmd;C:\Program Files\Docker\Docker\resources\bin;E:\MongoDB\Server\8.0\bin;;C:\Program Files\Filestar;C:\ProgramData\Filestar\aliases;C:\Users\USER01\AppData\Local\Microsoft\WindowsApps;;C:\Users\USER01\AppData\Local\Programs\Microsoft VS Code\bin;C:\Users\USER01\AppData\Roaming\npm;C:\Users\USER01\AppData\Local\Programs\mongosh\;C:\Users\USER01\AppData\Local\Programs\cursor\resources\app\bin
USERNAME=USER01
OS=Windows_NT
PROCESSOR_IDENTIFIER=Intel64 Family 6 Model 154 Stepping 4, GenuineIntel
TMP=C:\Users\USER01\AppData\Local\Temp
TEMP=C:\Users\USER01\AppData\Local\Temp




Periodic native trim disabled

---------------  S Y S T E M  ---------------

OS:
 Windows 11 , 64 bit Build 22621 (10.0.22621.5415)
OS uptime: 2 days 0:19 hours
Hyper-V role detected

CPU: total 12 (initial active 12) (6 cores per cpu, 2 threads per core) family 6 model 154 stepping 4 microcode 0x437, cx8, cmov, fxsr, ht, mmx, 3dnowpref, sse, sse2, sse3, ssse3, sse4.1, sse4.2, popcnt, lzcnt, tsc, tscinvbit, avx, avx2, aes, erms, clmul, bmi1, bmi2, adx, sha, fma, vzeroupper, clflush, clflushopt, clwb, hv, serialize, rdtscp, rdpid, fsrm, f16c, cet_ibt, cet_ss
Processor Information for all 12 processors :
  Max Mhz: 1800, Current Mhz: 1800, Mhz Limit: 1800

Memory: 4k page, system-wide physical 16016M (449M free)
TotalPageFile size 32376M (AvailPageFile size 0M)
current process WorkingSet (physical memory assigned to process): 109M, peak: 109M
current process commit charge ("private bytes"): 374M, peak: 375M

vm_info: Java HotSpot(TM) 64-Bit Server VM (21.0.1+12-LTS-29) for windows-amd64 JRE (21.0.1+12-LTS-29), built on 2023-10-05T13:27:09Z by "mach5one" with MS VC++ 17.1 (VS2022)

END.
